Archive member included because of file (symbol)

B:\atmel_projects\RoverMission\library\libroverarduino.a(AFMotor.o)
                              missiontasks.o (AF_DCMotor::setSpeed(unsigned char))
B:\atmel_projects\RoverMission\library\libroverarduino.a(HardwareSerial.o)
                              main.o (Serial)
B:\atmel_projects\RoverMission\library\libroverarduino.a(Print.o)
                              B:\atmel_projects\RoverMission\library\libroverarduino.a(HardwareSerial.o) (Print::write(char const*))
B:\atmel_projects\RoverMission\library\libroverarduino.a(Wire.o)
                              compass.o (TwoWire::TwoWire())
B:\atmel_projects\RoverMission\library\libroverarduino.a(wiring.o)
                              missiontasks.o (millis)
B:\atmel_projects\RoverMission\library\libroverarduino.a(wiring_analog.o)
                              missiontasks.o (analogReference)
B:\atmel_projects\RoverMission\library\libroverarduino.a(wiring_digital.o)
                              main.o (pinMode)
B:\atmel_projects\RoverMission\library\libroverarduino.a(WString.o)
                              B:\atmel_projects\RoverMission\library\libroverarduino.a(Print.o) (String::operator[](unsigned int) const)
B:\atmel_projects\RoverMission\library\libroverarduino.a(cplusplushelper.o)
                              B:\atmel_projects\RoverMission\library\libroverarduino.a(HardwareSerial.o) (__cxa_pure_virtual)
B:\atmel_projects\RoverMission\library\libroverarduino.a(pins_arduino.o)
                              B:\atmel_projects\RoverMission\library\libroverarduino.a(wiring_digital.o) (port_to_mode_PGM)
B:\atmel_projects\RoverMission\library\libroverarduino.a(twi.o)
                              B:\atmel_projects\RoverMission\library\libroverarduino.a(Wire.o) (twi_init)
c:/program files/atmel/avr tools/avr toolchain/bin/../lib/gcc/avr/4.4.3/avr5\libgcc.a(_udivmodhi4.o)
                              missiontasks.o (__udivmodhi4)
c:/program files/atmel/avr tools/avr toolchain/bin/../lib/gcc/avr/4.4.3/avr5\libgcc.a(_divmodhi4.o)
                              missiontasks.o (__divmodhi4)
c:/program files/atmel/avr tools/avr toolchain/bin/../lib/gcc/avr/4.4.3/avr5\libgcc.a(_udivmodsi4.o)
                              B:\atmel_projects\RoverMission\library\libroverarduino.a(AFMotor.o) (__udivmodsi4)
c:/program files/atmel/avr tools/avr toolchain/bin/../lib/gcc/avr/4.4.3/avr5\libgcc.a(_exit.o)
                              c:/program files/atmel/avr tools/avr toolchain/bin/../lib/gcc/avr/4.4.3/../../../../avr/lib/avr5/crtm328p.o (exit)
c:/program files/atmel/avr tools/avr toolchain/bin/../lib/gcc/avr/4.4.3/avr5\libgcc.a(_copy_data.o)
                              main.o (__do_copy_data)
c:/program files/atmel/avr tools/avr toolchain/bin/../lib/gcc/avr/4.4.3/avr5\libgcc.a(_clear_bss.o)
                              main.o (__do_clear_bss)
c:/program files/atmel/avr tools/avr toolchain/bin/../lib/gcc/avr/4.4.3/avr5\libgcc.a(_ctors.o)
                              main.o (__do_global_ctors)
c:/program files/atmel/avr tools/avr toolchain/bin/../lib/gcc/avr/4.4.3/avr5\libgcc.a(_dtors.o)
                              missiontasks.o (__do_global_dtors)
c:/program files/atmel/avr tools/avr toolchain/bin/../lib/gcc/avr/4.4.3/avr5\libgcc.a(_fixunssfsi.o)
                              missiontasks.o (__fixunssfsi)
c:/program files/atmel/avr tools/avr toolchain/bin/../lib/gcc/avr/4.4.3/avr5\libgcc.a(_addsub_sf.o)
                              missiontasks.o (__subsf3)
c:/program files/atmel/avr tools/avr toolchain/bin/../lib/gcc/avr/4.4.3/avr5\libgcc.a(_mul_sf.o)
                              B:\atmel_projects\RoverMission\library\libroverarduino.a(Print.o) (__mulsf3)
c:/program files/atmel/avr tools/avr toolchain/bin/../lib/gcc/avr/4.4.3/avr5\libgcc.a(_div_sf.o)
                              B:\atmel_projects\RoverMission\library\libroverarduino.a(Print.o) (__divsf3)
c:/program files/atmel/avr tools/avr toolchain/bin/../lib/gcc/avr/4.4.3/avr5\libgcc.a(_ge_sf.o)
                              c:/program files/atmel/avr tools/avr toolchain/bin/../lib/gcc/avr/4.4.3/avr5\libgcc.a(_fixunssfsi.o) (__gesf2)
c:/program files/atmel/avr tools/avr toolchain/bin/../lib/gcc/avr/4.4.3/avr5\libgcc.a(_lt_sf.o)
                              B:\atmel_projects\RoverMission\library\libroverarduino.a(Print.o) (__ltsf2)
c:/program files/atmel/avr tools/avr toolchain/bin/../lib/gcc/avr/4.4.3/avr5\libgcc.a(_si_to_sf.o)
                              B:\atmel_projects\RoverMission\library\libroverarduino.a(Print.o) (__floatsisf)
c:/program files/atmel/avr tools/avr toolchain/bin/../lib/gcc/avr/4.4.3/avr5\libgcc.a(_sf_to_si.o)
                              B:\atmel_projects\RoverMission\library\libroverarduino.a(Print.o) (__fixsfsi)
c:/program files/atmel/avr tools/avr toolchain/bin/../lib/gcc/avr/4.4.3/avr5\libgcc.a(_thenan_sf.o)
[...]
Memory Configuration

Name             Origin             Length             Attributes
text             0x00000000         0x00020000         xr
data             0x00800060         0x0000ffa0         rw !x
eeprom           0x00810000         0x00010000         rw !x
fuse             0x00820000         0x00000400         rw !x
lock             0x00830000         0x00000400         rw !x
signature        0x00840000         0x00000400         rw !x
*default*        0x00000000         0xffffffff

Linker script and memory map

Address of section .data set to 0x800100
LOAD c:/program files/atmel/avr tools/avr toolchain/bin/../lib/gcc/avr/4.4.3/../../../../avr/lib/avr5/crtm328p.o
LOAD main.o
LOAD compass.o
LOAD missiontasks.o
LOAD pid.o
LOAD MissionConsole.o
LOAD B:\atmel_projects\RoverMission\library\libroverarduino.a
LOAD c:/program files/atmel/avr tools/avr toolchain/bin/../lib/gcc/avr/4.4.3/avr5\libgcc.a
LOAD c:/program files/atmel/avr tools/avr toolchain/bin/../lib/gcc/avr/4.4.3/../../../../avr/lib/avr5\libm.a
LOAD c:/program files/atmel/avr tools/avr toolchain/bin/../lib/gcc/avr/4.4.3/avr5\libgcc.a
LOAD c:/program files/atmel/avr tools/avr toolchain/bin/../lib/gcc/avr/4.4.3/../../../../avr/lib/avr5\libc.a
LOAD c:/program files/atmel/avr tools/avr toolchain/bin/../lib/gcc/avr/4.4.3/avr5\libgcc.a

.hash
 *(.hash)

.dynsym
 *(.dynsym)

.dynstr
 *(.dynstr)

.gnu.version
 *(.gnu.version)

.gnu.version_d
 *(.gnu.version_d)

.gnu.version_r
 *(.gnu.version_r)

.rel.init
 *(.rel.init)

.rela.init
 *(.rela.init)

.rel.text
 *(.rel.text)
 *(.rel.text.*)
 *(.rel.gnu.linkonce.t*)

.rela.text
 *(.rela.text)
 *(.rela.text.*)
 *(.rela.gnu.linkonce.t*)

.rel.fini
 *(.rel.fini)

.rela.fini
 *(.rela.fini)

.rel.rodata
 *(.rel.rodata)
 *(.rel.rodata.*)
 *(.rel.gnu.linkonce.r*)

.rela.rodata
 *(.rela.rodata)
 *(.rela.rodata.*)
 *(.rela.gnu.linkonce.r*)

.rel.data
 *(.rel.data)
 *(.rel.data.*)
 *(.rel.gnu.linkonce.d*)

.rela.data
 *(.rela.data)
 *(.rela.data.*)
 *(.rela.gnu.linkonce.d*)

.rel.ctors
 *(.rel.ctors)

.rela.ctors
 *(.rela.ctors)

.rel.dtors
 *(.rel.dtors)

.rela.dtors
 *(.rela.dtors)

.rel.got
 *(.rel.got)

.rela.got
 *(.rela.got)

.rel.bss
 *(.rel.bss)

.rela.bss
 *(.rela.bss)

.rel.plt
 *(.rel.plt)

.rela.plt
 *(.rela.plt)

.text           0x00000000     0x5f94
 *(.vectors)
 .vectors       0x00000000       0x68 c:/program files/atmel/avr tools/avr toolchain/bin/../lib/gcc/avr/4.4.3/../../../../avr/lib/avr5/crtm328p.o
                0x00000000                __vector_default
                0x00000000                __vectors
 *(.vectors)
 *(.progmem.gcc*)
 .progmem.gcc_sw_table
                0x00000068      0x192 B:\atmel_projects\RoverMission\library\libroverarduino.a(twi.o)
 *(.progmem*)
 .progmem.data  0x000001fa      0x800 missiontasks.o
 .progmem.data  0x000009fa       0x5a B:\atmel_projects\RoverMission\library\libroverarduino.a(pins_arduino.o)
                0x000009fa                port_to_mode_PGM
                0x00000a04                port_to_output_PGM
                0x00000a0e                port_to_input_PGM
                0x00000a18                digital_pin_to_port_PGM
                0x00000a2c                digital_pin_to_bit_mask_PGM
                0x00000a40                digital_pin_to_timer_PGM
                0x00000a54                . = ALIGN (0x2)
                0x00000a54                __trampolines_start = .
 *(.trampolines)
 .trampolines   0x00000a54        0x0 linker stubs
 *(.trampolines*)
                0x00000a54                __trampolines_end = .
 *(.jumptables)
 *(.jumptables*)
 *(.lowtext)
 *(.lowtext*)
                0x00000a54                __ctors_start = .
 *(.ctors)
 .ctors         0x00000a54        0x2 main.o
 .ctors         0x00000a56        0x2 missiontasks.o
 .ctors         0x00000a58        0x2 B:\atmel_projects\RoverMission\library\libroverarduino.a(AFMotor.o)
 .ctors         0x00000a5a        0x2 B:\atmel_projects\RoverMission\library\libroverarduino.a(HardwareSerial.o)
                0x00000a5c                __ctors_end = .
                0x00000a5c                __dtors_start = .
 *(.dtors)
 .dtors         0x00000a5c        0x2 missiontasks.o
                0x00000a5e                __dtors_end = .
 SORT(*)(.ctors)
 SORT(*)(.dtors)
 *(.init0)
 .init0         0x00000a5e        0x0 c:/program files/atmel/avr tools/avr toolchain/bin/../lib/gcc/avr/4.4.3/../../../../avr/lib/avr5/crtm328p.o
                0x00000a5e                __init
 *(.init0)
 *(.init1)
 *(.init1)
 *(.init2)
 .init2         0x00000a5e        0xc c:/program files/atmel/avr tools/avr toolchain/bin/../lib/gcc/avr/4.4.3/../../../../avr/lib/avr5/crtm328p.o
 *(.init2)
 *(.init3)
 *(.init3)
 *(.init4)
 .init4         0x00000a6a       0x16 c:/program files/atmel/avr tools/avr toolchain/bin/../lib/gcc/avr/4.4.3/avr5\libgcc.a(_copy_data.o)
                0x00000a6a                __do_copy_data
 .init4         0x00000a80       0x10 c:/program files/atmel/avr tools/avr toolchain/bin/../lib/gcc/avr/4.4.3/avr5\libgcc.a(_clear_bss.o)
                0x00000a80                __do_clear_bss
 *(.init4)
 *(.init5)
 *(.init5)
 *(.init6)
 .init6         0x00000a90       0x16 c:/program files/atmel/avr tools/avr toolchain/bin/../lib/gcc/avr/4.4.3/avr5\libgcc.a(_ctors.o)
                0x00000a90                __do_global_ctors
 *(.init6)
 *(.init7)
 *(.init7)
 *(.init8)
 *(.init8)
 *(.init9)
 .init9         0x00000aa6        0x8 c:/program files/atmel/avr tools/avr toolchain/bin/../lib/gcc/avr/4.4.3/../../../../avr/lib/avr5/crtm328p.o
 *(.init9)
 *(.text)
 .text          0x00000aae        0x4 c:/program files/atmel/avr tools/avr toolchain/bin/../lib/gcc/avr/4.4.3/../../../../avr/lib/avr5/crtm328p.o
                0x00000aae                __vector_22
                0x00000aae                __vector_1
                0x00000aae                __vector_12
                0x00000aae                __bad_interrupt
                0x00000aae                __vector_6
                0x00000aae                __vector_3
                0x00000aae                __vector_23
                0x00000aae                __vector_25
                0x00000aae                __vector_11
                0x00000aae                __vector_13
                0x00000aae                __vector_17
                0x00000aae                __vector_19
                0x00000aae                __vector_7
                0x00000aae                __vector_5
                0x00000aae                __vector_4
                0x00000aae                __vector_9
                0x00000aae                __vector_2
                0x00000aae                __vector_21
                0x00000aae                __vector_15
                0x00000aae                __vector_8
                0x00000aae                __vector_14
                0x00000aae                __vector_10
                0x00000aae                __vector_20
 .text          0x00000ab2        0x0 main.o
 .text          0x00000ab2        0x0 compass.o
 .text          0x00000ab2        0x0 missiontasks.o
 .text          0x00000ab2        0x0 pid.o
 .text          0x00000ab2        0x0 MissionConsole.o
 .text          0x00000ab2      0xa68 B:\atmel_projects\RoverMission\library\libroverarduino.a(AFMotor.o)
                0x00000ab2                AFMotorController::AFMotorController()
                0x00000ab4                AFMotorController::AFMotorController()
                0x00000ab6                AF_DCMotor::setSpeed(unsigned char)
                0x00000ae4                AF_Stepper::setSpeed(unsigned int)
                0x00000b24                AFMotorController::latch_tx()
                0x00000b8e                AF_Stepper::onestep(unsigned char, unsigned char)
                0x00000e0c                AF_Stepper::step(unsigned int, unsigned char, unsigned char)
                0x00000fb2                AF_Stepper::release()
                0x00000fe8                AF_DCMotor::run(unsigned char)
                0x000010cc                AFMotorController::enable()
                0x0000110a                AF_Stepper::AF_Stepper(unsigned int, unsigned char)
                0x00001214                AF_DCMotor::AF_DCMotor(unsigned char, unsigned char)
                0x00001312                AF_DCMotor::AF_DCMotor(unsigned char, unsigned char)
                0x00001410                AF_Stepper::AF_Stepper(unsigned int, unsigned char)
 .text          0x0000151a      0x39a B:\atmel_projects\RoverMission\library\libroverarduino.a(HardwareSerial.o)
                0x0000151a                __vector_18
                0x00001584                HardwareSerial::HardwareSerial(ring_buffer*, unsigned char volatile*, unsigned char volatile*, unsigned char volatile*, unsigned char volatile*, unsigned char volatile*, unsigned char, unsigned char, unsigned char, unsigned char, unsigned char)
                0x000015e4                HardwareSerial::HardwareSerial(ring_buffer*, unsigned char volatile*, unsigned char volatile*, unsigned char volatile*, unsigned char volatile*, unsigned char volatile*, unsigned char, unsigned char, unsigned char, unsigned char, unsigned char)
                0x00001644                HardwareSerial::begin(long)
                0x000016fc                HardwareSerial::end()
                0x00001754                HardwareSerial::available()
                0x0000177a                HardwareSerial::peek()
                0x000017b0                HardwareSerial::read()
                0x000017f8                HardwareSerial::flush()
                0x0000181a                HardwareSerial::write(unsigned char)
 .text          0x000018b4      0x5c2 B:\atmel_projects\RoverMission\library\libroverarduino.a(Print.o)
                0x000018b4                Print::write(char const*)
                0x000018ec                Print::write(unsigned char const*, unsigned int)
                0x00001932                Print::print(char const*)
                0x00001942                Print::print(String const&)
                0x000019a6                Print::printNumber(unsigned long, unsigned char)
                0x00001ada                Print::print(unsigned long, int)
                0x00001af8                Print::print(unsigned int, int)
                0x00001b06                Print::print(unsigned char, int)
                0x00001b16                Print::print(long, int)
                0x00001ba2                Print::print(int, int)
                0x00001bc8                Print::print(char, int)
                0x00001bd8                Print::println()
                0x00001c06                Print::println(unsigned long, int)
                0x00001c1c                Print::println(unsigned int, int)
                0x00001c3a                Print::println(unsigned char, int)
                0x00001c5a                Print::println(char const*)
                0x00001c70                Print::println(String const&)
                0x00001c86                Print::println(long, int)
                0x00001c9c                Print::println(int, int)
                0x00001cc2                Print::println(char, int)
                0x00001ce2                Print::printFloat(double, unsigned char)
                0x00001e5a                Print::print(double, int)
                0x00001e60                Print::println(double, int)
 .text          0x00001e76      0x236 B:\atmel_projects\RoverMission\library\libroverarduino.a(Wire.o)
                0x00001e76                TwoWire::TwoWire()
                0x00001e78                TwoWire::TwoWire()
                0x00001e7a                TwoWire::beginTransmission(unsigned char)
                0x00001e8e                TwoWire::beginTransmission(int)
                0x00001ea2                TwoWire::available()
                0x00001eae                TwoWire::receive()
                0x00001ed0                TwoWire::onReceiveService(unsigned char*, int)
                0x00001f2c                TwoWire::onRequestService()
                0x00001f44                TwoWire::onReceive(void (*)(int))
                0x00001f4e                TwoWire::onRequest(void (*)())
                0x00001f58                TwoWire::send(unsigned char)
                0x00001fae                TwoWire::send(int)
                0x00001fb4                TwoWire::send(unsigned char*, unsigned char)
                0x00002010                TwoWire::send(char*)
                0x00002028                TwoWire::endTransmission()
                0x00002048                TwoWire::requestFrom(unsigned char, unsigned char)
                0x00002062                TwoWire::requestFrom(int, int)
                0x00002068                TwoWire::begin()
                0x0000207e                TwoWire::begin(unsigned char)
                0x000020a6                TwoWire::begin(int)
 .text          0x000020ac      0x1da B:\atmel_projects\RoverMission\library\libroverarduino.a(wiring.o)
                0x000020ac                __vector_16
                0x0000213c                millis
                0x00002158                micros
                0x000021a6                delay
                0x000021fc                delayMicroseconds
                0x00002210                init
 .text          0x00002286      0x132 B:\atmel_projects\RoverMission\library\libroverarduino.a(wiring_analog.o)
                0x00002286                analogReference
                0x0000228c                analogRead
                0x000022ce                analogWrite
 .text          0x000023b8      0x18e B:\atmel_projects\RoverMission\library\libroverarduino.a(wiring_digital.o)
                0x000023b8                pinMode
                0x0000245c                digitalWrite
                0x000024de                digitalRead
 .text          0x00002546     0x1232 B:\atmel_projects\RoverMission\library\libroverarduino.a(WString.o)
                0x00002546                String::charAt(unsigned int) const
                0x00002556                String::setCharAt(unsigned int, char)
                0x00002574                String::operator[](unsigned int)
                0x0000259c                String::operator[](unsigned int) const
                0x000025ac                String::toInt()
                0x000025b8                String::toCharArray(char*, unsigned int)
                0x00002600                String::getBytes(unsigned char*, unsigned int)
                0x00002648                String::startsWith(String const&, unsigned int) const
                0x00002688                String::startsWith(String const&) const
                0x000026a8                String::lastIndexOf(char, unsigned int) const
                0x0000270e                String::lastIndexOf(char) const
                0x0000271e                String::indexOf(String const&, unsigned int) const
                0x0000275a                String::indexOf(String const&) const
                0x00002764                String::indexOf(char, unsigned int) const
                0x0000279c                String::indexOf(char) const
                0x000027a6                String::equals(String const&) const
                0x000027dc                String::endsWith(String const&) const
                0x0000281a                String::operator>=(String const&) const
                0x00002842                String::operator<=(String const&) const
                0x00002868                String::operator>(String const&) const
                0x0000288a                String::operator<(String const&) const
                0x000028ae                String::operator!=(String const&) const
                0x000028e4                String::operator==(String const&) const
                0x00002928                String::compareTo(String const&) const
                0x0000293a                String::operator+=(String const&)
                0x000029b6                String::concat(String const&)
                0x000029bc                String::operator=(String const&)
                0x00002a3a                String::String(unsigned char)
                0x00002aae                String::String(unsigned char)
                0x00002b22                String::String(char)
                0x00002b96                String::String(char)
                0x00002c0a                String::String(String const&)
                0x00002c58                String::String(String const&)
                0x00002ca6                String::String(unsigned long, int)
                0x00002d2c                String::String(unsigned long, int)
                0x00002db2                String::String(unsigned int, int)
                0x00002e36                String::String(unsigned int, int)
                0x00002eba                String::String(char const*)
                0x00002f22                String::toUpperCase() const
                0x00002f9e                String::toLowerCase() const
                0x0000301a                String::equalsIgnoreCase(String const&) const
                0x000030be                String::substring(unsigned int, unsigned int) const
                0x00003126                String::substring(unsigned int) const
                0x0000313e                String::lastIndexOf(String const&, unsigned int) const
                0x00003216                String::lastIndexOf(String const&) const
                0x0000322c                String::trim() const
                0x00003338                String::replace(String const&, String const&)
                0x00003484                String::replace(char, char)
                0x0000350c                String::String(char const*)
                0x00003574                String::String(long, int)
                0x000035f6                String::String(long, int)
                0x00003678                String::String(int, int)
                0x000036f8                String::String(int, int)
 .text          0x00003778       0x20 B:\atmel_projects\RoverMission\library\libroverarduino.a(cplusplushelper.o)
                0x00003778                __cxa_pure_virtual
                0x0000377a                __cxa_guard_acquire
                0x0000378e                __cxa_guard_release
                0x00003796                __cxa_guard_abort
 .text          0x00003798        0x0 B:\atmel_projects\RoverMission\library\libroverarduino.a(pins_arduino.o)
 .text          0x00003798      0x416 B:\atmel_projects\RoverMission\library\libroverarduino.a(twi.o)
                0x00003798                twi_init
                0x000037be                twi_setAddress
                0x000037c6                twi_readFrom
                0x00003838                twi_writeTo
                0x000038d8                twi_transmit
                0x00003914                twi_attachSlaveRxEvent
                0x0000391e                twi_attachSlaveTxEvent
                0x00003928                twi_reply
                0x0000393c                twi_stop
                0x00003950                twi_releaseBus
                0x0000395c                __vector_24
 .text          0x00003bae        0x0 c:/program files/atmel/avr tools/avr toolchain/bin/../lib/gcc/avr/4.4.3/avr5\libgcc.a(_udivmodhi4.o)
 .text          0x00003bae        0x0 c:/program files/atmel/avr tools/avr toolchain/bin/../lib/gcc/avr/4.4.3/avr5\libgcc.a(_divmodhi4.o)
 .text          0x00003bae        0x0 c:/program files/atmel/avr tools/avr toolchain/bin/../lib/gcc/avr/4.4.3/avr5\libgcc.a(_udivmodsi4.o)
 .text          0x00003bae        0x0 c:/program files/atmel/avr tools/avr toolchain/bin/../lib/gcc/avr/4.4.3/avr5\libgcc.a(_exit.o)
 .text          0x00003bae        0x0 c:/program files/atmel/avr tools/avr toolchain/bin/../lib/gcc/avr/4.4.3/avr5\libgcc.a(_copy_data.o)
 .text          0x00003bae        0x0 c:/program files/atmel/avr tools/avr toolchain/bin/../lib/gcc/avr/4.4.3/avr5\libgcc.a(_clear_bss.o)
 .text          0x00003bae        0x0 c:/program files/atmel/avr tools/avr toolchain/bin/../lib/gcc/avr/4.4.3/avr5\libgcc.a(_ctors.o)
 .text          0x00003bae        0x0 c:/program files/atmel/avr tools/avr toolchain/bin/../lib/gcc/avr/4.4.3/avr5\libgcc.a(_dtors.o)
 .text          0x00003bae       0x58 c:/program files/atmel/avr tools/avr toolchain/bin/../lib/gcc/avr/4.4.3/avr5\libgcc.a(_fixunssfsi.o)
                0x00003bae                __fixunssfsi
 .text          0x00003c06      0x35c c:/program files/atmel/avr tools/avr toolchain/bin/../lib/gcc/avr/4.4.3/avr5\libgcc.a(_addsub_sf.o)
                0x00003ea6                __subsf3
                0x00003f08                __addsf3
 .text          0x00003f62      0x1f0 c:/program files/atmel/avr tools/avr toolchain/bin/../lib/gcc/avr/4.4.3/avr5\libgcc.a(_mul_sf.o)
                0x00003f62                __mulsf3
 .text          0x00004152      0x15c c:/program files/atmel/avr tools/avr toolchain/bin/../lib/gcc/avr/4.4.3/avr5\libgcc.a(_div_sf.o)
                0x00004152                __divsf3
 .text          0x000042ae       0x60 c:/program files/atmel/avr tools/avr toolchain/bin/../lib/gcc/avr/4.4.3/avr5\libgcc.a(_ge_sf.o)
                0x000042ae                __gesf2
 .text          0x0000430e       0x60 c:/program files/atmel/avr tools/avr toolchain/bin/../lib/gcc/avr/4.4.3/avr5\libgcc.a(_lt_sf.o)
                0x0000430e                __ltsf2
 .text          0x0000436e       0xba c:/program files/atmel/avr tools/avr toolchain/bin/../lib/gcc/avr/4.4.3/avr5\libgcc.a(_si_to_sf.o)
                0x0000436e                __floatsisf
 .text          0x00004428       0xa6 c:/program files/atmel/avr tools/avr toolchain/bin/../lib/gcc/avr/4.4.3/avr5\libgcc.a(_sf_to_si.o)
                0x00004428                __fixsfsi
 .text          0x000044ce        0x0 c:/program files/atmel/avr tools/avr toolchain/bin/../lib/gcc/avr/4.4.3/avr5\libgcc.a(_thenan_sf.o)
 .text          0x000044ce       0xf0 c:/program files/atmel/avr tools/avr toolchain/bin/../lib/gcc/avr/4.4.3/avr5\libgcc.a(_usi_to_sf.o)
                0x000044ce                __floatunsisf
 .text          0x000045be        0x0 c:/program files/atmel/avr tools/avr toolchain/bin/../lib/gcc/avr/4.4.3/avr5\libgcc.a(_prologue.o)
 .text          0x000045be        0x0 c:/program files/atmel/avr tools/avr toolchain/bin/../lib/gcc/avr/4.4.3/avr5\libgcc.a(_epilogue.o)
 .text          0x000045be        0x0 c:/program files/atmel/avr tools/avr toolchain/bin/../lib/gcc/avr/4.4.3/avr5\libgcc.a(_tablejump.o)
 .text          0x000045be       0xb0 c:/program files/atmel/avr tools/avr toolchain/bin/../lib/gcc/avr/4.4.3/avr5\libgcc.a(_clzsi2.o)
                0x000045be                __clzsi2
 .text          0x0000466e      0x19e c:/program files/atmel/avr tools/avr toolchain/bin/../lib/gcc/avr/4.4.3/avr5\libgcc.a(_pack_sf.o)
                0x0000466e                __pack_f
 .text          0x0000480c       0xde c:/program files/atmel/avr tools/avr toolchain/bin/../lib/gcc/avr/4.4.3/avr5\libgcc.a(_unpack_sf.o)
                0x0000480c                __unpack_f
 .text          0x000048ea       0xbe c:/program files/atmel/avr tools/avr toolchain/bin/../lib/gcc/avr/4.4.3/avr5\libgcc.a(_fpcmp_parts_sf.o)
                0x000048ea                __fpcmp_parts_f
 .text          0x000049a8        0x0 c:/program files/atmel/avr tools/avr toolchain/bin/../lib/gcc/avr/4.4.3/avr5\libgcc.a(_clz.o)
 .text          0x000049a8        0x0 c:/program files/atmel/avr tools/avr toolchain/bin/../lib/gcc/avr/4.4.3/../../../../avr/lib/avr5\libc.a(calloc.o)
 .text          0x000049a8        0x0 c:/program files/atmel/avr tools/avr toolchain/bin/../lib/gcc/avr/4.4.3/../../../../avr/lib/avr5\libc.a(malloc.o)
 .text          0x000049a8        0x0 c:/program files/atmel/avr tools/avr toolchain/bin/../lib/gcc/avr/4.4.3/../../../../avr/lib/avr5\libc.a(realloc.o)
 .text          0x000049a8        0x0 c:/program files/atmel/avr tools/avr toolchain/bin/../lib/gcc/avr/4.4.3/../../../../avr/lib/avr5\libc.a(atol.o)
 .text          0x000049a8        0x0 c:/program files/atmel/avr tools/avr toolchain/bin/../lib/gcc/avr/4.4.3/../../../../avr/lib/avr5\libc.a(isspace.o)
 .text          0x000049a8        0x0 c:/program files/atmel/avr tools/avr toolchain/bin/../lib/gcc/avr/4.4.3/../../../../avr/lib/avr5\libc.a(tolower.o)
 .text          0x000049a8        0x0 c:/program files/atmel/avr tools/avr toolchain/bin/../lib/gcc/avr/4.4.3/../../../../avr/lib/avr5\libc.a(toupper.o)
 .text          0x000049a8        0x0 c:/program files/atmel/avr tools/avr toolchain/bin/../lib/gcc/avr/4.4.3/../../../../avr/lib/avr5\libc.a(memcpy.o)
 .text          0x000049a8        0x0 c:/program files/atmel/avr tools/avr toolchain/bin/../lib/gcc/avr/4.4.3/../../../../avr/lib/avr5\libc.a(memset.o)
 .text          0x000049a8        0x0 c:/program files/atmel/avr tools/avr toolchain/bin/../lib/gcc/avr/4.4.3/../../../../avr/lib/avr5\libc.a(strcat.o)
 .text          0x000049a8        0x0 c:/program files/atmel/avr tools/avr toolchain/bin/../lib/gcc/avr/4.4.3/../../../../avr/lib/avr5\libc.a(strchr.o)
 .text          0x000049a8        0x0 c:/program files/atmel/avr tools/avr toolchain/bin/../lib/gcc/avr/4.4.3/../../../../avr/lib/avr5\libc.a(strcmp.o)
 .text          0x000049a8        0x0 c:/program files/atmel/avr tools/avr toolchain/bin/../lib/gcc/avr/4.4.3/../../../../avr/lib/avr5\libc.a(strcpy.o)
 .text          0x000049a8        0x0 c:/program files/atmel/avr tools/avr toolchain/bin/../lib/gcc/avr/4.4.3/../../../../avr/lib/avr5\libc.a(strncmp.o)
 .text          0x000049a8        0x0 c:/program files/atmel/avr tools/avr toolchain/bin/../lib/gcc/avr/4.4.3/../../../../avr/lib/avr5\libc.a(strncpy.o)
 .text          0x000049a8        0x0 c:/program files/atmel/avr tools/avr toolchain/bin/../lib/gcc/avr/4.4.3/../../../../avr/lib/avr5\libc.a(strrchr.o)
 .text          0x000049a8        0x0 c:/program files/atmel/avr tools/avr toolchain/bin/../lib/gcc/avr/4.4.3/../../../../avr/lib/avr5\libc.a(strstr.o)
 .text          0x000049a8        0x0 c:/program files/atmel/avr tools/avr toolchain/bin/../lib/gcc/avr/4.4.3/../../../../avr/lib/avr5\libc.a(itoa.o)
 .text          0x000049a8        0x0 c:/program files/atmel/avr tools/avr toolchain/bin/../lib/gcc/avr/4.4.3/../../../../avr/lib/avr5\libc.a(ltoa.o)
 .text          0x000049a8        0x0 c:/program files/atmel/avr tools/avr toolchain/bin/../lib/gcc/avr/4.4.3/../../../../avr/lib/avr5\libc.a(mulsi10.o)
 .text          0x000049a8        0x0 c:/program files/atmel/avr tools/avr toolchain/bin/../lib/gcc/avr/4.4.3/../../../../avr/lib/avr5\libc.a(ultoa.o)
 .text          0x000049a8        0x0 c:/program files/atmel/avr tools/avr toolchain/bin/../lib/gcc/avr/4.4.3/../../../../avr/lib/avr5\libc.a(sprintf.o)
 .text          0x000049a8        0x0 c:/program files/atmel/avr tools/avr toolchain/bin/../lib/gcc/avr/4.4.3/../../../../avr/lib/avr5\libc.a(vfprintf_std.o)
 .text          0x000049a8        0x0 c:/program files/atmel/avr tools/avr toolchain/bin/../lib/gcc/avr/4.4.3/../../../../avr/lib/avr5\libc.a(cty_isfalse.o)
 .text          0x000049a8        0x0 c:/program files/atmel/avr tools/avr toolchain/bin/../lib/gcc/avr/4.4.3/../../../../avr/lib/avr5\libc.a(strnlen_P.o)
 .text          0x000049a8        0x0 c:/program files/atmel/avr tools/avr toolchain/bin/../lib/gcc/avr/4.4.3/../../../../avr/lib/avr5\libc.a(strnlen.o)
 .text          0x000049a8        0x0 c:/program files/atmel/avr tools/avr toolchain/bin/../lib/gcc/avr/4.4.3/../../../../avr/lib/avr5\libc.a(strrev.o)
 .text          0x000049a8        0x0 c:/program files/atmel/avr tools/avr toolchain/bin/../lib/gcc/avr/4.4.3/../../../../avr/lib/avr5\libc.a(fputc.o)
 .text          0x000049a8        0x0 c:/program files/atmel/avr tools/avr toolchain/bin/../lib/gcc/avr/4.4.3/../../../../avr/lib/avr5\libc.a(ultoa_invert.o)
                0x000049a8                . = ALIGN (0x2)
 *(.text.*)
 .text._GLOBAL__I_compass
                0x000049a8       0x5c main.o
 .text.main     0x00004a04       0x4a main.o
                0x00004a04                main
 .text._ZN14HMC6352compass14getLastHeadingEv
                0x00004a4e        0x8 compass.o
                0x00004a4e                HMC6352compass::getLastHeading()
 .text._ZN14HMC6352compass16enterCalibrationEv
                0x00004a56       0x9e compass.o
                0x00004a56                HMC6352compass::enterCalibration()
 .text._ZN14HMC6352compass10getHeadingEv
                0x00004af4       0x94 compass.o
                0x00004af4                HMC6352compass::getHeading()
 .text._ZN14HMC6352compassC1Ev
                0x00004b88       0x3e compass.o
                0x00004b88                HMC6352compass::HMC6352compass()
 .text._ZN14HMC6352compassC2Ev
                0x00004bc6       0x3e compass.o
                0x00004bc6                HMC6352compass::HMC6352compass()
 .text._Z11analyzeRoomPj
                0x00004c04        0x6 missiontasks.o
                0x00004c04                analyzeRoom(unsigned int*)
 .text._Z7readADCj
                0x00004c0a       0x44 missiontasks.o
                0x00004c0a                readADC(unsigned int)
 .text._Z15scanEnvironmentPj
                0x00004c4e       0xc4 missiontasks.o
                0x00004c4e                scanEnvironment(unsigned int*)
 .text._Z10goStraightjj
                0x00004d12      0x312 missiontasks.o
                0x00004d12                goStraight(unsigned int, unsigned int)
 .text.T.10     0x00005024       0x1e missiontasks.o
 .text._GLOBAL__I_debug
                0x00005042        0xa missiontasks.o
 .text._GLOBAL__D_debug
                0x0000504c        0xa missiontasks.o
 .text._ZN15CmissionconsoleC2Ev
                0x00005056       0x14 MissionConsole.o
                0x00005056                Cmissionconsole::Cmissionconsole()
 .text._ZN15CmissionconsoleC1Ev
                0x0000506a       0x14 MissionConsole.o
                0x0000506a                Cmissionconsole::Cmissionconsole()
 .text._ZN15CmissionconsoleD2Ev
                0x0000507e        0x2 MissionConsole.o
                0x0000507e                Cmissionconsole::~Cmissionconsole()
 .text._ZN15CmissionconsoleD1Ev
                0x00005080        0x2 MissionConsole.o
                0x00005080                Cmissionconsole::~Cmissionconsole()
 .text._ZN15Cmissionconsole6enableEv
                0x00005082        0xc MissionConsole.o
                0x00005082                Cmissionconsole::enable()
 .text._ZN15Cmissionconsole7disableEv
                0x0000508e        0x6 MissionConsole.o
                0x0000508e                Cmissionconsole::disable()
 .text._ZN15Cmissionconsole5writeEh
                0x00005094        0x2 MissionConsole.o
                0x00005094                Cmissionconsole::write(unsigned char)
 .text._ZN15Cmissionconsole5writeEPc
                0x00005096       0x1c MissionConsole.o
                0x00005096                Cmissionconsole::write(char*)
 .text._ZN15Cmissionconsole13mediumRangeIREj
                0x000050b2       0x7c MissionConsole.o
                0x000050b2                Cmissionconsole::mediumRangeIR(unsigned int)
 .text._ZN15Cmissionconsole11longRangeIREj
                0x0000512e       0x7c MissionConsole.o
                0x0000512e                Cmissionconsole::longRangeIR(unsigned int)
 .text._ZN15Cmissionconsole7adValueEj
                0x000051aa       0x7c MissionConsole.o
                0x000051aa                Cmissionconsole::adValue(unsigned int)
 .text.libgcc   0x00005226       0x28 c:/program files/atmel/avr tools/avr toolchain/bin/../lib/gcc/avr/4.4.3/avr5\libgcc.a(_udivmodhi4.o)
                0x00005226                __udivmodhi4
 .text.libgcc   0x0000524e       0x26 c:/program files/atmel/avr tools/avr toolchain/bin/../lib/gcc/avr/4.4.3/avr5\libgcc.a(_divmodhi4.o)
                0x0000524e                _div
                0x0000524e                __divmodhi4
 .text.libgcc   0x00005274       0x44 c:/program files/atmel/avr tools/avr toolchain/bin/../lib/gcc/avr/4.4.3/avr5\libgcc.a(_udivmodsi4.o)
                0x00005274                __udivmodsi4
 .text.libgcc   0x000052b8        0x0 c:/program files/atmel/avr tools/avr toolchain/bin/../lib/gcc/avr/4.4.3/avr5\libgcc.a(_exit.o)
 .text.libgcc   0x000052b8        0x0 c:/program files/atmel/avr tools/avr toolchain/bin/../lib/gcc/avr/4.4.3/avr5\libgcc.a(_copy_data.o)
 .text.libgcc   0x000052b8        0x0 c:/program files/atmel/avr tools/avr toolchain/bin/../lib/gcc/avr/4.4.3/avr5\libgcc.a(_clear_bss.o)
 .text.libgcc   0x000052b8        0x0 c:/program files/atmel/avr tools/avr toolchain/bin/../lib/gcc/avr/4.4.3/avr5\libgcc.a(_ctors.o)
 .text.libgcc   0x000052b8        0x0 c:/program files/atmel/avr tools/avr toolchain/bin/../lib/gcc/avr/4.4.3/avr5\libgcc.a(_dtors.o)
 .text.libgcc   0x000052b8       0x38 c:/program files/atmel/avr tools/avr toolchain/bin/../lib/gcc/avr/4.4.3/avr5\libgcc.a(_prologue.o)
                0x000052b8                __prologue_saves__
 .text.libgcc   0x000052f0       0x36 c:/program files/atmel/avr tools/avr toolchain/bin/../lib/gcc/avr/4.4.3/avr5\libgcc.a(_epilogue.o)
                0x000052f0                __epilogue_restores__
 .text.libgcc   0x00005326        0xc c:/program files/atmel/avr tools/avr toolchain/bin/../lib/gcc/avr/4.4.3/avr5\libgcc.a(_tablejump.o)
                0x00005326                __tablejump2__
                0x0000532a                __tablejump__
 .text.avr-libc
                0x00005332       0x4a c:/program files/atmel/avr tools/avr toolchain/bin/../lib/gcc/avr/4.4.3/../../../../avr/lib/avr5\libc.a(calloc.o)
                0x00005332                calloc
 .text.avr-libc
                0x0000537c      0x272 c:/program files/atmel/avr tools/avr toolchain/bin/../lib/gcc/avr/4.4.3/../../../../avr/lib/avr5\libc.a(malloc.o)
                0x0000537c                malloc
                0x000054c0                free
 .text.avr-libc
                0x000055ee      0x1a2 c:/program files/atmel/avr tools/avr toolchain/bin/../lib/gcc/avr/4.4.3/../../../../avr/lib/avr5\libc.a(realloc.o)
                0x000055ee                realloc
 .text.avr-libc
                0x00005790       0x4e c:/program files/atmel/avr tools/avr toolchain/bin/../lib/gcc/avr/4.4.3/../../../../avr/lib/avr5\libc.a(atol.o)
                0x00005790                atol
 .text.avr-libc
                0x000057de       0x10 c:/program files/atmel/avr tools/avr toolchain/bin/../lib/gcc/avr/4.4.3/../../../../avr/lib/avr5\libc.a(isspace.o)
                0x000057de                isspace
 .text.avr-libc
                0x000057ee       0x10 c:/program files/atmel/avr tools/avr toolchain/bin/../lib/gcc/avr/4.4.3/../../../../avr/lib/avr5\libc.a(tolower.o)
                0x000057ee                tolower
 .text.avr-libc
                0x000057fe       0x10 c:/program files/atmel/avr tools/avr toolchain/bin/../lib/gcc/avr/4.4.3/../../../../avr/lib/avr5\libc.a(toupper.o)
                0x000057fe                toupper
 .text.avr-libc
                0x0000580e       0x12 c:/program files/atmel/avr tools/avr toolchain/bin/../lib/gcc/avr/4.4.3/../../../../avr/lib/avr5\libc.a(memcpy.o)
                0x0000580e                memcpy
 .text.avr-libc
                0x00005820        0xe c:/program files/atmel/avr tools/avr toolchain/bin/../lib/gcc/avr/4.4.3/../../../../avr/lib/avr5\libc.a(memset.o)
                0x00005820                memset
 .text.avr-libc
                0x0000582e       0x16 c:/program files/atmel/avr tools/avr toolchain/bin/../lib/gcc/avr/4.4.3/../../../../avr/lib/avr5\libc.a(strcat.o)
                0x0000582e                strcat
 .text.avr-libc
                0x00005844       0x16 c:/program files/atmel/avr tools/avr toolchain/bin/../lib/gcc/avr/4.4.3/../../../../avr/lib/avr5\libc.a(strchr.o)
                0x00005844                strchr
 .text.avr-libc
                0x0000585a       0x12 c:/program files/atmel/avr tools/avr toolchain/bin/../lib/gcc/avr/4.4.3/../../../../avr/lib/avr5\libc.a(strcmp.o)
                0x0000585a                strcmp
 .text.avr-libc
                0x0000586c        0xe c:/program files/atmel/avr tools/avr toolchain/bin/../lib/gcc/avr/4.4.3/../../../../avr/lib/avr5\libc.a(strcpy.o)
                0x0000586c                strcpy
 .text.avr-libc
                0x0000587a       0x1c c:/program files/atmel/avr tools/avr toolchain/bin/../lib/gcc/avr/4.4.3/../../../../avr/lib/avr5\libc.a(strncmp.o)
                0x0000587a                strncmp
 .text.avr-libc
                0x00005896       0x1e c:/program files/atmel/avr tools/avr toolchain/bin/../lib/gcc/avr/4.4.3/../../../../avr/lib/avr5\libc.a(strncpy.o)
                0x00005896                strncpy
 .text.avr-libc
                0x000058b4       0x16 c:/program files/atmel/avr tools/avr toolchain/bin/../lib/gcc/avr/4.4.3/../../../../avr/lib/avr5\libc.a(strrchr.o)
                0x000058b4                strrchr
 .text.avr-libc
                0x000058ca       0x34 c:/program files/atmel/avr tools/avr toolchain/bin/../lib/gcc/avr/4.4.3/../../../../avr/lib/avr5\libc.a(strstr.o)
                0x000058ca                strstr
 .text.avr-libc
                0x000058fe       0x42 c:/program files/atmel/avr tools/avr toolchain/bin/../lib/gcc/avr/4.4.3/../../../../avr/lib/avr5\libc.a(itoa.o)
                0x000058fe                itoa
 .text.avr-libc
                0x00005940       0x68 c:/program files/atmel/avr tools/avr toolchain/bin/../lib/gcc/avr/4.4.3/../../../../avr/lib/avr5\libc.a(ltoa.o)
                0x00005940                ltoa
 .text.avr-libc
                0x000059a8       0x2a c:/program files/atmel/avr tools/avr toolchain/bin/../lib/gcc/avr/4.4.3/../../../../avr/lib/avr5\libc.a(mulsi10.o)
                0x000059a8                __mulsi_const_10
 .text.avr-libc
                0x000059d2       0x4a c:/program files/atmel/avr tools/avr toolchain/bin/../lib/gcc/avr/4.4.3/../../../../avr/lib/avr5\libc.a(ultoa.o)
                0x000059d2                ultoa
 .text.avr-libc
                0x00005a1c       0x46 c:/program files/atmel/avr tools/avr toolchain/bin/../lib/gcc/avr/4.4.3/../../../../avr/lib/avr5\libc.a(sprintf.o)
                0x00005a1c                sprintf
 .text.avr-libc
                0x00005a62      0x3b2 c:/program files/atmel/avr tools/avr toolchain/bin/../lib/gcc/avr/4.4.3/../../../../avr/lib/avr5\libc.a(vfprintf_std.o)
                0x00005a62                vfprintf
 .text.avr-libc
                0x00005e14        0x6 c:/program files/atmel/avr tools/avr toolchain/bin/../lib/gcc/avr/4.4.3/../../../../avr/lib/avr5\libc.a(cty_isfalse.o)
                0x00005e14                __ctype_isfalse
                0x00005e18                __ctype_istrue
 .text.avr-libc
                0x00005e1a       0x16 c:/program files/atmel/avr tools/avr toolchain/bin/../lib/gcc/avr/4.4.3/../../../../avr/lib/avr5\libc.a(strnlen_P.o)
                0x00005e1a                strnlen_P
 .text.avr-libc
                0x00005e30       0x16 c:/program files/atmel/avr tools/avr toolchain/bin/../lib/gcc/avr/4.4.3/../../../../avr/lib/avr5\libc.a(strnlen.o)
                0x00005e30                strnlen
 .text.avr-libc
                0x00005e46       0x20 c:/program files/atmel/avr tools/avr toolchain/bin/../lib/gcc/avr/4.4.3/../../../../avr/lib/avr5\libc.a(strrev.o)
                0x00005e46                strrev
 .text.avr-libc
                0x00005e66       0x58 c:/program files/atmel/avr tools/avr toolchain/bin/../lib/gcc/avr/4.4.3/../../../../avr/lib/avr5\libc.a(fputc.o)
                0x00005e66                fputc
 .text.avr-libc
                0x00005ebe       0xbc c:/program files/atmel/avr tools/avr toolchain/bin/../lib/gcc/avr/4.4.3/../../../../avr/lib/avr5\libc.a(ultoa_invert.o)
                0x00005ebe                __ultoa_invert
                0x00005f7a                . = ALIGN (0x2)
 *(.fini9)
 .fini9         0x00005f7a        0x0 c:/program files/atmel/avr tools/avr toolchain/bin/../lib/gcc/avr/4.4.3/avr5\libgcc.a(_exit.o)
                0x00005f7a                _exit
                0x00005f7a                exit
 *(.fini9)
 *(.fini8)
 *(.fini8)
 *(.fini7)
 *(.fini7)
 *(.fini6)
 .fini6         0x00005f7a       0x16 c:/program files/atmel/avr tools/avr toolchain/bin/../lib/gcc/avr/4.4.3/avr5\libgcc.a(_dtors.o)
                0x00005f7a                __do_global_dtors
 *(.fini6)
 *(.fini5)
 *(.fini5)
 *(.fini4)
 *(.fini4)
 *(.fini3)
 *(.fini3)
 *(.fini2)
 *(.fini2)
 *(.fini1)
 *(.fini1)
 *(.fini0)
 .fini0         0x00005f90        0x4 c:/program files/atmel/avr tools/avr toolchain/bin/../lib/gcc/avr/4.4.3/avr5\libgcc.a(_exit.o)
 *(.fini0)
                0x00005f94                _etext = .

.data           0x00800100      0x192 load address 0x00005f94
                0x00800100                PROVIDE (__data_start, .)
 *(.data)
 .data          0x00800100        0x0 c:/program files/atmel/avr tools/avr toolchain/bin/../lib/gcc/avr/4.4.3/../../../../avr/lib/avr5/crtm328p.o
 .data          0x00800100       0x13 main.o
 .data          0x00800113        0x0 compass.o
 .data          0x00800113        0x0 missiontasks.o
 .data          0x00800113        0x0 pid.o
 .data          0x00800113       0x2e MissionConsole.o
 .data          0x00800141       0x11 B:\atmel_projects\RoverMission\library\libroverarduino.a(AFMotor.o)
                0x00800141                microstepcurve
 .data          0x00800152       0x24 B:\atmel_projects\RoverMission\library\libroverarduino.a(HardwareSerial.o)
                0x00800152                vtable for HardwareSerial
                0x00800164                vtable for Stream
 .data          0x00800176        0xc B:\atmel_projects\RoverMission\library\libroverarduino.a(Print.o)
                0x00800178                vtable for Print
 .data          0x00800182        0x0 B:\atmel_projects\RoverMission\library\libroverarduino.a(Wire.o)
 .data          0x00800182        0x0 B:\atmel_projects\RoverMission\library\libroverarduino.a(wiring.o)
 .data          0x00800182        0x1 B:\atmel_projects\RoverMission\library\libroverarduino.a(wiring_analog.o)
                0x00800182                analog_reference
 .data          0x00800183        0x0 B:\atmel_projects\RoverMission\library\libroverarduino.a(wiring_digital.o)
 .data          0x00800183        0x1 B:\atmel_projects\RoverMission\library\libroverarduino.a(WString.o)
 .data          0x00800184        0x0 B:\atmel_projects\RoverMission\library\libroverarduino.a(cplusplushelper.o)
 .data          0x00800184        0x0 B:\atmel_projects\RoverMission\library\libroverarduino.a(pins_arduino.o)
 .data          0x00800184        0x0 B:\atmel_projects\RoverMission\library\libroverarduino.a(twi.o)
 .data          0x00800184        0x0 c:/program files/atmel/avr tools/avr toolchain/bin/../lib/gcc/avr/4.4.3/avr5\libgcc.a(_udivmodhi4.o)
 .data          0x00800184        0x0 c:/program files/atmel/avr tools/avr toolchain/bin/../lib/gcc/avr/4.4.3/avr5\libgcc.a(_divmodhi4.o)
 .data          0x00800184        0x0 c:/program files/atmel/avr tools/avr toolchain/bin/../lib/gcc/avr/4.4.3/avr5\libgcc.a(_udivmodsi4.o)
 .data          0x00800184        0x0 c:/program files/atmel/avr tools/avr toolchain/bin/../lib/gcc/avr/4.4.3/avr5\libgcc.a(_exit.o)
 .data          0x00800184        0x0 c:/program files/atmel/avr tools/avr toolchain/bin/../lib/gcc/avr/4.4.3/avr5\libgcc.a(_copy_data.o)
 .data          0x00800184        0x0 c:/program files/atmel/avr tools/avr toolchain/bin/../lib/gcc/avr/4.4.3/avr5\libgcc.a(_clear_bss.o)
 .data          0x00800184        0x0 c:/program files/atmel/avr tools/avr toolchain/bin/../lib/gcc/avr/4.4.3/avr5\libgcc.a(_ctors.o)
 .data          0x00800184        0x0 c:/program files/atmel/avr tools/avr toolchain/bin/../lib/gcc/avr/4.4.3/avr5\libgcc.a(_dtors.o)
 .data          0x00800184        0x0 c:/program files/atmel/avr tools/avr toolchain/bin/../lib/gcc/avr/4.4.3/avr5\libgcc.a(_fixunssfsi.o)
 .data          0x00800184        0x0 c:/program files/atmel/avr tools/avr toolchain/bin/../lib/gcc/avr/4.4.3/avr5\libgcc.a(_addsub_sf.o)
 .data          0x00800184        0x0 c:/program files/atmel/avr tools/avr toolchain/bin/../lib/gcc/avr/4.4.3/avr5\libgcc.a(_mul_sf.o)
 .data          0x00800184        0x0 c:/program files/atmel/avr tools/avr toolchain/bin/../lib/gcc/avr/4.4.3/avr5\libgcc.a(_div_sf.o)
 .data          0x00800184        0x0 c:/program files/atmel/avr tools/avr toolchain/bin/../lib/gcc/avr/4.4.3/avr5\libgcc.a(_ge_sf.o)
 .data          0x00800184        0x0 c:/program files/atmel/avr tools/avr toolchain/bin/../lib/gcc/avr/4.4.3/avr5\libgcc.a(_lt_sf.o)
 .data          0x00800184        0x0 c:/program files/atmel/avr tools/avr toolchain/bin/../lib/gcc/avr/4.4.3/avr5\libgcc.a(_si_to_sf.o)
 .data          0x00800184        0x0 c:/program files/atmel/avr tools/avr toolchain/bin/../lib/gcc/avr/4.4.3/avr5\libgcc.a(_sf_to_si.o)
 .data          0x00800184        0x8 c:/program files/atmel/avr tools/avr toolchain/bin/../lib/gcc/avr/4.4.3/avr5\libgcc.a(_thenan_sf.o)
                0x00800184                __thenan_sf
 .data          0x0080018c        0x0 c:/program files/atmel/avr tools/avr toolchain/bin/../lib/gcc/avr/4.4.3/avr5\libgcc.a(_usi_to_sf.o)
 .data          0x0080018c        0x0 c:/program files/atmel/avr tools/avr toolchain/bin/../lib/gcc/avr/4.4.3/avr5\libgcc.a(_prologue.o)
 .data          0x0080018c        0x0 c:/program files/atmel/avr tools/avr toolchain/bin/../lib/gcc/avr/4.4.3/avr5\libgcc.a(_epilogue.o)
 .data          0x0080018c        0x0 c:/program files/atmel/avr tools/avr toolchain/bin/../lib/gcc/avr/4.4.3/avr5\libgcc.a(_tablejump.o)
 .data          0x0080018c        0x0 c:/program files/atmel/avr tools/avr toolchain/bin/../lib/gcc/avr/4.4.3/avr5\libgcc.a(_clzsi2.o)
 .data          0x0080018c        0x0 c:/program files/atmel/avr tools/avr toolchain/bin/../lib/gcc/avr/4.4.3/avr5\libgcc.a(_pack_sf.o)
 .data          0x0080018c        0x0 c:/program files/atmel/avr tools/avr toolchain/bin/../lib/gcc/avr/4.4.3/avr5\libgcc.a(_unpack_sf.o)
 .data          0x0080018c        0x0 c:/program files/atmel/avr tools/avr toolchain/bin/../lib/gcc/avr/4.4.3/avr5\libgcc.a(_fpcmp_parts_sf.o)
 .data          0x0080018c      0x100 c:/program files/atmel/avr tools/avr toolchain/bin/../lib/gcc/avr/4.4.3/avr5\libgcc.a(_clz.o)
                0x0080018c                __clz_tab
 .data          0x0080028c        0x0 c:/program files/atmel/avr tools/avr toolchain/bin/../lib/gcc/avr/4.4.3/../../../../avr/lib/avr5\libc.a(calloc.o)
 .data          0x0080028c        0x6 c:/program files/atmel/avr tools/avr toolchain/bin/../lib/gcc/avr/4.4.3/../../../../avr/lib/avr5\libc.a(malloc.o)
                0x0080028c                __malloc_margin
                0x0080028e                __malloc_heap_start
                0x00800290                __malloc_heap_end
 .data          0x00800292        0x0 c:/program files/atmel/avr tools/avr toolchain/bin/../lib/gcc/avr/4.4.3/../../../../avr/lib/avr5\libc.a(realloc.o)
 .data          0x00800292        0x0 c:/program files/atmel/avr tools/avr toolchain/bin/../lib/gcc/avr/4.4.3/../../../../avr/lib/avr5\libc.a(atol.o)
 .data          0x00800292        0x0 c:/program files/atmel/avr tools/avr toolchain/bin/../lib/gcc/avr/4.4.3/../../../../avr/lib/avr5\libc.a(isspace.o)
 .data          0x00800292        0x0 c:/program files/atmel/avr tools/avr toolchain/bin/../lib/gcc/avr/4.4.3/../../../../avr/lib/avr5\libc.a(tolower.o)
 .data          0x00800292        0x0 c:/program files/atmel/avr tools/avr toolchain/bin/../lib/gcc/avr/4.4.3/../../../../avr/lib/avr5\libc.a(toupper.o)
 .data          0x00800292        0x0 c:/program files/atmel/avr tools/avr toolchain/bin/../lib/gcc/avr/4.4.3/../../../../avr/lib/avr5\libc.a(memcpy.o)
 .data          0x00800292        0x0 c:/program files/atmel/avr tools/avr toolchain/bin/../lib/gcc/avr/4.4.3/../../../../avr/lib/avr5\libc.a(memset.o)
 .data          0x00800292        0x0 c:/program files/atmel/avr tools/avr toolchain/bin/../lib/gcc/avr/4.4.3/../../../../avr/lib/avr5\libc.a(strcat.o)
 .data          0x00800292        0x0 c:/program files/atmel/avr tools/avr toolchain/bin/../lib/gcc/avr/4.4.3/../../../../avr/lib/avr5\libc.a(strchr.o)
 .data          0x00800292        0x0 c:/program files/atmel/avr tools/avr toolchain/bin/../lib/gcc/avr/4.4.3/../../../../avr/lib/avr5\libc.a(strcmp.o)
 .data          0x00800292        0x0 c:/program files/atmel/avr tools/avr toolchain/bin/../lib/gcc/avr/4.4.3/../../../../avr/lib/avr5\libc.a(strcpy.o)
 .data          0x00800292        0x0 c:/program files/atmel/avr tools/avr toolchain/bin/../lib/gcc/avr/4.4.3/../../../../avr/lib/avr5\libc.a(strncmp.o)
 .data          0x00800292        0x0 c:/program files/atmel/avr tools/avr toolchain/bin/../lib/gcc/avr/4.4.3/../../../../avr/lib/avr5\libc.a(strncpy.o)
 .data          0x00800292        0x0 c:/program files/atmel/avr tools/avr toolchain/bin/../lib/gcc/avr/4.4.3/../../../../avr/lib/avr5\libc.a(strrchr.o)
 .data          0x00800292        0x0 c:/program files/atmel/avr tools/avr toolchain/bin/../lib/gcc/avr/4.4.3/../../../../avr/lib/avr5\libc.a(strstr.o)
 .data          0x00800292        0x0 c:/program files/atmel/avr tools/avr toolchain/bin/../lib/gcc/avr/4.4.3/../../../../avr/lib/avr5\libc.a(itoa.o)
 .data          0x00800292        0x0 c:/program files/atmel/avr tools/avr toolchain/bin/../lib/gcc/avr/4.4.3/../../../../avr/lib/avr5\libc.a(ltoa.o)
 .data          0x00800292        0x0 c:/program files/atmel/avr tools/avr toolchain/bin/../lib/gcc/avr/4.4.3/../../../../avr/lib/avr5\libc.a(mulsi10.o)
 .data          0x00800292        0x0 c:/program files/atmel/avr tools/avr toolchain/bin/../lib/gcc/avr/4.4.3/../../../../avr/lib/avr5\libc.a(ultoa.o)
 .data          0x00800292        0x0 c:/program files/atmel/avr tools/avr toolchain/bin/../lib/gcc/avr/4.4.3/../../../../avr/lib/avr5\libc.a(sprintf.o)
 .data          0x00800292        0x0 c:/program files/atmel/avr tools/avr toolchain/bin/../lib/gcc/avr/4.4.3/../../../../avr/lib/avr5\libc.a(vfprintf_std.o)
 .data          0x00800292        0x0 c:/program files/atmel/avr tools/avr toolchain/bin/../lib/gcc/avr/4.4.3/../../../../avr/lib/avr5\libc.a(cty_isfalse.o)
 .data          0x00800292        0x0 c:/program files/atmel/avr tools/avr toolchain/bin/../lib/gcc/avr/4.4.3/../../../../avr/lib/avr5\libc.a(strnlen_P.o)
 .data          0x00800292        0x0 c:/program files/atmel/avr tools/avr toolchain/bin/../lib/gcc/avr/4.4.3/../../../../avr/lib/avr5\libc.a(strnlen.o)
 .data          0x00800292        0x0 c:/program files/atmel/avr tools/avr toolchain/bin/../lib/gcc/avr/4.4.3/../../../../avr/lib/avr5\libc.a(strrev.o)
 .data          0x00800292        0x0 c:/program files/atmel/avr tools/avr toolchain/bin/../lib/gcc/avr/4.4.3/../../../../avr/lib/avr5\libc.a(fputc.o)
 .data          0x00800292        0x0 c:/program files/atmel/avr tools/avr toolchain/bin/../lib/gcc/avr/4.4.3/../../../../avr/lib/avr5\libc.a(ultoa_invert.o)
 *(.data*)
 *(.rodata)
 *(.rodata*)
 *(.gnu.linkonce.d*)
                0x00800292                . = ALIGN (0x2)
                0x00800292                _edata = .
                0x00800292                PROVIDE (__data_end, .)

.bss            0x00800292      0x31b
                0x00800292                PROVIDE (__bss_start, .)
 *(.bss)
 .bss           0x00800292        0x0 c:/program files/atmel/avr tools/avr toolchain/bin/../lib/gcc/avr/4.4.3/../../../../avr/lib/avr5/crtm328p.o
 .bss           0x00800292      0x1bd main.o
                0x00800292                compass
                0x00800296                pid
                0x008002ae                EEPROM
                0x008002af                motor_l
                0x008002b1                motor_r
                0x008002b3                motor_s
                0x008002bf                room_map
 .bss           0x0080044f        0x0 compass.o
 .bss           0x0080044f        0x1 missiontasks.o
                0x0080044f                debug
 .bss           0x00800450        0x0 pid.o
 .bss           0x00800450        0x0 MissionConsole.o
 .bss           0x00800450        0x2 B:\atmel_projects\RoverMission\library\libroverarduino.a(AFMotor.o)
 .bss           0x00800452       0x97 B:\atmel_projects\RoverMission\library\libroverarduino.a(HardwareSerial.o)
                0x00800452                rx_buffer
                0x008004d6                Serial
 .bss           0x008004e9        0x0 B:\atmel_projects\RoverMission\library\libroverarduino.a(Print.o)
 .bss           0x008004e9       0x4a B:\atmel_projects\RoverMission\library\libroverarduino.a(Wire.o)
                0x008004e9                TwoWire::rxBuffer
                0x00800509                TwoWire::rxBufferIndex
                0x0080050a                TwoWire::rxBufferLength
                0x0080050b                TwoWire::txAddress
                0x0080050c                TwoWire::txBuffer
                0x0080052c                TwoWire::txBufferIndex
                0x0080052d                TwoWire::txBufferLength
                0x0080052e                TwoWire::transmitting
                0x0080052f                TwoWire::user_onRequest
                0x00800531                TwoWire::user_onReceive
 .bss           0x00800533        0x9 B:\atmel_projects\RoverMission\library\libroverarduino.a(wiring.o)
                0x00800533                timer0_overflow_count
                0x00800537                timer0_millis
 .bss           0x0080053c        0x0 B:\atmel_projects\RoverMission\library\libroverarduino.a(wiring_analog.o)
 .bss           0x0080053c        0x0 B:\atmel_projects\RoverMission\library\libroverarduino.a(wiring_digital.o)
 .bss           0x0080053c        0x1 B:\atmel_projects\RoverMission\library\libroverarduino.a(WString.o)
 .bss           0x0080053d        0x0 B:\atmel_projects\RoverMission\library\libroverarduino.a(cplusplushelper.o)
 .bss           0x0080053d        0x0 B:\atmel_projects\RoverMission\library\libroverarduino.a(pins_arduino.o)
 .bss           0x0080053d       0x6c B:\atmel_projects\RoverMission\library\libroverarduino.a(twi.o)
 .bss           0x008005a9        0x0 c:/program files/atmel/avr tools/avr toolchain/bin/../lib/gcc/avr/4.4.3/avr5\libgcc.a(_udivmodhi4.o)
 .bss           0x008005a9        0x0 c:/program files/atmel/avr tools/avr toolchain/bin/../lib/gcc/avr/4.4.3/avr5\libgcc.a(_divmodhi4.o)
 .bss           0x008005a9        0x0 c:/program files/atmel/avr tools/avr toolchain/bin/../lib/gcc/avr/4.4.3/avr5\libgcc.a(_udivmodsi4.o)
 .bss           0x008005a9        0x0 c:/program files/atmel/avr tools/avr toolchain/bin/../lib/gcc/avr/4.4.3/avr5\libgcc.a(_exit.o)
 .bss           0x008005a9        0x0 c:/program files/atmel/avr tools/avr toolchain/bin/../lib/gcc/avr/4.4.3/avr5\libgcc.a(_copy_data.o)
 .bss           0x008005a9        0x0 c:/program files/atmel/avr tools/avr toolchain/bin/../lib/gcc/avr/4.4.3/avr5\libgcc.a(_clear_bss.o)
 .bss           0x008005a9        0x0 c:/program files/atmel/avr tools/avr toolchain/bin/../lib/gcc/avr/4.4.3/avr5\libgcc.a(_ctors.o)
 .bss           0x008005a9        0x0 c:/program files/atmel/avr tools/avr toolchain/bin/../lib/gcc/avr/4.4.3/avr5\libgcc.a(_dtors.o)
 .bss           0x008005a9        0x0 c:/program files/atmel/avr tools/avr toolchain/bin/../lib/gcc/avr/4.4.3/avr5\libgcc.a(_fixunssfsi.o)
 .bss           0x008005a9        0x0 c:/program files/atmel/avr tools/avr toolchain/bin/../lib/gcc/avr/4.4.3/avr5\libgcc.a(_addsub_sf.o)
 .bss           0x008005a9        0x0 c:/program files/atmel/avr tools/avr toolchain/bin/../lib/gcc/avr/4.4.3/avr5\libgcc.a(_mul_sf.o)
 .bss           0x008005a9        0x0 c:/program files/atmel/avr tools/avr toolchain/bin/../lib/gcc/avr/4.4.3/avr5\libgcc.a(_div_sf.o)
 .bss           0x008005a9        0x0 c:/program files/atmel/avr tools/avr toolchain/bin/../lib/gcc/avr/4.4.3/avr5\libgcc.a(_ge_sf.o)
 .bss           0x008005a9        0x0 c:/program files/atmel/avr tools/avr toolchain/bin/../lib/gcc/avr/4.4.3/avr5\libgcc.a(_lt_sf.o)
 .bss           0x008005a9        0x0 c:/program files/atmel/avr tools/avr toolchain/bin/../lib/gcc/avr/4.4.3/avr5\libgcc.a(_si_to_sf.o)
 .bss           0x008005a9        0x0 c:/program files/atmel/avr tools/avr toolchain/bin/../lib/gcc/avr/4.4.3/avr5\libgcc.a(_sf_to_si.o)
 .bss           0x008005a9        0x0 c:/program files/atmel/avr tools/avr toolchain/bin/../lib/gcc/avr/4.4.3/avr5\libgcc.a(_thenan_sf.o)
 .bss           0x008005a9        0x0 c:/program files/atmel/avr tools/avr toolchain/bin/../lib/gcc/avr/4.4.3/avr5\libgcc.a(_usi_to_sf.o)
 .bss           0x008005a9        0x0 c:/program files/atmel/avr tools/avr toolchain/bin/../lib/gcc/avr/4.4.3/avr5\libgcc.a(_prologue.o)
 .bss           0x008005a9        0x0 c:/program files/atmel/avr tools/avr toolchain/bin/../lib/gcc/avr/4.4.3/avr5\libgcc.a(_epilogue.o)
 .bss           0x008005a9        0x0 c:/program files/atmel/avr tools/avr toolchain/bin/../lib/gcc/avr/4.4.3/avr5\libgcc.a(_tablejump.o)
 .bss           0x008005a9        0x0 c:/program files/atmel/avr tools/avr toolchain/bin/../lib/gcc/avr/4.4.3/avr5\libgcc.a(_clzsi2.o)
 .bss           0x008005a9        0x0 c:/program files/atmel/avr tools/avr toolchain/bin/../lib/gcc/avr/4.4.3/avr5\libgcc.a(_pack_sf.o)
 .bss           0x008005a9        0x0 c:/program files/atmel/avr tools/avr toolchain/bin/../lib/gcc/avr/4.4.3/avr5\libgcc.a(_unpack_sf.o)
 .bss           0x008005a9        0x0 c:/program files/atmel/avr tools/avr toolchain/bin/../lib/gcc/avr/4.4.3/avr5\libgcc.a(_fpcmp_parts_sf.o)
 .bss           0x008005a9        0x0 c:/program files/atmel/avr tools/avr toolchain/bin/../lib/gcc/avr/4.4.3/avr5\libgcc.a(_clz.o)
 .bss           0x008005a9        0x0 c:/program files/atmel/avr tools/avr toolchain/bin/../lib/gcc/avr/4.4.3/../../../../avr/lib/avr5\libc.a(calloc.o)
 .bss           0x008005a9        0x0 c:/program files/atmel/avr tools/avr toolchain/bin/../lib/gcc/avr/4.4.3/../../../../avr/lib/avr5\libc.a(malloc.o)
 .bss           0x008005a9        0x0 c:/program files/atmel/avr tools/avr toolchain/bin/../lib/gcc/avr/4.4.3/../../../../avr/lib/avr5\libc.a(realloc.o)
 .bss           0x008005a9        0x0 c:/program files/atmel/avr tools/avr toolchain/bin/../lib/gcc/avr/4.4.3/../../../../avr/lib/avr5\libc.a(atol.o)
 .bss           0x008005a9        0x0 c:/program files/atmel/avr tools/avr toolchain/bin/../lib/gcc/avr/4.4.3/../../../../avr/lib/avr5\libc.a(isspace.o)
 .bss           0x008005a9        0x0 c:/program files/atmel/avr tools/avr toolchain/bin/../lib/gcc/avr/4.4.3/../../../../avr/lib/avr5\libc.a(tolower.o)
 .bss           0x008005a9        0x0 c:/program files/atmel/avr tools/avr toolchain/bin/../lib/gcc/avr/4.4.3/../../../../avr/lib/avr5\libc.a(toupper.o)
 .bss           0x008005a9        0x0 c:/program files/atmel/avr tools/avr toolchain/bin/../lib/gcc/avr/4.4.3/../../../../avr/lib/avr5\libc.a(memcpy.o)
 .bss           0x008005a9        0x0 c:/program files/atmel/avr tools/avr toolchain/bin/../lib/gcc/avr/4.4.3/../../../../avr/lib/avr5\libc.a(memset.o)
 .bss           0x008005a9        0x0 c:/program files/atmel/avr tools/avr toolchain/bin/../lib/gcc/avr/4.4.3/../../../../avr/lib/avr5\libc.a(strcat.o)
 .bss           0x008005a9        0x0 c:/program files/atmel/avr tools/avr toolchain/bin/../lib/gcc/avr/4.4.3/../../../../avr/lib/avr5\libc.a(strchr.o)
 .bss           0x008005a9        0x0 c:/program files/atmel/avr tools/avr toolchain/bin/../lib/gcc/avr/4.4.3/../../../../avr/lib/avr5\libc.a(strcmp.o)
 .bss           0x008005a9        0x0 c:/program files/atmel/avr tools/avr toolchain/bin/../lib/gcc/avr/4.4.3/../../../../avr/lib/avr5\libc.a(strcpy.o)
 .bss           0x008005a9        0x0 c:/program files/atmel/avr tools/avr toolchain/bin/../lib/gcc/avr/4.4.3/../../../../avr/lib/avr5\libc.a(strncmp.o)
 .bss           0x008005a9        0x0 c:/program files/atmel/avr tools/avr toolchain/bin/../lib/gcc/avr/4.4.3/../../../../avr/lib/avr5\libc.a(strncpy.o)
 .bss           0x008005a9        0x0 c:/program files/atmel/avr tools/avr toolchain/bin/../lib/gcc/avr/4.4.3/../../../../avr/lib/avr5\libc.a(strrchr.o)
 .bss           0x008005a9        0x0 c:/program files/atmel/avr tools/avr toolchain/bin/../lib/gcc/avr/4.4.3/../../../../avr/lib/avr5\libc.a(strstr.o)
 .bss           0x008005a9        0x0 c:/program files/atmel/avr tools/avr toolchain/bin/../lib/gcc/avr/4.4.3/../../../../avr/lib/avr5\libc.a(itoa.o)
 .bss           0x008005a9        0x0 c:/program files/atmel/avr tools/avr toolchain/bin/../lib/gcc/avr/4.4.3/../../../../avr/lib/avr5\libc.a(ltoa.o)
 .bss           0x008005a9        0x0 c:/program files/atmel/avr tools/avr toolchain/bin/../lib/gcc/avr/4.4.3/../../../../avr/lib/avr5\libc.a(mulsi10.o)
 .bss           0x008005a9        0x0 c:/program files/atmel/avr tools/avr toolchain/bin/../lib/gcc/avr/4.4.3/../../../../avr/lib/avr5\libc.a(ultoa.o)
 .bss           0x008005a9        0x0 c:/program files/atmel/avr tools/avr toolchain/bin/../lib/gcc/avr/4.4.3/../../../../avr/lib/avr5\libc.a(sprintf.o)
 .bss           0x008005a9        0x0 c:/program files/atmel/avr tools/avr toolchain/bin/../lib/gcc/avr/4.4.3/../../../../avr/lib/avr5\libc.a(vfprintf_std.o)
 .bss           0x008005a9        0x0 c:/program files/atmel/avr tools/avr toolchain/bin/../lib/gcc/avr/4.4.3/../../../../avr/lib/avr5\libc.a(cty_isfalse.o)
 .bss           0x008005a9        0x0 c:/program files/atmel/avr tools/avr toolchain/bin/../lib/gcc/avr/4.4.3/../../../../avr/lib/avr5\libc.a(strnlen_P.o)
 .bss           0x008005a9        0x0 c:/program files/atmel/avr tools/avr toolchain/bin/../lib/gcc/avr/4.4.3/../../../../avr/lib/avr5\libc.a(strnlen.o)
 .bss           0x008005a9        0x0 c:/program files/atmel/avr tools/avr toolchain/bin/../lib/gcc/avr/4.4.3/../../../../avr/lib/avr5\libc.a(strrev.o)
 .bss           0x008005a9        0x0 c:/program files/atmel/avr tools/avr toolchain/bin/../lib/gcc/avr/4.4.3/../../../../avr/lib/avr5\libc.a(fputc.o)
 .bss           0x008005a9        0x0 c:/program files/atmel/avr tools/avr toolchain/bin/../lib/gcc/avr/4.4.3/../../../../avr/lib/avr5\libc.a(ultoa_invert.o)
 *(.bss*)
 *(COMMON)
 COMMON         0x008005a9        0x4 c:/program files/atmel/avr tools/avr toolchain/bin/../lib/gcc/avr/4.4.3/../../../../avr/lib/avr5\libc.a(malloc.o)
                0x008005a9                __brkval
                0x008005ab                __flp
                0x008005ad                PROVIDE (__bss_end, .)
                0x00005f94                __data_load_start = LOADADDR (.data)
                0x00006126                __data_load_end = (__data_load_start + SIZEOF (.data))

.noinit         0x008005ad        0x0
                0x008005ad                PROVIDE (__noinit_start, .)
 *(.noinit*)
                0x008005ad                PROVIDE (__noinit_end, .)
                0x008005ad                _end = .
                0x008005ad                PROVIDE (__heap_start, .)

.eeprom         0x00810000        0x0
 *(.eeprom*)
                0x00810000                __eeprom_end = .

.fuse
 *(.fuse)
 *(.lfuse)
 *(.hfuse)
 *(.efuse)

.lock
 *(.lock*)

.signature
 *(.signature*)

.stab           0x00000000     0x1f38
 *(.stab)
 .stab          0x00000000      0x6cc c:/program files/atmel/avr tools/avr toolchain/bin/../lib/gcc/avr/4.4.3/../../../../avr/lib/avr5/crtm328p.o
 .stab          0x000006cc      0x1e0 c:/program files/atmel/avr tools/avr toolchain/bin/../lib/gcc/avr/4.4.3/../../../../avr/lib/avr5\libc.a(atol.o)
                                0x1ec (size before relaxing)
 .stab          0x000008ac       0x9c c:/program files/atmel/avr tools/avr toolchain/bin/../lib/gcc/avr/4.4.3/../../../../avr/lib/avr5\libc.a(isspace.o)
                                 0xa8 (size before relaxing)
 .stab          0x00000948       0x9c c:/program files/atmel/avr tools/avr toolchain/bin/../lib/gcc/avr/4.4.3/../../../../avr/lib/avr5\libc.a(tolower.o)
                                 0xa8 (size before relaxing)
 .stab          0x000009e4       0x9c c:/program files/atmel/avr tools/avr toolchain/bin/../lib/gcc/avr/4.4.3/../../../../avr/lib/avr5\libc.a(toupper.o)
                                 0xa8 (size before relaxing)
 .stab          0x00000a80       0x84 c:/program files/atmel/avr tools/avr toolchain/bin/../lib/gcc/avr/4.4.3/../../../../avr/lib/avr5\libc.a(memcpy.o)
                                 0x90 (size before relaxing)
 .stab          0x00000b04       0x6c c:/program files/atmel/avr tools/avr toolchain/bin/../lib/gcc/avr/4.4.3/../../../../avr/lib/avr5\libc.a(memset.o)
                                 0x78 (size before relaxing)
 .stab          0x00000b70       0x9c c:/program files/atmel/avr tools/avr toolchain/bin/../lib/gcc/avr/4.4.3/../../../../avr/lib/avr5\libc.a(strcat.o)
                                 0xa8 (size before relaxing)
 .stab          0x00000c0c       0x9c c:/program files/atmel/avr tools/avr toolchain/bin/../lib/gcc/avr/4.4.3/../../../../avr/lib/avr5\libc.a(strchr.o)
                                 0xa8 (size before relaxing)
 .stab          0x00000ca8       0x84 c:/program files/atmel/avr tools/avr toolchain/bin/../lib/gcc/avr/4.4.3/../../../../avr/lib/avr5\libc.a(strcmp.o)
                                 0x90 (size before relaxing)
 .stab          0x00000d2c       0x6c c:/program files/atmel/avr tools/avr toolchain/bin/../lib/gcc/avr/4.4.3/../../../../avr/lib/avr5\libc.a(strcpy.o)
                                 0x78 (size before relaxing)
 .stab          0x00000d98       0xc0 c:/program files/atmel/avr tools/avr toolchain/bin/../lib/gcc/avr/4.4.3/../../../../avr/lib/avr5\libc.a(strncmp.o)
                                 0xcc (size before relaxing)
 .stab          0x00000e58       0xcc c:/program files/atmel/avr tools/avr toolchain/bin/../lib/gcc/avr/4.4.3/../../../../avr/lib/avr5\libc.a(strncpy.o)
                                 0xd8 (size before relaxing)
 .stab          0x00000f24       0x9c c:/program files/atmel/avr tools/avr toolchain/bin/../lib/gcc/avr/4.4.3/../../../../avr/lib/avr5\libc.a(strrchr.o)
                                 0xa8 (size before relaxing)
 .stab          0x00000fc0      0x150 c:/program files/atmel/avr tools/avr toolchain/bin/../lib/gcc/avr/4.4.3/../../../../avr/lib/avr5\libc.a(strstr.o)
                                0x15c (size before relaxing)
 .stab          0x00001110      0x1b0 c:/program files/atmel/avr tools/avr toolchain/bin/../lib/gcc/avr/4.4.3/../../../../avr/lib/avr5\libc.a(itoa.o)
                                0x1bc (size before relaxing)
 .stab          0x000012c0      0x294 c:/program files/atmel/avr tools/avr toolchain/bin/../lib/gcc/avr/4.4.3/../../../../avr/lib/avr5\libc.a(ltoa.o)
                                0x2a0 (size before relaxing)
 .stab          0x00001554      0x114 c:/program files/atmel/avr tools/avr toolchain/bin/../lib/gcc/avr/4.4.3/../../../../avr/lib/avr5\libc.a(mulsi10.o)
                                0x120 (size before relaxing)
 .stab          0x00001668      0x1e0 c:/program files/atmel/avr tools/avr toolchain/bin/../lib/gcc/avr/4.4.3/../../../../avr/lib/avr5\libc.a(ultoa.o)
                                0x1ec (size before relaxing)
 .stab          0x00001848       0x60 c:/program files/atmel/avr tools/avr toolchain/bin/../lib/gcc/avr/4.4.3/../../../../avr/lib/avr5\libc.a(cty_isfalse.o)
                                 0x6c (size before relaxing)
 .stab          0x000018a8       0x9c c:/program files/atmel/avr tools/avr toolchain/bin/../lib/gcc/avr/4.4.3/../../../../avr/lib/avr5\libc.a(strnlen_P.o)
                                 0xa8 (size before relaxing)
 .stab          0x00001944       0x9c c:/program files/atmel/avr tools/avr toolchain/bin/../lib/gcc/avr/4.4.3/../../../../avr/lib/avr5\libc.a(strnlen.o)
                                 0xa8 (size before relaxing)
 .stab          0x000019e0       0xd8 c:/program files/atmel/avr tools/avr toolchain/bin/../lib/gcc/avr/4.4.3/../../../../avr/lib/avr5\libc.a(strrev.o)
                                 0xe4 (size before relaxing)
 .stab          0x00001ab8      0x480 c:/program files/atmel/avr tools/avr toolchain/bin/../lib/gcc/avr/4.4.3/../../../../avr/lib/avr5\libc.a(ultoa_invert.o)
                                0x48c (size before relaxing)

.stabstr        0x00000000      0x8a9
 *(.stabstr)
 .stabstr       0x00000000      0x8a9 c:/program files/atmel/avr tools/avr toolchain/bin/../lib/gcc/avr/4.4.3/../../../../avr/lib/avr5/crtm328p.o

.stab.excl
 *(.stab.excl)

.stab.exclstr
 *(.stab.exclstr)

.stab.index
 *(.stab.index)

.stab.indexstr
 *(.stab.indexstr)

.comment
 *(.comment)

.debug
 *(.debug)

.line
 *(.line)

.debug_srcinfo
 *(.debug_srcinfo)

.debug_sfnames
 *(.debug_sfnames)

.debug_aranges  0x00000000      0x4d0
 *(.debug_aranges)
 .debug_aranges
                0x00000000       0x28 main.o
 .debug_aranges
                0x00000028       0x40 compass.o
 .debug_aranges
                0x00000068       0x50 missiontasks.o
 .debug_aranges
                0x000000b8       0x70 MissionConsole.o
 .debug_aranges
                0x00000128       0x20 B:\atmel_projects\RoverMission\library\libroverarduino.a(AFMotor.o)
 .debug_aranges
                0x00000148       0x20 B:\atmel_projects\RoverMission\library\libroverarduino.a(HardwareSerial.o)
 .debug_aranges
                0x00000168       0x20 B:\atmel_projects\RoverMission\library\libroverarduino.a(Print.o)
 .debug_aranges
                0x00000188       0x20 B:\atmel_projects\RoverMission\library\libroverarduino.a(Wire.o)
 .debug_aranges
                0x000001a8       0x20 B:\atmel_projects\RoverMission\library\libroverarduino.a(wiring.o)
 .debug_aranges
                0x000001c8       0x20 B:\atmel_projects\RoverMission\library\libroverarduino.a(wiring_analog.o)
 .debug_aranges
                0x000001e8       0x20 B:\atmel_projects\RoverMission\library\libroverarduino.a(wiring_digital.o)
 .debug_aranges
                0x00000208       0x20 B:\atmel_projects\RoverMission\library\libroverarduino.a(WString.o)
 .debug_aranges
                0x00000228       0x20 B:\atmel_projects\RoverMission\library\libroverarduino.a(cplusplushelper.o)
 .debug_aranges
                0x00000248       0x20 B:\atmel_projects\RoverMission\library\libroverarduino.a(twi.o)
 .debug_aranges
                0x00000268       0x20 c:/program files/atmel/avr tools/avr toolchain/bin/../lib/gcc/avr/4.4.3/avr5\libgcc.a(_fixunssfsi.o)
 .debug_aranges
                0x00000288       0x20 c:/program files/atmel/avr tools/avr toolchain/bin/../lib/gcc/avr/4.4.3/avr5\libgcc.a(_addsub_sf.o)
 .debug_aranges
                0x000002a8       0x20 c:/program files/atmel/avr tools/avr toolchain/bin/../lib/gcc/avr/4.4.3/avr5\libgcc.a(_mul_sf.o)
 .debug_aranges
                0x000002c8       0x20 c:/program files/atmel/avr tools/avr toolchain/bin/../lib/gcc/avr/4.4.3/avr5\libgcc.a(_div_sf.o)
 .debug_aranges
                0x000002e8       0x20 c:/program files/atmel/avr tools/avr toolchain/bin/../lib/gcc/avr/4.4.3/avr5\libgcc.a(_ge_sf.o)
 .debug_aranges
                0x00000308       0x20 c:/program files/atmel/avr tools/avr toolchain/bin/../lib/gcc/avr/4.4.3/avr5\libgcc.a(_lt_sf.o)
 .debug_aranges
                0x00000328       0x20 c:/program files/atmel/avr tools/avr toolchain/bin/../lib/gcc/avr/4.4.3/avr5\libgcc.a(_si_to_sf.o)
 .debug_aranges
                0x00000348       0x20 c:/program files/atmel/avr tools/avr toolchain/bin/../lib/gcc/avr/4.4.3/avr5\libgcc.a(_sf_to_si.o)
 .debug_aranges
                0x00000368       0x20 c:/program files/atmel/avr tools/avr toolchain/bin/../lib/gcc/avr/4.4.3/avr5\libgcc.a(_usi_to_sf.o)
 .debug_aranges
                0x00000388       0x20 c:/program files/atmel/avr tools/avr toolchain/bin/../lib/gcc/avr/4.4.3/avr5\libgcc.a(_clzsi2.o)
 .debug_aranges
                0x000003a8       0x20 c:/program files/atmel/avr tools/avr toolchain/bin/../lib/gcc/avr/4.4.3/avr5\libgcc.a(_pack_sf.o)
 .debug_aranges
                0x000003c8       0x20 c:/program files/atmel/avr tools/avr toolchain/bin/../lib/gcc/avr/4.4.3/avr5\libgcc.a(_unpack_sf.o)
 .debug_aranges
                0x000003e8       0x20 c:/program files/atmel/avr tools/avr toolchain/bin/../lib/gcc/avr/4.4.3/avr5\libgcc.a(_fpcmp_parts_sf.o)
 .debug_aranges
                0x00000408       0x20 c:/program files/atmel/avr tools/avr toolchain/bin/../lib/gcc/avr/4.4.3/../../../../avr/lib/avr5\libc.a(calloc.o)
 .debug_aranges
                0x00000428       0x28 c:/program files/atmel/avr tools/avr toolchain/bin/../lib/gcc/avr/4.4.3/../../../../avr/lib/avr5\libc.a(malloc.o)
 .debug_aranges
                0x00000450       0x20 c:/program files/atmel/avr tools/avr toolchain/bin/../lib/gcc/avr/4.4.3/../../../../avr/lib/avr5\libc.a(realloc.o)
 .debug_aranges
                0x00000470       0x20 c:/program files/atmel/avr tools/avr toolchain/bin/../lib/gcc/avr/4.4.3/../../../../avr/lib/avr5\libc.a(sprintf.o)
 .debug_aranges
                0x00000490       0x20 c:/program files/atmel/avr tools/avr toolchain/bin/../lib/gcc/avr/4.4.3/../../../../avr/lib/avr5\libc.a(vfprintf_std.o)
 .debug_aranges
                0x000004b0       0x20 c:/program files/atmel/avr tools/avr toolchain/bin/../lib/gcc/avr/4.4.3/../../../../avr/lib/avr5\libc.a(fputc.o)

.debug_pubnames
                0x00000000     0x150c
 *(.debug_pubnames)
 .debug_pubnames
                0x00000000       0x6b main.o
 .debug_pubnames
                0x0000006b       0xbf compass.o
 .debug_pubnames
                0x0000012a       0x5b missiontasks.o
 .debug_pubnames
                0x00000185      0x178 MissionConsole.o
 .debug_pubnames
                0x000002fd      0x1ac B:\atmel_projects\RoverMission\library\libroverarduino.a(AFMotor.o)
 .debug_pubnames
                0x000004a9      0x137 B:\atmel_projects\RoverMission\library\libroverarduino.a(HardwareSerial.o)
 .debug_pubnames
                0x000005e0      0x1b8 B:\atmel_projects\RoverMission\library\libroverarduino.a(Print.o)
 .debug_pubnames
                0x00000798      0x2e3 B:\atmel_projects\RoverMission\library\libroverarduino.a(Wire.o)
 .debug_pubnames
                0x00000a7b       0x8d B:\atmel_projects\RoverMission\library\libroverarduino.a(wiring.o)
 .debug_pubnames
                0x00000b08       0x5a B:\atmel_projects\RoverMission\library\libroverarduino.a(wiring_analog.o)
 .debug_pubnames
                0x00000b62       0x3f B:\atmel_projects\RoverMission\library\libroverarduino.a(wiring_digital.o)
 .debug_pubnames
                0x00000ba1      0x46e B:\atmel_projects\RoverMission\library\libroverarduino.a(WString.o)
 .debug_pubnames
                0x0000100f       0x6f B:\atmel_projects\RoverMission\library\libroverarduino.a(cplusplushelper.o)
 .debug_pubnames
                0x0000107e       0xad B:\atmel_projects\RoverMission\library\libroverarduino.a(pins_arduino.o)
 .debug_pubnames
                0x0000112b       0xd8 B:\atmel_projects\RoverMission\library\libroverarduino.a(twi.o)
 .debug_pubnames
                0x00001203       0x23 c:/program files/atmel/avr tools/avr toolchain/bin/../lib/gcc/avr/4.4.3/avr5\libgcc.a(_fixunssfsi.o)
 .debug_pubnames
                0x00001226       0x2c c:/program files/atmel/avr tools/avr toolchain/bin/../lib/gcc/avr/4.4.3/avr5\libgcc.a(_addsub_sf.o)
 .debug_pubnames
                0x00001252       0x1f c:/program files/atmel/avr tools/avr toolchain/bin/../lib/gcc/avr/4.4.3/avr5\libgcc.a(_mul_sf.o)
 .debug_pubnames
                0x00001271       0x1f c:/program files/atmel/avr tools/avr toolchain/bin/../lib/gcc/avr/4.4.3/avr5\libgcc.a(_div_sf.o)
 .debug_pubnames
                0x00001290       0x1e c:/program files/atmel/avr tools/avr toolchain/bin/../lib/gcc/avr/4.4.3/avr5\libgcc.a(_ge_sf.o)
 .debug_pubnames
                0x000012ae       0x1e c:/program files/atmel/avr tools/avr toolchain/bin/../lib/gcc/avr/4.4.3/avr5\libgcc.a(_lt_sf.o)
 .debug_pubnames
                0x000012cc       0x22 c:/program files/atmel/avr tools/avr toolchain/bin/../lib/gcc/avr/4.4.3/avr5\libgcc.a(_si_to_sf.o)
 .debug_pubnames
                0x000012ee       0x20 c:/program files/atmel/avr tools/avr toolchain/bin/../lib/gcc/avr/4.4.3/avr5\libgcc.a(_sf_to_si.o)
 .debug_pubnames
                0x0000130e       0x22 c:/program files/atmel/avr tools/avr toolchain/bin/../lib/gcc/avr/4.4.3/avr5\libgcc.a(_thenan_sf.o)
 .debug_pubnames
                0x00001330       0x24 c:/program files/atmel/avr tools/avr toolchain/bin/../lib/gcc/avr/4.4.3/avr5\libgcc.a(_usi_to_sf.o)
 .debug_pubnames
                0x00001354       0x1f c:/program files/atmel/avr tools/avr toolchain/bin/../lib/gcc/avr/4.4.3/avr5\libgcc.a(_clzsi2.o)
 .debug_pubnames
                0x00001373       0x1f c:/program files/atmel/avr tools/avr toolchain/bin/../lib/gcc/avr/4.4.3/avr5\libgcc.a(_pack_sf.o)
 .debug_pubnames
                0x00001392       0x21 c:/program files/atmel/avr tools/avr toolchain/bin/../lib/gcc/avr/4.4.3/avr5\libgcc.a(_unpack_sf.o)
 .debug_pubnames
                0x000013b3       0x26 c:/program files/atmel/avr tools/avr toolchain/bin/../lib/gcc/avr/4.4.3/avr5\libgcc.a(_fpcmp_parts_sf.o)
 .debug_pubnames
                0x000013d9       0x20 c:/program files/atmel/avr tools/avr toolchain/bin/../lib/gcc/avr/4.4.3/avr5\libgcc.a(_clz.o)
 .debug_pubnames
                0x000013f9       0x1d c:/program files/atmel/avr tools/avr toolchain/bin/../lib/gcc/avr/4.4.3/../../../../avr/lib/avr5\libc.a(calloc.o)
 .debug_pubnames
                0x00001416       0x7f c:/program files/atmel/avr tools/avr toolchain/bin/../lib/gcc/avr/4.4.3/../../../../avr/lib/avr5\libc.a(malloc.o)
 .debug_pubnames
                0x00001495       0x1e c:/program files/atmel/avr tools/avr toolchain/bin/../lib/gcc/avr/4.4.3/../../../../avr/lib/avr5\libc.a(realloc.o)
 .debug_pubnames
                0x000014b3       0x1e c:/program files/atmel/avr tools/avr toolchain/bin/../lib/gcc/avr/4.4.3/../../../../avr/lib/avr5\libc.a(sprintf.o)
 .debug_pubnames
                0x000014d1       0x1f c:/program files/atmel/avr tools/avr toolchain/bin/../lib/gcc/avr/4.4.3/../../../../avr/lib/avr5\libc.a(vfprintf_std.o)
 .debug_pubnames
                0x000014f0       0x1c c:/program files/atmel/avr tools/avr toolchain/bin/../lib/gcc/avr/4.4.3/../../../../avr/lib/avr5\libc.a(fputc.o)

.debug_info     0x00000000     0xe024
 *(.debug_info)
 .debug_info    0x00000000     0x1a43 main.o
 .debug_info    0x00001a43     0x1603 compass.o
 .debug_info    0x00003046     0x1551 missiontasks.o
 .debug_info    0x00004597        0x0 pid.o
 .debug_info    0x00004597     0x1542 MissionConsole.o
 .debug_info    0x00005ad9      0xb10 B:\atmel_projects\RoverMission\library\libroverarduino.a(AFMotor.o)
 .debug_info    0x000065e9      0x8a7 B:\atmel_projects\RoverMission\library\libroverarduino.a(HardwareSerial.o)
 .debug_info    0x00006e90     0x1288 B:\atmel_projects\RoverMission\library\libroverarduino.a(Print.o)
 .debug_info    0x00008118      0x88f B:\atmel_projects\RoverMission\library\libroverarduino.a(Wire.o)
 .debug_info    0x000089a7      0x1fd B:\atmel_projects\RoverMission\library\libroverarduino.a(wiring.o)
 .debug_info    0x00008ba4      0x1b6 B:\atmel_projects\RoverMission\library\libroverarduino.a(wiring_analog.o)
 .debug_info    0x00008d5a      0x4b1 B:\atmel_projects\RoverMission\library\libroverarduino.a(wiring_digital.o)
 .debug_info    0x0000920b     0x1995 B:\atmel_projects\RoverMission\library\libroverarduino.a(WString.o)
 .debug_info    0x0000aba0       0xc9 B:\atmel_projects\RoverMission\library\libroverarduino.a(cplusplushelper.o)
 .debug_info    0x0000ac69      0x168 B:\atmel_projects\RoverMission\library\libroverarduino.a(pins_arduino.o)
 .debug_info    0x0000add1      0x4d1 B:\atmel_projects\RoverMission\library\libroverarduino.a(twi.o)
 .debug_info    0x0000b2a2       0xb1 c:/program files/atmel/avr tools/avr toolchain/bin/../lib/gcc/avr/4.4.3/avr5\libgcc.a(_fixunssfsi.o)
 .debug_info    0x0000b353      0x470 c:/program files/atmel/avr tools/avr toolchain/bin/../lib/gcc/avr/4.4.3/avr5\libgcc.a(_addsub_sf.o)
 .debug_info    0x0000b7c3      0x417 c:/program files/atmel/avr tools/avr toolchain/bin/../lib/gcc/avr/4.4.3/avr5\libgcc.a(_mul_sf.o)
 .debug_info    0x0000bbda      0x38c c:/program files/atmel/avr tools/avr toolchain/bin/../lib/gcc/avr/4.4.3/avr5\libgcc.a(_div_sf.o)
 .debug_info    0x0000bf66      0x27f c:/program files/atmel/avr tools/avr toolchain/bin/../lib/gcc/avr/4.4.3/avr5\libgcc.a(_ge_sf.o)
 .debug_info    0x0000c1e5      0x27f c:/program files/atmel/avr tools/avr toolchain/bin/../lib/gcc/avr/4.4.3/avr5\libgcc.a(_lt_sf.o)
 .debug_info    0x0000c464      0x207 c:/program files/atmel/avr tools/avr toolchain/bin/../lib/gcc/avr/4.4.3/avr5\libgcc.a(_si_to_sf.o)
 .debug_info    0x0000c66b      0x2b0 c:/program files/atmel/avr tools/avr toolchain/bin/../lib/gcc/avr/4.4.3/avr5\libgcc.a(_sf_to_si.o)
 .debug_info    0x0000c91b      0x154 c:/program files/atmel/avr tools/avr toolchain/bin/../lib/gcc/avr/4.4.3/avr5\libgcc.a(_thenan_sf.o)
 .debug_info    0x0000ca6f      0x206 c:/program files/atmel/avr tools/avr toolchain/bin/../lib/gcc/avr/4.4.3/avr5\libgcc.a(_usi_to_sf.o)
 .debug_info    0x0000cc75      0x117 c:/program files/atmel/avr tools/avr toolchain/bin/../lib/gcc/avr/4.4.3/avr5\libgcc.a(_clzsi2.o)
 .debug_info    0x0000cd8c      0x2df c:/program files/atmel/avr tools/avr toolchain/bin/../lib/gcc/avr/4.4.3/avr5\libgcc.a(_pack_sf.o)
 .debug_info    0x0000d06b      0x251 c:/program files/atmel/avr tools/avr toolchain/bin/../lib/gcc/avr/4.4.3/avr5\libgcc.a(_unpack_sf.o)
 .debug_info    0x0000d2bc      0x216 c:/program files/atmel/avr tools/avr toolchain/bin/../lib/gcc/avr/4.4.3/avr5\libgcc.a(_fpcmp_parts_sf.o)
 .debug_info    0x0000d4d2       0xa9 c:/program files/atmel/avr tools/avr toolchain/bin/../lib/gcc/avr/4.4.3/avr5\libgcc.a(_clz.o)
 .debug_info    0x0000d57b       0x90 c:/program files/atmel/avr tools/avr toolchain/bin/../lib/gcc/avr/4.4.3/../../../../avr/lib/avr5\libc.a(calloc.o)
 .debug_info    0x0000d60b      0x226 c:/program files/atmel/avr tools/avr toolchain/bin/../lib/gcc/avr/4.4.3/../../../../avr/lib/avr5\libc.a(malloc.o)
 .debug_info    0x0000d831      0x19a c:/program files/atmel/avr tools/avr toolchain/bin/../lib/gcc/avr/4.4.3/../../../../avr/lib/avr5\libc.a(realloc.o)
 .debug_info    0x0000d9cb      0x1af c:/program files/atmel/avr tools/avr toolchain/bin/../lib/gcc/avr/4.4.3/../../../../avr/lib/avr5\libc.a(sprintf.o)
 .debug_info    0x0000db7a      0x344 c:/program files/atmel/avr tools/avr toolchain/bin/../lib/gcc/avr/4.4.3/../../../../avr/lib/avr5\libc.a(vfprintf_std.o)
 .debug_info    0x0000debe      0x166 c:/program files/atmel/avr tools/avr toolchain/bin/../lib/gcc/avr/4.4.3/../../../../avr/lib/avr5\libc.a(fputc.o)
 *(.gnu.linkonce.wi.*)

.debug_abbrev   0x00000000     0x3662
 *(.debug_abbrev)
 .debug_abbrev  0x00000000      0x292 main.o
 .debug_abbrev  0x00000292      0x1f6 compass.o
 .debug_abbrev  0x00000488      0x347 missiontasks.o
 .debug_abbrev  0x000007cf        0x1 pid.o
 .debug_abbrev  0x000007d0      0x1d8 MissionConsole.o
 .debug_abbrev  0x000009a8      0x2da B:\atmel_projects\RoverMission\library\libroverarduino.a(AFMotor.o)
 .debug_abbrev  0x00000c82      0x331 B:\atmel_projects\RoverMission\library\libroverarduino.a(HardwareSerial.o)
 .debug_abbrev  0x00000fb3      0x26e B:\atmel_projects\RoverMission\library\libroverarduino.a(Print.o)
 .debug_abbrev  0x00001221      0x218 B:\atmel_projects\RoverMission\library\libroverarduino.a(Wire.o)
 .debug_abbrev  0x00001439       0xe2 B:\atmel_projects\RoverMission\library\libroverarduino.a(wiring.o)
 .debug_abbrev  0x0000151b      0x113 B:\atmel_projects\RoverMission\library\libroverarduino.a(wiring_analog.o)
 .debug_abbrev  0x0000162e      0x153 B:\atmel_projects\RoverMission\library\libroverarduino.a(wiring_digital.o)
 .debug_abbrev  0x00001781      0x2f7 B:\atmel_projects\RoverMission\library\libroverarduino.a(WString.o)
 .debug_abbrev  0x00001a78       0xb9 B:\atmel_projects\RoverMission\library\libroverarduino.a(cplusplushelper.o)
 .debug_abbrev  0x00001b31       0x88 B:\atmel_projects\RoverMission\library\libroverarduino.a(pins_arduino.o)
 .debug_abbrev  0x00001bb9      0x1b0 B:\atmel_projects\RoverMission\library\libroverarduino.a(twi.o)
 .debug_abbrev  0x00001d69       0x5d c:/program files/atmel/avr tools/avr toolchain/bin/../lib/gcc/avr/4.4.3/avr5\libgcc.a(_fixunssfsi.o)
 .debug_abbrev  0x00001dc6      0x1db c:/program files/atmel/avr tools/avr toolchain/bin/../lib/gcc/avr/4.4.3/avr5\libgcc.a(_addsub_sf.o)
 .debug_abbrev  0x00001fa1      0x209 c:/program files/atmel/avr tools/avr toolchain/bin/../lib/gcc/avr/4.4.3/avr5\libgcc.a(_mul_sf.o)
 .debug_abbrev  0x000021aa      0x1e5 c:/program files/atmel/avr tools/avr toolchain/bin/../lib/gcc/avr/4.4.3/avr5\libgcc.a(_div_sf.o)
 .debug_abbrev  0x0000238f      0x15a c:/program files/atmel/avr tools/avr toolchain/bin/../lib/gcc/avr/4.4.3/avr5\libgcc.a(_ge_sf.o)
 .debug_abbrev  0x000024e9      0x15a c:/program files/atmel/avr tools/avr toolchain/bin/../lib/gcc/avr/4.4.3/avr5\libgcc.a(_lt_sf.o)
 .debug_abbrev  0x00002643      0x148 c:/program files/atmel/avr tools/avr toolchain/bin/../lib/gcc/avr/4.4.3/avr5\libgcc.a(_si_to_sf.o)
 .debug_abbrev  0x0000278b      0x17f c:/program files/atmel/avr tools/avr toolchain/bin/../lib/gcc/avr/4.4.3/avr5\libgcc.a(_sf_to_si.o)
 .debug_abbrev  0x0000290a       0xc3 c:/program files/atmel/avr tools/avr toolchain/bin/../lib/gcc/avr/4.4.3/avr5\libgcc.a(_thenan_sf.o)
 .debug_abbrev  0x000029cd      0x157 c:/program files/atmel/avr tools/avr toolchain/bin/../lib/gcc/avr/4.4.3/avr5\libgcc.a(_usi_to_sf.o)
 .debug_abbrev  0x00002b24       0xc4 c:/program files/atmel/avr tools/avr toolchain/bin/../lib/gcc/avr/4.4.3/avr5\libgcc.a(_clzsi2.o)
 .debug_abbrev  0x00002be8      0x1c0 c:/program files/atmel/avr tools/avr toolchain/bin/../lib/gcc/avr/4.4.3/avr5\libgcc.a(_pack_sf.o)
 .debug_abbrev  0x00002da8      0x154 c:/program files/atmel/avr tools/avr toolchain/bin/../lib/gcc/avr/4.4.3/avr5\libgcc.a(_unpack_sf.o)
 .debug_abbrev  0x00002efc      0x13b c:/program files/atmel/avr tools/avr toolchain/bin/../lib/gcc/avr/4.4.3/avr5\libgcc.a(_fpcmp_parts_sf.o)
 .debug_abbrev  0x00003037       0x6a c:/program files/atmel/avr tools/avr toolchain/bin/../lib/gcc/avr/4.4.3/avr5\libgcc.a(_clz.o)
 .debug_abbrev  0x000030a1       0x75 c:/program files/atmel/avr tools/avr toolchain/bin/../lib/gcc/avr/4.4.3/../../../../avr/lib/avr5\libc.a(calloc.o)
 .debug_abbrev  0x00003116      0x10d c:/program files/atmel/avr tools/avr toolchain/bin/../lib/gcc/avr/4.4.3/../../../../avr/lib/avr5\libc.a(malloc.o)
 .debug_abbrev  0x00003223       0xd8 c:/program files/atmel/avr tools/avr toolchain/bin/../lib/gcc/avr/4.4.3/../../../../avr/lib/avr5\libc.a(realloc.o)
 .debug_abbrev  0x000032fb       0xfd c:/program files/atmel/avr tools/avr toolchain/bin/../lib/gcc/avr/4.4.3/../../../../avr/lib/avr5\libc.a(sprintf.o)
 .debug_abbrev  0x000033f8      0x191 c:/program files/atmel/avr tools/avr toolchain/bin/../lib/gcc/avr/4.4.3/../../../../avr/lib/avr5\libc.a(vfprintf_std.o)
 .debug_abbrev  0x00003589       0xd9 c:/program files/atmel/avr tools/avr toolchain/bin/../lib/gcc/avr/4.4.3/../../../../avr/lib/avr5\libc.a(fputc.o)

.debug_line     0x00000000     0x6599
 *(.debug_line)
 .debug_line    0x00000000      0x247 main.o
 .debug_line    0x00000247      0x309 compass.o
 .debug_line    0x00000550      0x45a missiontasks.o
 .debug_line    0x000009aa       0x24 pid.o
 .debug_line    0x000009ce      0x397 MissionConsole.o
 .debug_line    0x00000d65      0xb4d B:\atmel_projects\RoverMission\library\libroverarduino.a(AFMotor.o)
 .debug_line    0x000018b2      0x42b B:\atmel_projects\RoverMission\library\libroverarduino.a(HardwareSerial.o)
 .debug_line    0x00001cdd      0x532 B:\atmel_projects\RoverMission\library\libroverarduino.a(Print.o)
 .debug_line    0x0000220f      0x3f6 B:\atmel_projects\RoverMission\library\libroverarduino.a(Wire.o)
 .debug_line    0x00002605      0x299 B:\atmel_projects\RoverMission\library\libroverarduino.a(wiring.o)
 .debug_line    0x0000289e      0x22c B:\atmel_projects\RoverMission\library\libroverarduino.a(wiring_analog.o)
 .debug_line    0x00002aca      0x297 B:\atmel_projects\RoverMission\library\libroverarduino.a(wiring_digital.o)
 .debug_line    0x00002d61      0xe1b B:\atmel_projects\RoverMission\library\libroverarduino.a(WString.o)
 .debug_line    0x00003b7c       0xc5 B:\atmel_projects\RoverMission\library\libroverarduino.a(cplusplushelper.o)
 .debug_line    0x00003c41       0xd9 B:\atmel_projects\RoverMission\library\libroverarduino.a(pins_arduino.o)
 .debug_line    0x00003d1a      0x557 B:\atmel_projects\RoverMission\library\libroverarduino.a(twi.o)
 .debug_line    0x00004271       0xc9 c:/program files/atmel/avr tools/avr toolchain/bin/../lib/gcc/avr/4.4.3/avr5\libgcc.a(_fixunssfsi.o)
 .debug_line    0x0000433a      0x2c3 c:/program files/atmel/avr tools/avr toolchain/bin/../lib/gcc/avr/4.4.3/avr5\libgcc.a(_addsub_sf.o)
 .debug_line    0x000045fd      0x24b c:/program files/atmel/avr tools/avr toolchain/bin/../lib/gcc/avr/4.4.3/avr5\libgcc.a(_mul_sf.o)
 .debug_line    0x00004848      0x1de c:/program files/atmel/avr tools/avr toolchain/bin/../lib/gcc/avr/4.4.3/avr5\libgcc.a(_div_sf.o)
 .debug_line    0x00004a26       0xf5 c:/program files/atmel/avr tools/avr toolchain/bin/../lib/gcc/avr/4.4.3/avr5\libgcc.a(_ge_sf.o)
 .debug_line    0x00004b1b       0xf5 c:/program files/atmel/avr tools/avr toolchain/bin/../lib/gcc/avr/4.4.3/avr5\libgcc.a(_lt_sf.o)
 .debug_line    0x00004c10      0x14d c:/program files/atmel/avr tools/avr toolchain/bin/../lib/gcc/avr/4.4.3/avr5\libgcc.a(_si_to_sf.o)
 .debug_line    0x00004d5d      0x12b c:/program files/atmel/avr tools/avr toolchain/bin/../lib/gcc/avr/4.4.3/avr5\libgcc.a(_sf_to_si.o)
 .debug_line    0x00004e88       0xb2 c:/program files/atmel/avr tools/avr toolchain/bin/../lib/gcc/avr/4.4.3/avr5\libgcc.a(_thenan_sf.o)
 .debug_line    0x00004f3a      0x14b c:/program files/atmel/avr tools/avr toolchain/bin/../lib/gcc/avr/4.4.3/avr5\libgcc.a(_usi_to_sf.o)
 .debug_line    0x00005085       0xc7 c:/program files/atmel/avr tools/avr toolchain/bin/../lib/gcc/avr/4.4.3/avr5\libgcc.a(_clzsi2.o)
 .debug_line    0x0000514c      0x1ac c:/program files/atmel/avr tools/avr toolchain/bin/../lib/gcc/avr/4.4.3/avr5\libgcc.a(_pack_sf.o)
 .debug_line    0x000052f8      0x16d c:/program files/atmel/avr tools/avr toolchain/bin/../lib/gcc/avr/4.4.3/avr5\libgcc.a(_unpack_sf.o)
 .debug_line    0x00005465      0x159 c:/program files/atmel/avr tools/avr toolchain/bin/../lib/gcc/avr/4.4.3/avr5\libgcc.a(_fpcmp_parts_sf.o)
 .debug_line    0x000055be       0x9e c:/program files/atmel/avr tools/avr toolchain/bin/../lib/gcc/avr/4.4.3/avr5\libgcc.a(_clz.o)
 .debug_line    0x0000565c      0x133 c:/program files/atmel/avr tools/avr toolchain/bin/../lib/gcc/avr/4.4.3/../../../../avr/lib/avr5\libc.a(calloc.o)
 .debug_line    0x0000578f      0x33b c:/program files/atmel/avr tools/avr toolchain/bin/../lib/gcc/avr/4.4.3/../../../../avr/lib/avr5\libc.a(malloc.o)
 .debug_line    0x00005aca      0x272 c:/program files/atmel/avr tools/avr toolchain/bin/../lib/gcc/avr/4.4.3/../../../../avr/lib/avr5\libc.a(realloc.o)
 .debug_line    0x00005d3c      0x1af c:/program files/atmel/avr tools/avr toolchain/bin/../lib/gcc/avr/4.4.3/../../../../avr/lib/avr5\libc.a(sprintf.o)
 .debug_line    0x00005eeb      0x56f c:/program files/atmel/avr tools/avr toolchain/bin/../lib/gcc/avr/4.4.3/../../../../avr/lib/avr5\libc.a(vfprintf_std.o)
 .debug_line    0x0000645a      0x13f c:/program files/atmel/avr tools/avr toolchain/bin/../lib/gcc/avr/4.4.3/../../../../avr/lib/avr5\libc.a(fputc.o)

.debug_frame    0x00000000      0xe60
 *(.debug_frame)
 .debug_frame   0x00000000       0x30 main.o
 .debug_frame   0x00000030       0x60 compass.o
 .debug_frame   0x00000090       0x80 missiontasks.o
 .debug_frame   0x00000110       0xc0 MissionConsole.o
 .debug_frame   0x000001d0      0x100 B:\atmel_projects\RoverMission\library\libroverarduino.a(AFMotor.o)
 .debug_frame   0x000002d0       0xc0 B:\atmel_projects\RoverMission\library\libroverarduino.a(HardwareSerial.o)
 .debug_frame   0x00000390      0x180 B:\atmel_projects\RoverMission\library\libroverarduino.a(Print.o)
 .debug_frame   0x00000510      0x150 B:\atmel_projects\RoverMission\library\libroverarduino.a(Wire.o)
 .debug_frame   0x00000660       0x70 B:\atmel_projects\RoverMission\library\libroverarduino.a(wiring.o)
 .debug_frame   0x000006d0       0x40 B:\atmel_projects\RoverMission\library\libroverarduino.a(wiring_analog.o)
 .debug_frame   0x00000710       0x50 B:\atmel_projects\RoverMission\library\libroverarduino.a(wiring_digital.o)
 .debug_frame   0x00000760      0x360 B:\atmel_projects\RoverMission\library\libroverarduino.a(WString.o)
 .debug_frame   0x00000ac0       0x50 B:\atmel_projects\RoverMission\library\libroverarduino.a(cplusplushelper.o)
 .debug_frame   0x00000b10       0xc0 B:\atmel_projects\RoverMission\library\libroverarduino.a(twi.o)
 .debug_frame   0x00000bd0       0x20 c:/program files/atmel/avr tools/avr toolchain/bin/../lib/gcc/avr/4.4.3/avr5\libgcc.a(_fixunssfsi.o)
 .debug_frame   0x00000bf0       0x40 c:/program files/atmel/avr tools/avr toolchain/bin/../lib/gcc/avr/4.4.3/avr5\libgcc.a(_addsub_sf.o)