Archive member included because of file (symbol)

B:\atmel_projects\RoverMission\library\libroverarduino.a(AFMotor.o)
                              missiontasks.o (AF_DCMotor::setSpeed(unsigned char))
B:\atmel_projects\RoverMission\library\libroverarduino.a(HardwareSerial.o)
                              main.o (HardwareSerial::begin(long))
B:\atmel_projects\RoverMission\library\libroverarduino.a(Print.o)
                              B:\atmel_projects\RoverMission\library\libroverarduino.a(HardwareSerial.o) (Print::write(char const*))
B:\atmel_projects\RoverMission\library\libroverarduino.a(Wire.o)
                              compass.o (TwoWire::TwoWire())
B:\atmel_projects\RoverMission\library\libroverarduino.a(wiring.o)
                              main.o (delay)
B:\atmel_projects\RoverMission\library\libroverarduino.a(wiring_analog.o)
                              main.o (analogReference)
B:\atmel_projects\RoverMission\library\libroverarduino.a(wiring_digital.o)
                              compass.o (pinMode)
B:\atmel_projects\RoverMission\library\libroverarduino.a(WString.o)
                              B:\atmel_projects\RoverMission\library\libroverarduino.a(Print.o) (String::operator[](unsigned int) const)
B:\atmel_projects\RoverMission\library\libroverarduino.a(cplusplushelper.o)
                              B:\atmel_projects\RoverMission\library\libroverarduino.a(HardwareSerial.o) (__cxa_pure_virtual)
B:\atmel_projects\RoverMission\library\libroverarduino.a(pins_arduino.o)
                              B:\atmel_projects\RoverMission\library\libroverarduino.a(wiring_digital.o) (port_to_mode_PGM)
B:\atmel_projects\RoverMission\library\libroverarduino.a(twi.o)
                              B:\atmel_projects\RoverMission\library\libroverarduino.a(Wire.o) (twi_init)
c:/program files/atmel/avr tools/avr toolchain/bin/../lib/gcc/avr/4.4.3/avr5\libgcc.a(_udivmodhi4.o)
                              missiontasks.o (__udivmodhi4)
c:/program files/atmel/avr tools/avr toolchain/bin/../lib/gcc/avr/4.4.3/avr5\libgcc.a(_divmodhi4.o)
                              missiontasks.o (__divmodhi4)
c:/program files/atmel/avr tools/avr toolchain/bin/../lib/gcc/avr/4.4.3/avr5\libgcc.a(_udivmodsi4.o)
                              B:\atmel_projects\RoverMission\library\libroverarduino.a(AFMotor.o) (__udivmodsi4)
c:/program files/atmel/avr tools/avr toolchain/bin/../lib/gcc/avr/4.4.3/avr5\libgcc.a(_exit.o)
                              c:/program files/atmel/avr tools/avr toolchain/bin/../lib/gcc/avr/4.4.3/../../../../avr/lib/avr5/crtm328p.o (exit)
c:/program files/atmel/avr tools/avr toolchain/bin/../lib/gcc/avr/4.4.3/avr5\libgcc.a(_copy_data.o)
                              main.o (__do_copy_data)
c:/program files/atmel/avr tools/avr toolchain/bin/../lib/gcc/avr/4.4.3/avr5\libgcc.a(_clear_bss.o)
                              main.o (__do_clear_bss)
c:/program files/atmel/avr tools/avr toolchain/bin/../lib/gcc/avr/4.4.3/avr5\libgcc.a(_ctors.o)
                              main.o (__do_global_ctors)
c:/program files/atmel/avr tools/avr toolchain/bin/../lib/gcc/avr/4.4.3/avr5\libgcc.a(_dtors.o)
                              main.o (__do_global_dtors)
c:/program files/atmel/avr tools/avr toolchain/bin/../lib/gcc/avr/4.4.3/avr5\libgcc.a(_fixunssfsi.o)
                              missiontasks.o (__fixunssfsi)
c:/program files/atmel/avr tools/avr toolchain/bin/../lib/gcc/avr/4.4.3/avr5\libgcc.a(_addsub_sf.o)
                              missiontasks.o (__subsf3)
c:/program files/atmel/avr tools/avr toolchain/bin/../lib/gcc/avr/4.4.3/avr5\libgcc.a(_mul_sf.o)
                              missiontasks.o (__mulsf3)
c:/program files/atmel/avr tools/avr toolchain/bin/../lib/gcc/avr/4.4.3/avr5\libgcc.a(_div_sf.o)
                              missiontasks.o (__divsf3)
c:/program files/atmel/avr tools/avr toolchain/bin/../lib/gcc/avr/4.4.3/avr5\libgcc.a(_gt_sf.o)
                              missiontasks.o (__gtsf2)
c:/program files/atmel/avr tools/avr toolchain/bin/../lib/gcc/avr/4.4.3/avr5\libgcc.a(_ge_sf.o)
                              c:/program files/atmel/avr tools/avr toolchain/bin/../lib/gcc/avr/4.4.3/avr5\libgcc.a(_fixunssfsi.o) (__gesf2)
c:/program files/atmel/avr tools/avr toolchain/bin/../lib/gcc/avr/4.4.3/avr5\libgcc.a(_lt_sf.o)
                              B:\atmel_projects\RoverMission\library\libroverarduino.a(Print.o) (__ltsf2)
c:/program files/atmel/avr tools/avr toolchain/bin/../lib/gcc/avr/4.4.3/avr5\libgcc.a(_si_to_sf.o)
                              B:\atmel_projects\RoverMission\library\libroverarduino.a(Print.o) (__floatsisf)
c:/program files/atmel/avr tools/avr toolchain/bin/../lib/gcc/avr/4.4.3/avr5\libgcc.a(_sf_to_si.o)
                              B:\atmel_projects\RoverMission\library\libroverarduino.a(Print.o) (__fixsfsi)
c:/program files/atmel/avr tools/avr toolchain/bin/../lib/gcc/avr/4.4.3/avr5\libgcc.a(_thenan_sf.o)
[...]
Memory Configuration

Name             Origin             Length             Attributes
text             0x00000000         0x00020000         xr
data             0x00800060         0x0000ffa0         rw !x
eeprom           0x00810000         0x00010000         rw !x
fuse             0x00820000         0x00000400         rw !x
lock             0x00830000         0x00000400         rw !x
signature        0x00840000         0x00000400         rw !x
*default*        0x00000000         0xffffffff

Linker script and memory map

Address of section .data set to 0x800100
LOAD c:/program files/atmel/avr tools/avr toolchain/bin/../lib/gcc/avr/4.4.3/../../../../avr/lib/avr5/crtm328p.o
LOAD main.o
LOAD compass.o
LOAD missiontasks.o
LOAD pid.o
LOAD MissionConsole.o
LOAD B:\atmel_projects\RoverMission\library\libroverarduino.a
LOAD c:/program files/atmel/avr tools/avr toolchain/bin/../lib/gcc/avr/4.4.3/avr5\libgcc.a
LOAD c:/program files/atmel/avr tools/avr toolchain/bin/../lib/gcc/avr/4.4.3/../../../../avr/lib/avr5\libm.a
LOAD c:/program files/atmel/avr tools/avr toolchain/bin/../lib/gcc/avr/4.4.3/avr5\libgcc.a
LOAD c:/program files/atmel/avr tools/avr toolchain/bin/../lib/gcc/avr/4.4.3/../../../../avr/lib/avr5\libc.a
LOAD c:/program files/atmel/avr tools/avr toolchain/bin/../lib/gcc/avr/4.4.3/avr5\libgcc.a

.hash
 *(.hash)

.dynsym
 *(.dynsym)

.dynstr
 *(.dynstr)

.gnu.version
 *(.gnu.version)

.gnu.version_d
 *(.gnu.version_d)

.gnu.version_r
 *(.gnu.version_r)

.rel.init
 *(.rel.init)

.rela.init
 *(.rela.init)

.rel.text
 *(.rel.text)
 *(.rel.text.*)
 *(.rel.gnu.linkonce.t*)

.rela.text
 *(.rela.text)
 *(.rela.text.*)
 *(.rela.gnu.linkonce.t*)

.rel.fini
 *(.rel.fini)

.rela.fini
 *(.rela.fini)

.rel.rodata
 *(.rel.rodata)
 *(.rel.rodata.*)
 *(.rel.gnu.linkonce.r*)

.rela.rodata
 *(.rela.rodata)
 *(.rela.rodata.*)
 *(.rela.gnu.linkonce.r*)

.rel.data
 *(.rel.data)
 *(.rel.data.*)
 *(.rel.gnu.linkonce.d*)

.rela.data
 *(.rela.data)
 *(.rela.data.*)
 *(.rela.gnu.linkonce.d*)

.rel.ctors
 *(.rel.ctors)

.rela.ctors
 *(.rela.ctors)

.rel.dtors
 *(.rel.dtors)

.rela.dtors
 *(.rela.dtors)

.rel.got
 *(.rel.got)

.rela.got
 *(.rela.got)

.rel.bss
 *(.rel.bss)

.rela.bss
 *(.rela.bss)

.rel.plt
 *(.rel.plt)

.rela.plt
 *(.rela.plt)

.text           0x00000000     0x6302
 *(.vectors)
 .vectors       0x00000000       0x68 c:/program files/atmel/avr tools/avr toolchain/bin/../lib/gcc/avr/4.4.3/../../../../avr/lib/avr5/crtm328p.o
                0x00000000                __vector_default
                0x00000000                __vectors
 *(.vectors)
 *(.progmem.gcc*)
 .progmem.gcc_sw_table
                0x00000068      0x192 B:\atmel_projects\RoverMission\library\libroverarduino.a(twi.o)
 .progmem.gcc_fplib
                0x000001fa       0x28 c:/program files/atmel/avr tools/avr toolchain/bin/../lib/gcc/avr/4.4.3/../../../../avr/lib/avr5\libm.a(fp_arccos.o)
 .progmem.gcc_fplib
                0x00000222       0x1e c:/program files/atmel/avr tools/avr toolchain/bin/../lib/gcc/avr/4.4.3/../../../../avr/lib/avr5\libm.a(fp_sinus.o)
 *(.progmem*)
 .progmem.data  0x00000240      0x496 missiontasks.o
 .progmem.data  0x000006d6       0x5a B:\atmel_projects\RoverMission\library\libroverarduino.a(pins_arduino.o)
                0x000006d6                port_to_mode_PGM
                0x000006e0                port_to_output_PGM
                0x000006ea                port_to_input_PGM
                0x000006f4                digital_pin_to_port_PGM
                0x00000708                digital_pin_to_bit_mask_PGM
                0x0000071c                digital_pin_to_timer_PGM
                0x00000730                . = ALIGN (0x2)
                0x00000730                __trampolines_start = .
 *(.trampolines)
 .trampolines   0x00000730        0x0 linker stubs
 *(.trampolines*)
                0x00000730                __trampolines_end = .
 *(.jumptables)
 *(.jumptables*)
 *(.lowtext)
 *(.lowtext*)
                0x00000730                __ctors_start = .
 *(.ctors)
 .ctors         0x00000730        0x2 main.o
 .ctors         0x00000732        0x2 B:\atmel_projects\RoverMission\library\libroverarduino.a(AFMotor.o)
 .ctors         0x00000734        0x2 B:\atmel_projects\RoverMission\library\libroverarduino.a(HardwareSerial.o)
                0x00000736                __ctors_end = .
                0x00000736                __dtors_start = .
 *(.dtors)
 .dtors         0x00000736        0x2 main.o
                0x00000738                __dtors_end = .
 SORT(*)(.ctors)
 SORT(*)(.dtors)
 *(.init0)
 .init0         0x00000738        0x0 c:/program files/atmel/avr tools/avr toolchain/bin/../lib/gcc/avr/4.4.3/../../../../avr/lib/avr5/crtm328p.o
                0x00000738                __init
 *(.init0)
 *(.init1)
 *(.init1)
 *(.init2)
 .init2         0x00000738        0xc c:/program files/atmel/avr tools/avr toolchain/bin/../lib/gcc/avr/4.4.3/../../../../avr/lib/avr5/crtm328p.o
 *(.init2)
 *(.init3)
 *(.init3)
 *(.init4)
 .init4         0x00000744       0x16 c:/program files/atmel/avr tools/avr toolchain/bin/../lib/gcc/avr/4.4.3/avr5\libgcc.a(_copy_data.o)
                0x00000744                __do_copy_data
 .init4         0x0000075a       0x10 c:/program files/atmel/avr tools/avr toolchain/bin/../lib/gcc/avr/4.4.3/avr5\libgcc.a(_clear_bss.o)
                0x0000075a                __do_clear_bss
 *(.init4)
 *(.init5)
 *(.init5)
 *(.init6)
 .init6         0x0000076a       0x16 c:/program files/atmel/avr tools/avr toolchain/bin/../lib/gcc/avr/4.4.3/avr5\libgcc.a(_ctors.o)
                0x0000076a                __do_global_ctors
 *(.init6)
 *(.init7)
 *(.init7)
 *(.init8)
 *(.init8)
 *(.init9)
 .init9         0x00000780        0x8 c:/program files/atmel/avr tools/avr toolchain/bin/../lib/gcc/avr/4.4.3/../../../../avr/lib/avr5/crtm328p.o
 *(.init9)
 *(.text)
 .text          0x00000788        0x4 c:/program files/atmel/avr tools/avr toolchain/bin/../lib/gcc/avr/4.4.3/../../../../avr/lib/avr5/crtm328p.o
                0x00000788                __vector_22
                0x00000788                __vector_1
                0x00000788                __vector_12
                0x00000788                __bad_interrupt
                0x00000788                __vector_6
                0x00000788                __vector_3
                0x00000788                __vector_23
                0x00000788                __vector_25
                0x00000788                __vector_11
                0x00000788                __vector_13
                0x00000788                __vector_17
                0x00000788                __vector_19
                0x00000788                __vector_7
                0x00000788                __vector_5
                0x00000788                __vector_4
                0x00000788                __vector_9
                0x00000788                __vector_2
                0x00000788                __vector_21
                0x00000788                __vector_15
                0x00000788                __vector_8
                0x00000788                __vector_14
                0x00000788                __vector_10
                0x00000788                __vector_20
 .text          0x0000078c       0xd6 main.o
                0x0000078c                main
 .text          0x00000862      0x1b6 compass.o
                0x00000862                HMC6352compass::getLastHeading()
                0x0000086a                HMC6352compass::enterCalibration()
                0x00000908                HMC6352compass::getHeading()
                0x0000099c                HMC6352compass::HMC6352compass()
                0x000009da                HMC6352compass::HMC6352compass()
 .text          0x00000a18      0x686 missiontasks.o
                0x00000a18                Mission::analyzeRoom(unsigned int*, unsigned int*, unsigned int*, unsigned int*)
                0x00000b14                Mission::adjustScanPlatform(unsigned char, unsigned char)
                0x00000bc2                Mission::readADC(unsigned int)
                0x00000c06                Mission::irDistance(unsigned char)
                0x00000cfe                Mission::scanEnvironment(unsigned int*, unsigned int)
                0x00000d7c                Mission::stopRobot()
                0x00000d92                Mission::goStraight(unsigned int)
                0x00000de8                Mission::adjustHeading(unsigned int)
                0x00000e5a                Mission::findPlaqueDistanceAngle(unsigned int*, unsigned int*, unsigned char, unsigned int&, unsigned int&)
 .text          0x0000109e        0x0 pid.o
 .text          0x0000109e      0x198 MissionConsole.o
                0x0000109e                Cmissionconsole::Cmissionconsole()
                0x000010a0                Cmissionconsole::Cmissionconsole()
                0x000010a2                Cmissionconsole::~Cmissionconsole()
                0x000010a4                Cmissionconsole::~Cmissionconsole()
                0x000010a6                Cmissionconsole::enable()
                0x000010a8                Cmissionconsole::disable()
                0x000010aa                Cmissionconsole::write(unsigned char)
                0x000010ac                Cmissionconsole::write(char*)
                0x000010b6                Cmissionconsole::mediumRangeIR(unsigned int)
                0x00001136                Cmissionconsole::longRangeIR(unsigned int)
                0x000011b6                Cmissionconsole::adValue(unsigned int)
 .text          0x00001236      0xa68 B:\atmel_projects\RoverMission\library\libroverarduino.a(AFMotor.o)
                0x00001236                AFMotorController::AFMotorController()
                0x00001238                AFMotorController::AFMotorController()
                0x0000123a                AF_DCMotor::setSpeed(unsigned char)
                0x00001268                AF_Stepper::setSpeed(unsigned int)
                0x000012a8                AFMotorController::latch_tx()
                0x00001312                AF_Stepper::onestep(unsigned char, unsigned char)
                0x00001590                AF_Stepper::step(unsigned int, unsigned char, unsigned char)
                0x00001736                AF_Stepper::release()
                0x0000176c                AF_DCMotor::run(unsigned char)
                0x00001850                AFMotorController::enable()
                0x0000188e                AF_Stepper::AF_Stepper(unsigned int, unsigned char)
                0x00001998                AF_DCMotor::AF_DCMotor(unsigned char, unsigned char)
                0x00001a96                AF_DCMotor::AF_DCMotor(unsigned char, unsigned char)
                0x00001b94                AF_Stepper::AF_Stepper(unsigned int, unsigned char)
 .text          0x00001c9e      0x39a B:\atmel_projects\RoverMission\library\libroverarduino.a(HardwareSerial.o)
                0x00001c9e                __vector_18
                0x00001d08                HardwareSerial::HardwareSerial(ring_buffer*, unsigned char volatile*, unsigned char volatile*, unsigned char volatile*, unsigned char volatile*, unsigned char volatile*, unsigned char, unsigned char, unsigned char, unsigned char, unsigned char)
                0x00001d68                HardwareSerial::HardwareSerial(ring_buffer*, unsigned char volatile*, unsigned char volatile*, unsigned char volatile*, unsigned char volatile*, unsigned char volatile*, unsigned char, unsigned char, unsigned char, unsigned char, unsigned char)
                0x00001dc8                HardwareSerial::begin(long)
                0x00001e80                HardwareSerial::end()
                0x00001ed8                HardwareSerial::available()
                0x00001efe                HardwareSerial::peek()
                0x00001f34                HardwareSerial::read()
                0x00001f7c                HardwareSerial::flush()
                0x00001f9e                HardwareSerial::write(unsigned char)
 .text          0x00002038      0x5c2 B:\atmel_projects\RoverMission\library\libroverarduino.a(Print.o)
                0x00002038                Print::write(char const*)
                0x00002070                Print::write(unsigned char const*, unsigned int)
                0x000020b6                Print::print(char const*)
                0x000020c6                Print::print(String const&)
                0x0000212a                Print::printNumber(unsigned long, unsigned char)
                0x0000225e                Print::print(unsigned long, int)
                0x0000227c                Print::print(unsigned int, int)
                0x0000228a                Print::print(unsigned char, int)
                0x0000229a                Print::print(long, int)
                0x00002326                Print::print(int, int)
                0x0000234c                Print::print(char, int)
                0x0000235c                Print::println()
                0x0000238a                Print::println(unsigned long, int)
                0x000023a0                Print::println(unsigned int, int)
                0x000023be                Print::println(unsigned char, int)
                0x000023de                Print::println(char const*)
                0x000023f4                Print::println(String const&)
                0x0000240a                Print::println(long, int)
                0x00002420                Print::println(int, int)
                0x00002446                Print::println(char, int)
                0x00002466                Print::printFloat(double, unsigned char)
                0x000025de                Print::print(double, int)
                0x000025e4                Print::println(double, int)
 .text          0x000025fa      0x236 B:\atmel_projects\RoverMission\library\libroverarduino.a(Wire.o)
                0x000025fa                TwoWire::TwoWire()
                0x000025fc                TwoWire::TwoWire()
                0x000025fe                TwoWire::beginTransmission(unsigned char)
                0x00002612                TwoWire::beginTransmission(int)
                0x00002626                TwoWire::available()
                0x00002632                TwoWire::receive()
                0x00002654                TwoWire::onReceiveService(unsigned char*, int)
                0x000026b0                TwoWire::onRequestService()
                0x000026c8                TwoWire::onReceive(void (*)(int))
                0x000026d2                TwoWire::onRequest(void (*)())
                0x000026dc                TwoWire::send(unsigned char)
                0x00002732                TwoWire::send(int)
                0x00002738                TwoWire::send(unsigned char*, unsigned char)
                0x00002794                TwoWire::send(char*)
                0x000027ac                TwoWire::endTransmission()
                0x000027cc                TwoWire::requestFrom(unsigned char, unsigned char)
                0x000027e6                TwoWire::requestFrom(int, int)
                0x000027ec                TwoWire::begin()
                0x00002802                TwoWire::begin(unsigned char)
                0x0000282a                TwoWire::begin(int)
 .text          0x00002830      0x1da B:\atmel_projects\RoverMission\library\libroverarduino.a(wiring.o)
                0x00002830                __vector_16
                0x000028c0                millis
                0x000028dc                micros
                0x0000292a                delay
                0x00002980                delayMicroseconds
                0x00002994                init
 .text          0x00002a0a      0x132 B:\atmel_projects\RoverMission\library\libroverarduino.a(wiring_analog.o)
                0x00002a0a                analogReference
                0x00002a10                analogRead
                0x00002a52                analogWrite
 .text          0x00002b3c      0x18e B:\atmel_projects\RoverMission\library\libroverarduino.a(wiring_digital.o)
                0x00002b3c                pinMode
                0x00002be0                digitalWrite
                0x00002c62                digitalRead
 .text          0x00002cca     0x1232 B:\atmel_projects\RoverMission\library\libroverarduino.a(WString.o)
                0x00002cca                String::charAt(unsigned int) const
                0x00002cda                String::setCharAt(unsigned int, char)
                0x00002cf8                String::operator[](unsigned int)
                0x00002d20                String::operator[](unsigned int) const
                0x00002d30                String::toInt()
                0x00002d3c                String::toCharArray(char*, unsigned int)
                0x00002d84                String::getBytes(unsigned char*, unsigned int)
                0x00002dcc                String::startsWith(String const&, unsigned int) const
                0x00002e0c                String::startsWith(String const&) const
                0x00002e2c                String::lastIndexOf(char, unsigned int) const
                0x00002e92                String::lastIndexOf(char) const
                0x00002ea2                String::indexOf(String const&, unsigned int) const
                0x00002ede                String::indexOf(String const&) const
                0x00002ee8                String::indexOf(char, unsigned int) const
                0x00002f20                String::indexOf(char) const
                0x00002f2a                String::equals(String const&) const
                0x00002f60                String::endsWith(String const&) const
                0x00002f9e                String::operator>=(String const&) const
                0x00002fc6                String::operator<=(String const&) const
                0x00002fec                String::operator>(String const&) const
                0x0000300e                String::operator<(String const&) const
                0x00003032                String::operator!=(String const&) const
                0x00003068                String::operator==(String const&) const
                0x000030ac                String::compareTo(String const&) const
                0x000030be                String::operator+=(String const&)
                0x0000313a                String::concat(String const&)
                0x00003140                String::operator=(String const&)
                0x000031be                String::String(unsigned char)
                0x00003232                String::String(unsigned char)
                0x000032a6                String::String(char)
                0x0000331a                String::String(char)
                0x0000338e                String::String(String const&)
                0x000033dc                String::String(String const&)
                0x0000342a                String::String(unsigned long, int)
                0x000034b0                String::String(unsigned long, int)
                0x00003536                String::String(unsigned int, int)
                0x000035ba                String::String(unsigned int, int)
                0x0000363e                String::String(char const*)
                0x000036a6                String::toUpperCase() const
                0x00003722                String::toLowerCase() const
                0x0000379e                String::equalsIgnoreCase(String const&) const
                0x00003842                String::substring(unsigned int, unsigned int) const
                0x000038aa                String::substring(unsigned int) const
                0x000038c2                String::lastIndexOf(String const&, unsigned int) const
                0x0000399a                String::lastIndexOf(String const&) const
                0x000039b0                String::trim() const
                0x00003abc                String::replace(String const&, String const&)
                0x00003c08                String::replace(char, char)
                0x00003c90                String::String(char const*)
                0x00003cf8                String::String(long, int)
                0x00003d7a                String::String(long, int)
                0x00003dfc                String::String(int, int)
                0x00003e7c                String::String(int, int)
 .text          0x00003efc       0x20 B:\atmel_projects\RoverMission\library\libroverarduino.a(cplusplushelper.o)
                0x00003efc                __cxa_pure_virtual
                0x00003efe                __cxa_guard_acquire
                0x00003f12                __cxa_guard_release
                0x00003f1a                __cxa_guard_abort
 .text          0x00003f1c        0x0 B:\atmel_projects\RoverMission\library\libroverarduino.a(pins_arduino.o)
 .text          0x00003f1c      0x416 B:\atmel_projects\RoverMission\library\libroverarduino.a(twi.o)
                0x00003f1c                twi_init
                0x00003f42                twi_setAddress
                0x00003f4a                twi_readFrom
                0x00003fbc                twi_writeTo
                0x0000405c                twi_transmit
                0x00004098                twi_attachSlaveRxEvent
                0x000040a2                twi_attachSlaveTxEvent
                0x000040ac                twi_reply
                0x000040c0                twi_stop
                0x000040d4                twi_releaseBus
                0x000040e0                __vector_24
 .text          0x00004332        0x0 c:/program files/atmel/avr tools/avr toolchain/bin/../lib/gcc/avr/4.4.3/avr5\libgcc.a(_udivmodhi4.o)
 .text          0x00004332        0x0 c:/program files/atmel/avr tools/avr toolchain/bin/../lib/gcc/avr/4.4.3/avr5\libgcc.a(_divmodhi4.o)
 .text          0x00004332        0x0 c:/program files/atmel/avr tools/avr toolchain/bin/../lib/gcc/avr/4.4.3/avr5\libgcc.a(_udivmodsi4.o)
 .text          0x00004332        0x0 c:/program files/atmel/avr tools/avr toolchain/bin/../lib/gcc/avr/4.4.3/avr5\libgcc.a(_exit.o)
 .text          0x00004332        0x0 c:/program files/atmel/avr tools/avr toolchain/bin/../lib/gcc/avr/4.4.3/avr5\libgcc.a(_copy_data.o)
 .text          0x00004332        0x0 c:/program files/atmel/avr tools/avr toolchain/bin/../lib/gcc/avr/4.4.3/avr5\libgcc.a(_clear_bss.o)
 .text          0x00004332        0x0 c:/program files/atmel/avr tools/avr toolchain/bin/../lib/gcc/avr/4.4.3/avr5\libgcc.a(_ctors.o)
 .text          0x00004332        0x0 c:/program files/atmel/avr tools/avr toolchain/bin/../lib/gcc/avr/4.4.3/avr5\libgcc.a(_dtors.o)
 .text          0x00004332       0x58 c:/program files/atmel/avr tools/avr toolchain/bin/../lib/gcc/avr/4.4.3/avr5\libgcc.a(_fixunssfsi.o)
                0x00004332                __fixunssfsi
 .text          0x0000438a      0x35c c:/program files/atmel/avr tools/avr toolchain/bin/../lib/gcc/avr/4.4.3/avr5\libgcc.a(_addsub_sf.o)
                0x0000462a                __subsf3
                0x0000468c                __addsf3
 .text          0x000046e6      0x1f0 c:/program files/atmel/avr tools/avr toolchain/bin/../lib/gcc/avr/4.4.3/avr5\libgcc.a(_mul_sf.o)
                0x000046e6                __mulsf3
 .text          0x000048d6      0x15c c:/program files/atmel/avr tools/avr toolchain/bin/../lib/gcc/avr/4.4.3/avr5\libgcc.a(_div_sf.o)
                0x000048d6                __divsf3
 .text          0x00004a32       0x60 c:/program files/atmel/avr tools/avr toolchain/bin/../lib/gcc/avr/4.4.3/avr5\libgcc.a(_gt_sf.o)
                0x00004a32                __gtsf2
 .text          0x00004a92       0x60 c:/program files/atmel/avr tools/avr toolchain/bin/../lib/gcc/avr/4.4.3/avr5\libgcc.a(_ge_sf.o)
                0x00004a92                __gesf2
 .text          0x00004af2       0x60 c:/program files/atmel/avr tools/avr toolchain/bin/../lib/gcc/avr/4.4.3/avr5\libgcc.a(_lt_sf.o)
                0x00004af2                __ltsf2
 .text          0x00004b52       0xba c:/program files/atmel/avr tools/avr toolchain/bin/../lib/gcc/avr/4.4.3/avr5\libgcc.a(_si_to_sf.o)
                0x00004b52                __floatsisf
 .text          0x00004c0c       0xa6 c:/program files/atmel/avr tools/avr toolchain/bin/../lib/gcc/avr/4.4.3/avr5\libgcc.a(_sf_to_si.o)
                0x00004c0c                __fixsfsi
 .text          0x00004cb2        0x0 c:/program files/atmel/avr tools/avr toolchain/bin/../lib/gcc/avr/4.4.3/avr5\libgcc.a(_thenan_sf.o)
 .text          0x00004cb2       0xf0 c:/program files/atmel/avr tools/avr toolchain/bin/../lib/gcc/avr/4.4.3/avr5\libgcc.a(_usi_to_sf.o)
                0x00004cb2                __floatunsisf
 .text          0x00004da2        0x0 c:/program files/atmel/avr tools/avr toolchain/bin/../lib/gcc/avr/4.4.3/avr5\libgcc.a(_prologue.o)
 .text          0x00004da2        0x0 c:/program files/atmel/avr tools/avr toolchain/bin/../lib/gcc/avr/4.4.3/avr5\libgcc.a(_epilogue.o)
 .text          0x00004da2        0x0 c:/program files/atmel/avr tools/avr toolchain/bin/../lib/gcc/avr/4.4.3/avr5\libgcc.a(_tablejump.o)
 .text          0x00004da2       0xb0 c:/program files/atmel/avr tools/avr toolchain/bin/../lib/gcc/avr/4.4.3/avr5\libgcc.a(_clzsi2.o)
                0x00004da2                __clzsi2
 .text          0x00004e52      0x19e c:/program files/atmel/avr tools/avr toolchain/bin/../lib/gcc/avr/4.4.3/avr5\libgcc.a(_pack_sf.o)
                0x00004e52                __pack_f
 .text          0x00004ff0       0xde c:/program files/atmel/avr tools/avr toolchain/bin/../lib/gcc/avr/4.4.3/avr5\libgcc.a(_unpack_sf.o)
                0x00004ff0                __unpack_f
 .text          0x000050ce       0xbe c:/program files/atmel/avr tools/avr toolchain/bin/../lib/gcc/avr/4.4.3/avr5\libgcc.a(_fpcmp_parts_sf.o)
                0x000050ce                __fpcmp_parts_f
 .text          0x0000518c        0x0 c:/program files/atmel/avr tools/avr toolchain/bin/../lib/gcc/avr/4.4.3/avr5\libgcc.a(_clz.o)
 .text          0x0000518c        0x0 c:/program files/atmel/avr tools/avr toolchain/bin/../lib/gcc/avr/4.4.3/../../../../avr/lib/avr5\libm.a(acos.o)
 .text          0x0000518c        0x0 c:/program files/atmel/avr tools/avr toolchain/bin/../lib/gcc/avr/4.4.3/../../../../avr/lib/avr5\libm.a(addsf3x.o)
 .text          0x0000518c        0x0 c:/program files/atmel/avr tools/avr toolchain/bin/../lib/gcc/avr/4.4.3/../../../../avr/lib/avr5\libm.a(cos.o)
 .text          0x0000518c        0x0 c:/program files/atmel/avr tools/avr toolchain/bin/../lib/gcc/avr/4.4.3/../../../../avr/lib/avr5\libm.a(fp_arccos.o)
 .text          0x0000518c        0x0 c:/program files/atmel/avr tools/avr toolchain/bin/../lib/gcc/avr/4.4.3/../../../../avr/lib/avr5\libm.a(fp_inf.o)
 .text          0x0000518c        0x0 c:/program files/atmel/avr tools/avr toolchain/bin/../lib/gcc/avr/4.4.3/../../../../avr/lib/avr5\libm.a(fp_nan.o)
 .text          0x0000518c        0x0 c:/program files/atmel/avr tools/avr toolchain/bin/../lib/gcc/avr/4.4.3/../../../../avr/lib/avr5\libm.a(fp_powser.o)
 .text          0x0000518c        0x0 c:/program files/atmel/avr tools/avr toolchain/bin/../lib/gcc/avr/4.4.3/../../../../avr/lib/avr5\libm.a(fp_pscA.o)
 .text          0x0000518c        0x0 c:/program files/atmel/avr tools/avr toolchain/bin/../lib/gcc/avr/4.4.3/../../../../avr/lib/avr5\libm.a(fp_pscB.o)
 .text          0x0000518c        0x0 c:/program files/atmel/avr tools/avr toolchain/bin/../lib/gcc/avr/4.4.3/../../../../avr/lib/avr5\libm.a(fp_rempio2.o)
 .text          0x0000518c        0x0 c:/program files/atmel/avr tools/avr toolchain/bin/../lib/gcc/avr/4.4.3/../../../../avr/lib/avr5\libm.a(fp_round.o)
 .text          0x0000518c        0x0 c:/program files/atmel/avr tools/avr toolchain/bin/../lib/gcc/avr/4.4.3/../../../../avr/lib/avr5\libm.a(fp_sinus.o)
 .text          0x0000518c        0x0 c:/program files/atmel/avr tools/avr toolchain/bin/../lib/gcc/avr/4.4.3/../../../../avr/lib/avr5\libm.a(fp_split3.o)
 .text          0x0000518c        0x0 c:/program files/atmel/avr tools/avr toolchain/bin/../lib/gcc/avr/4.4.3/../../../../avr/lib/avr5\libm.a(fp_zero.o)
 .text          0x0000518c        0x0 c:/program files/atmel/avr tools/avr toolchain/bin/../lib/gcc/avr/4.4.3/../../../../avr/lib/avr5\libm.a(mulsf3x.o)
 .text          0x0000518c        0x0 c:/program files/atmel/avr tools/avr toolchain/bin/../lib/gcc/avr/4.4.3/../../../../avr/lib/avr5\libm.a(sqrt.o)
 .text          0x0000518c        0x0 c:/program files/atmel/avr tools/avr toolchain/bin/../lib/gcc/avr/4.4.3/../../../../avr/lib/avr5\libm.a(fp_mpack.o)
 .text          0x0000518c        0x0 c:/program files/atmel/avr tools/avr toolchain/bin/../lib/gcc/avr/4.4.3/../../../../avr/lib/avr5\libm.a(fp_norm2.o)
 .text          0x0000518c        0x0 c:/program files/atmel/avr tools/avr toolchain/bin/../lib/gcc/avr/4.4.3/../../../../avr/lib/avr5\libm.a(fp_powsodd.o)
 .text          0x0000518c        0x0 c:/program files/atmel/avr tools/avr toolchain/bin/../lib/gcc/avr/4.4.3/../../../../avr/lib/avr5\libc.a(calloc.o)
 .text          0x0000518c        0x0 c:/program files/atmel/avr tools/avr toolchain/bin/../lib/gcc/avr/4.4.3/../../../../avr/lib/avr5\libc.a(malloc.o)
 .text          0x0000518c        0x0 c:/program files/atmel/avr tools/avr toolchain/bin/../lib/gcc/avr/4.4.3/../../../../avr/lib/avr5\libc.a(realloc.o)
 .text          0x0000518c        0x0 c:/program files/atmel/avr tools/avr toolchain/bin/../lib/gcc/avr/4.4.3/../../../../avr/lib/avr5\libc.a(atol.o)
 .text          0x0000518c        0x0 c:/program files/atmel/avr tools/avr toolchain/bin/../lib/gcc/avr/4.4.3/../../../../avr/lib/avr5\libc.a(isspace.o)
 .text          0x0000518c        0x0 c:/program files/atmel/avr tools/avr toolchain/bin/../lib/gcc/avr/4.4.3/../../../../avr/lib/avr5\libc.a(tolower.o)
 .text          0x0000518c        0x0 c:/program files/atmel/avr tools/avr toolchain/bin/../lib/gcc/avr/4.4.3/../../../../avr/lib/avr5\libc.a(toupper.o)
 .text          0x0000518c        0x0 c:/program files/atmel/avr tools/avr toolchain/bin/../lib/gcc/avr/4.4.3/../../../../avr/lib/avr5\libc.a(memcpy.o)
 .text          0x0000518c        0x0 c:/program files/atmel/avr tools/avr toolchain/bin/../lib/gcc/avr/4.4.3/../../../../avr/lib/avr5\libc.a(memset.o)
 .text          0x0000518c        0x0 c:/program files/atmel/avr tools/avr toolchain/bin/../lib/gcc/avr/4.4.3/../../../../avr/lib/avr5\libc.a(strcat.o)
 .text          0x0000518c        0x0 c:/program files/atmel/avr tools/avr toolchain/bin/../lib/gcc/avr/4.4.3/../../../../avr/lib/avr5\libc.a(strchr.o)
 .text          0x0000518c        0x0 c:/program files/atmel/avr tools/avr toolchain/bin/../lib/gcc/avr/4.4.3/../../../../avr/lib/avr5\libc.a(strcmp.o)
 .text          0x0000518c        0x0 c:/program files/atmel/avr tools/avr toolchain/bin/../lib/gcc/avr/4.4.3/../../../../avr/lib/avr5\libc.a(strcpy.o)
 .text          0x0000518c        0x0 c:/program files/atmel/avr tools/avr toolchain/bin/../lib/gcc/avr/4.4.3/../../../../avr/lib/avr5\libc.a(strncmp.o)
 .text          0x0000518c        0x0 c:/program files/atmel/avr tools/avr toolchain/bin/../lib/gcc/avr/4.4.3/../../../../avr/lib/avr5\libc.a(strncpy.o)
 .text          0x0000518c        0x0 c:/program files/atmel/avr tools/avr toolchain/bin/../lib/gcc/avr/4.4.3/../../../../avr/lib/avr5\libc.a(strrchr.o)
 .text          0x0000518c        0x0 c:/program files/atmel/avr tools/avr toolchain/bin/../lib/gcc/avr/4.4.3/../../../../avr/lib/avr5\libc.a(strstr.o)
 .text          0x0000518c        0x0 c:/program files/atmel/avr tools/avr toolchain/bin/../lib/gcc/avr/4.4.3/../../../../avr/lib/avr5\libc.a(itoa.o)
 .text          0x0000518c        0x0 c:/program files/atmel/avr tools/avr toolchain/bin/../lib/gcc/avr/4.4.3/../../../../avr/lib/avr5\libc.a(ltoa.o)
 .text          0x0000518c        0x0 c:/program files/atmel/avr tools/avr toolchain/bin/../lib/gcc/avr/4.4.3/../../../../avr/lib/avr5\libc.a(mulsi10.o)
 .text          0x0000518c        0x0 c:/program files/atmel/avr tools/avr toolchain/bin/../lib/gcc/avr/4.4.3/../../../../avr/lib/avr5\libc.a(ultoa.o)
 .text          0x0000518c        0x0 c:/program files/atmel/avr tools/avr toolchain/bin/../lib/gcc/avr/4.4.3/../../../../avr/lib/avr5\libc.a(sprintf.o)
 .text          0x0000518c        0x0 c:/program files/atmel/avr tools/avr toolchain/bin/../lib/gcc/avr/4.4.3/../../../../avr/lib/avr5\libc.a(vfprintf_std.o)
 .text          0x0000518c        0x0 c:/program files/atmel/avr tools/avr toolchain/bin/../lib/gcc/avr/4.4.3/../../../../avr/lib/avr5\libc.a(cty_isfalse.o)
 .text          0x0000518c        0x0 c:/program files/atmel/avr tools/avr toolchain/bin/../lib/gcc/avr/4.4.3/../../../../avr/lib/avr5\libc.a(strnlen_P.o)
 .text          0x0000518c        0x0 c:/program files/atmel/avr tools/avr toolchain/bin/../lib/gcc/avr/4.4.3/../../../../avr/lib/avr5\libc.a(strnlen.o)
 .text          0x0000518c        0x0 c:/program files/atmel/avr tools/avr toolchain/bin/../lib/gcc/avr/4.4.3/../../../../avr/lib/avr5\libc.a(strrev.o)
 .text          0x0000518c        0x0 c:/program files/atmel/avr tools/avr toolchain/bin/../lib/gcc/avr/4.4.3/../../../../avr/lib/avr5\libc.a(fputc.o)
 .text          0x0000518c        0x0 c:/program files/atmel/avr tools/avr toolchain/bin/../lib/gcc/avr/4.4.3/../../../../avr/lib/avr5\libc.a(ultoa_invert.o)
                0x0000518c                . = ALIGN (0x2)
 *(.text.*)
 .text.libgcc   0x0000518c       0x28 c:/program files/atmel/avr tools/avr toolchain/bin/../lib/gcc/avr/4.4.3/avr5\libgcc.a(_udivmodhi4.o)
                0x0000518c                __udivmodhi4
 .text.libgcc   0x000051b4       0x26 c:/program files/atmel/avr tools/avr toolchain/bin/../lib/gcc/avr/4.4.3/avr5\libgcc.a(_divmodhi4.o)
                0x000051b4                _div
                0x000051b4                __divmodhi4
 .text.libgcc   0x000051da       0x44 c:/program files/atmel/avr tools/avr toolchain/bin/../lib/gcc/avr/4.4.3/avr5\libgcc.a(_udivmodsi4.o)
                0x000051da                __udivmodsi4
 .text.libgcc   0x0000521e        0x0 c:/program files/atmel/avr tools/avr toolchain/bin/../lib/gcc/avr/4.4.3/avr5\libgcc.a(_exit.o)
 .text.libgcc   0x0000521e        0x0 c:/program files/atmel/avr tools/avr toolchain/bin/../lib/gcc/avr/4.4.3/avr5\libgcc.a(_copy_data.o)
 .text.libgcc   0x0000521e        0x0 c:/program files/atmel/avr tools/avr toolchain/bin/../lib/gcc/avr/4.4.3/avr5\libgcc.a(_clear_bss.o)
 .text.libgcc   0x0000521e        0x0 c:/program files/atmel/avr tools/avr toolchain/bin/../lib/gcc/avr/4.4.3/avr5\libgcc.a(_ctors.o)
 .text.libgcc   0x0000521e        0x0 c:/program files/atmel/avr tools/avr toolchain/bin/../lib/gcc/avr/4.4.3/avr5\libgcc.a(_dtors.o)
 .text.libgcc   0x0000521e       0x38 c:/program files/atmel/avr tools/avr toolchain/bin/../lib/gcc/avr/4.4.3/avr5\libgcc.a(_prologue.o)
                0x0000521e                __prologue_saves__
 .text.libgcc   0x00005256       0x36 c:/program files/atmel/avr tools/avr toolchain/bin/../lib/gcc/avr/4.4.3/avr5\libgcc.a(_epilogue.o)
                0x00005256                __epilogue_restores__
 .text.libgcc   0x0000528c        0xc c:/program files/atmel/avr tools/avr toolchain/bin/../lib/gcc/avr/4.4.3/avr5\libgcc.a(_tablejump.o)
                0x0000528c                __tablejump2__
                0x00005290                __tablejump__
 .text.avr-libc.fplib
                0x00005298       0x1c c:/program files/atmel/avr tools/avr toolchain/bin/../lib/gcc/avr/4.4.3/../../../../avr/lib/avr5\libm.a(acos.o)
                0x00005298                acos
 .text.avr-libc.fplib
                0x000052b4       0xc0 c:/program files/atmel/avr tools/avr toolchain/bin/../lib/gcc/avr/4.4.3/../../../../avr/lib/avr5\libm.a(addsf3x.o)
                0x000052ce                __addsf3x
 .text.avr-libc.fplib
                0x00005374        0x6 c:/program files/atmel/avr tools/avr toolchain/bin/../lib/gcc/avr/4.4.3/../../../../avr/lib/avr5\libm.a(cos.o)
                0x00005374                cos
 .text.avr-libc.fplib
                0x0000537a       0x36 c:/program files/atmel/avr tools/avr toolchain/bin/../lib/gcc/avr/4.4.3/../../../../avr/lib/avr5\libm.a(fp_arccos.o)
                0x0000537a                __fp_arccos
 .text.avr-libc.fplib
                0x000053b0        0xc c:/program files/atmel/avr tools/avr toolchain/bin/../lib/gcc/avr/4.4.3/../../../../avr/lib/avr5\libm.a(fp_inf.o)
                0x000053b0                __fp_inf
 .text.avr-libc.fplib
                0x000053bc        0x6 c:/program files/atmel/avr tools/avr toolchain/bin/../lib/gcc/avr/4.4.3/../../../../avr/lib/avr5\libm.a(fp_nan.o)
                0x000053bc                __fp_nan
 .text.avr-libc.fplib
                0x000053c2       0x4a c:/program files/atmel/avr tools/avr toolchain/bin/../lib/gcc/avr/4.4.3/../../../../avr/lib/avr5\libm.a(fp_powser.o)
                0x000053c2                __fp_powser
 .text.avr-libc.fplib
                0x0000540c        0xe c:/program files/atmel/avr tools/avr toolchain/bin/../lib/gcc/avr/4.4.3/../../../../avr/lib/avr5\libm.a(fp_pscA.o)
                0x0000540c                __fp_pscA
 .text.avr-libc.fplib
                0x0000541a        0xe c:/program files/atmel/avr tools/avr toolchain/bin/../lib/gcc/avr/4.4.3/../../../../avr/lib/avr5\libm.a(fp_pscB.o)
                0x0000541a                __fp_pscB
 .text.avr-libc.fplib
                0x00005428       0x50 c:/program files/atmel/avr tools/avr toolchain/bin/../lib/gcc/avr/4.4.3/../../../../avr/lib/avr5\libm.a(fp_rempio2.o)
                0x0000542a                __fp_rempio2
 .text.avr-libc.fplib
                0x00005478       0x22 c:/program files/atmel/avr tools/avr toolchain/bin/../lib/gcc/avr/4.4.3/../../../../avr/lib/avr5\libm.a(fp_round.o)
                0x00005478                __fp_round
 .text.avr-libc.fplib
                0x0000549a       0x22 c:/program files/atmel/avr tools/avr toolchain/bin/../lib/gcc/avr/4.4.3/../../../../avr/lib/avr5\libm.a(fp_sinus.o)
                0x0000549a                __fp_sinus
 .text.avr-libc.fplib
                0x000054bc       0x44 c:/program files/atmel/avr tools/avr toolchain/bin/../lib/gcc/avr/4.4.3/../../../../avr/lib/avr5\libm.a(fp_split3.o)
                0x000054bc                __fp_split3
                0x000054cc                __fp_splitA
 .text.avr-libc.fplib
                0x00005500        0xe c:/program files/atmel/avr tools/avr toolchain/bin/../lib/gcc/avr/4.4.3/../../../../avr/lib/avr5\libm.a(fp_zero.o)
                0x00005500                __fp_zero
                0x00005502                __fp_szero
 .text.avr-libc.fplib
                0x0000550e       0xc2 c:/program files/atmel/avr tools/avr toolchain/bin/../lib/gcc/avr/4.4.3/../../../../avr/lib/avr5\libm.a(mulsf3x.o)
                0x00005522                __mulsf3x
                0x00005526                __mulsf3_pse
 .text.avr-libc.fplib
                0x000055d0       0x84 c:/program files/atmel/avr tools/avr toolchain/bin/../lib/gcc/avr/4.4.3/../../../../avr/lib/avr5\libm.a(sqrt.o)
                0x000055d8                sqrt
 .text.avr-libc.fplib
                0x00005654       0x1c c:/program files/atmel/avr tools/avr toolchain/bin/../lib/gcc/avr/4.4.3/../../../../avr/lib/avr5\libm.a(fp_mpack.o)
                0x00005654                __fp_mpack
                0x00005658                __fp_mpack_finite
 .text.avr-libc.fplib
                0x00005670        0xe c:/program files/atmel/avr tools/avr toolchain/bin/../lib/gcc/avr/4.4.3/../../../../avr/lib/avr5\libm.a(fp_norm2.o)
                0x00005670                __fp_norm2
 .text.avr-libc.fplib
                0x0000567e       0x22 c:/program files/atmel/avr tools/avr toolchain/bin/../lib/gcc/avr/4.4.3/../../../../avr/lib/avr5\libm.a(fp_powsodd.o)
                0x0000567e                __fp_powsodd
 .text.avr-libc
                0x000056a0       0x4a c:/program files/atmel/avr tools/avr toolchain/bin/../lib/gcc/avr/4.4.3/../../../../avr/lib/avr5\libc.a(calloc.o)
                0x000056a0                calloc
 .text.avr-libc
                0x000056ea      0x272 c:/program files/atmel/avr tools/avr toolchain/bin/../lib/gcc/avr/4.4.3/../../../../avr/lib/avr5\libc.a(malloc.o)
                0x000056ea                malloc
                0x0000582e                free
 .text.avr-libc
                0x0000595c      0x1a2 c:/program files/atmel/avr tools/avr toolchain/bin/../lib/gcc/avr/4.4.3/../../../../avr/lib/avr5\libc.a(realloc.o)
                0x0000595c                realloc
 .text.avr-libc
                0x00005afe       0x4e c:/program files/atmel/avr tools/avr toolchain/bin/../lib/gcc/avr/4.4.3/../../../../avr/lib/avr5\libc.a(atol.o)
                0x00005afe                atol
 .text.avr-libc
                0x00005b4c       0x10 c:/program files/atmel/avr tools/avr toolchain/bin/../lib/gcc/avr/4.4.3/../../../../avr/lib/avr5\libc.a(isspace.o)
                0x00005b4c                isspace
 .text.avr-libc
                0x00005b5c       0x10 c:/program files/atmel/avr tools/avr toolchain/bin/../lib/gcc/avr/4.4.3/../../../../avr/lib/avr5\libc.a(tolower.o)
                0x00005b5c                tolower
 .text.avr-libc
                0x00005b6c       0x10 c:/program files/atmel/avr tools/avr toolchain/bin/../lib/gcc/avr/4.4.3/../../../../avr/lib/avr5\libc.a(toupper.o)
                0x00005b6c                toupper
 .text.avr-libc
                0x00005b7c       0x12 c:/program files/atmel/avr tools/avr toolchain/bin/../lib/gcc/avr/4.4.3/../../../../avr/lib/avr5\libc.a(memcpy.o)
                0x00005b7c                memcpy
 .text.avr-libc
                0x00005b8e        0xe c:/program files/atmel/avr tools/avr toolchain/bin/../lib/gcc/avr/4.4.3/../../../../avr/lib/avr5\libc.a(memset.o)
                0x00005b8e                memset
 .text.avr-libc
                0x00005b9c       0x16 c:/program files/atmel/avr tools/avr toolchain/bin/../lib/gcc/avr/4.4.3/../../../../avr/lib/avr5\libc.a(strcat.o)
                0x00005b9c                strcat
 .text.avr-libc
                0x00005bb2       0x16 c:/program files/atmel/avr tools/avr toolchain/bin/../lib/gcc/avr/4.4.3/../../../../avr/lib/avr5\libc.a(strchr.o)
                0x00005bb2                strchr
 .text.avr-libc
                0x00005bc8       0x12 c:/program files/atmel/avr tools/avr toolchain/bin/../lib/gcc/avr/4.4.3/../../../../avr/lib/avr5\libc.a(strcmp.o)
                0x00005bc8                strcmp
 .text.avr-libc
                0x00005bda        0xe c:/program files/atmel/avr tools/avr toolchain/bin/../lib/gcc/avr/4.4.3/../../../../avr/lib/avr5\libc.a(strcpy.o)
                0x00005bda                strcpy
 .text.avr-libc
                0x00005be8       0x1c c:/program files/atmel/avr tools/avr toolchain/bin/../lib/gcc/avr/4.4.3/../../../../avr/lib/avr5\libc.a(strncmp.o)
                0x00005be8                strncmp
 .text.avr-libc
                0x00005c04       0x1e c:/program files/atmel/avr tools/avr toolchain/bin/../lib/gcc/avr/4.4.3/../../../../avr/lib/avr5\libc.a(strncpy.o)
                0x00005c04                strncpy
 .text.avr-libc
                0x00005c22       0x16 c:/program files/atmel/avr tools/avr toolchain/bin/../lib/gcc/avr/4.4.3/../../../../avr/lib/avr5\libc.a(strrchr.o)
                0x00005c22                strrchr
 .text.avr-libc
                0x00005c38       0x34 c:/program files/atmel/avr tools/avr toolchain/bin/../lib/gcc/avr/4.4.3/../../../../avr/lib/avr5\libc.a(strstr.o)
                0x00005c38                strstr
 .text.avr-libc
                0x00005c6c       0x42 c:/program files/atmel/avr tools/avr toolchain/bin/../lib/gcc/avr/4.4.3/../../../../avr/lib/avr5\libc.a(itoa.o)
                0x00005c6c                itoa
 .text.avr-libc
                0x00005cae       0x68 c:/program files/atmel/avr tools/avr toolchain/bin/../lib/gcc/avr/4.4.3/../../../../avr/lib/avr5\libc.a(ltoa.o)
                0x00005cae                ltoa
 .text.avr-libc
                0x00005d16       0x2a c:/program files/atmel/avr tools/avr toolchain/bin/../lib/gcc/avr/4.4.3/../../../../avr/lib/avr5\libc.a(mulsi10.o)
                0x00005d16                __mulsi_const_10
 .text.avr-libc
                0x00005d40       0x4a c:/program files/atmel/avr tools/avr toolchain/bin/../lib/gcc/avr/4.4.3/../../../../avr/lib/avr5\libc.a(ultoa.o)
                0x00005d40                ultoa
 .text.avr-libc
                0x00005d8a       0x46 c:/program files/atmel/avr tools/avr toolchain/bin/../lib/gcc/avr/4.4.3/../../../../avr/lib/avr5\libc.a(sprintf.o)
                0x00005d8a                sprintf
 .text.avr-libc
                0x00005dd0      0x3b2 c:/program files/atmel/avr tools/avr toolchain/bin/../lib/gcc/avr/4.4.3/../../../../avr/lib/avr5\libc.a(vfprintf_std.o)
                0x00005dd0                vfprintf
 .text.avr-libc
                0x00006182        0x6 c:/program files/atmel/avr tools/avr toolchain/bin/../lib/gcc/avr/4.4.3/../../../../avr/lib/avr5\libc.a(cty_isfalse.o)
                0x00006182                __ctype_isfalse
                0x00006186                __ctype_istrue
 .text.avr-libc
                0x00006188       0x16 c:/program files/atmel/avr tools/avr toolchain/bin/../lib/gcc/avr/4.4.3/../../../../avr/lib/avr5\libc.a(strnlen_P.o)
                0x00006188                strnlen_P
 .text.avr-libc
                0x0000619e       0x16 c:/program files/atmel/avr tools/avr toolchain/bin/../lib/gcc/avr/4.4.3/../../../../avr/lib/avr5\libc.a(strnlen.o)
                0x0000619e                strnlen
 .text.avr-libc
                0x000061b4       0x20 c:/program files/atmel/avr tools/avr toolchain/bin/../lib/gcc/avr/4.4.3/../../../../avr/lib/avr5\libc.a(strrev.o)
                0x000061b4                strrev
 .text.avr-libc
                0x000061d4       0x58 c:/program files/atmel/avr tools/avr toolchain/bin/../lib/gcc/avr/4.4.3/../../../../avr/lib/avr5\libc.a(fputc.o)
                0x000061d4                fputc
 .text.avr-libc
                0x0000622c       0xbc c:/program files/atmel/avr tools/avr toolchain/bin/../lib/gcc/avr/4.4.3/../../../../avr/lib/avr5\libc.a(ultoa_invert.o)
                0x0000622c                __ultoa_invert
                0x000062e8                . = ALIGN (0x2)
 *(.fini9)
 .fini9         0x000062e8        0x0 c:/program files/atmel/avr tools/avr toolchain/bin/../lib/gcc/avr/4.4.3/avr5\libgcc.a(_exit.o)
                0x000062e8                _exit
                0x000062e8                exit
 *(.fini9)
 *(.fini8)
 *(.fini8)
 *(.fini7)
 *(.fini7)
 *(.fini6)
 .fini6         0x000062e8       0x16 c:/program files/atmel/avr tools/avr toolchain/bin/../lib/gcc/avr/4.4.3/avr5\libgcc.a(_dtors.o)
                0x000062e8                __do_global_dtors
 *(.fini6)
 *(.fini5)
 *(.fini5)
 *(.fini4)
 *(.fini4)
 *(.fini3)
 *(.fini3)
 *(.fini2)
 *(.fini2)
 *(.fini1)
 *(.fini1)
 *(.fini0)
 .fini0         0x000062fe        0x4 c:/program files/atmel/avr tools/avr toolchain/bin/../lib/gcc/avr/4.4.3/avr5\libgcc.a(_exit.o)
 *(.fini0)
                0x00006302                _etext = .

.data           0x00800100      0x1a4 load address 0x00006302
                0x00800100                PROVIDE (__data_start, .)
 *(.data)
 .data          0x00800100        0x0 c:/program files/atmel/avr tools/avr toolchain/bin/../lib/gcc/avr/4.4.3/../../../../avr/lib/avr5/crtm328p.o
 .data          0x00800100       0x25 main.o
                0x00800119                dist_map9
                0x0080011f                angle_map9
 .data          0x00800125        0x0 compass.o
 .data          0x00800125        0x0 missiontasks.o
 .data          0x00800125        0x0 pid.o
 .data          0x00800125       0x2e MissionConsole.o
 .data          0x00800153       0x11 B:\atmel_projects\RoverMission\library\libroverarduino.a(AFMotor.o)
                0x00800153                microstepcurve
 .data          0x00800164       0x24 B:\atmel_projects\RoverMission\library\libroverarduino.a(HardwareSerial.o)
                0x00800164                vtable for HardwareSerial
                0x00800176                vtable for Stream
 .data          0x00800188        0xc B:\atmel_projects\RoverMission\library\libroverarduino.a(Print.o)
                0x0080018a                vtable for Print
 .data          0x00800194        0x0 B:\atmel_projects\RoverMission\library\libroverarduino.a(Wire.o)
 .data          0x00800194        0x0 B:\atmel_projects\RoverMission\library\libroverarduino.a(wiring.o)
 .data          0x00800194        0x1 B:\atmel_projects\RoverMission\library\libroverarduino.a(wiring_analog.o)
                0x00800194                analog_reference
 .data          0x00800195        0x0 B:\atmel_projects\RoverMission\library\libroverarduino.a(wiring_digital.o)
 .data          0x00800195        0x1 B:\atmel_projects\RoverMission\library\libroverarduino.a(WString.o)
 .data          0x00800196        0x0 B:\atmel_projects\RoverMission\library\libroverarduino.a(cplusplushelper.o)
 .data          0x00800196        0x0 B:\atmel_projects\RoverMission\library\libroverarduino.a(pins_arduino.o)
 .data          0x00800196        0x0 B:\atmel_projects\RoverMission\library\libroverarduino.a(twi.o)
 .data          0x00800196        0x0 c:/program files/atmel/avr tools/avr toolchain/bin/../lib/gcc/avr/4.4.3/avr5\libgcc.a(_udivmodhi4.o)
 .data          0x00800196        0x0 c:/program files/atmel/avr tools/avr toolchain/bin/../lib/gcc/avr/4.4.3/avr5\libgcc.a(_divmodhi4.o)
 .data          0x00800196        0x0 c:/program files/atmel/avr tools/avr toolchain/bin/../lib/gcc/avr/4.4.3/avr5\libgcc.a(_udivmodsi4.o)
 .data          0x00800196        0x0 c:/program files/atmel/avr tools/avr toolchain/bin/../lib/gcc/avr/4.4.3/avr5\libgcc.a(_exit.o)
 .data          0x00800196        0x0 c:/program files/atmel/avr tools/avr toolchain/bin/../lib/gcc/avr/4.4.3/avr5\libgcc.a(_copy_data.o)
 .data          0x00800196        0x0 c:/program files/atmel/avr tools/avr toolchain/bin/../lib/gcc/avr/4.4.3/avr5\libgcc.a(_clear_bss.o)
 .data          0x00800196        0x0 c:/program files/atmel/avr tools/avr toolchain/bin/../lib/gcc/avr/4.4.3/avr5\libgcc.a(_ctors.o)
 .data          0x00800196        0x0 c:/program files/atmel/avr tools/avr toolchain/bin/../lib/gcc/avr/4.4.3/avr5\libgcc.a(_dtors.o)
 .data          0x00800196        0x0 c:/program files/atmel/avr tools/avr toolchain/bin/../lib/gcc/avr/4.4.3/avr5\libgcc.a(_fixunssfsi.o)
 .data          0x00800196        0x0 c:/program files/atmel/avr tools/avr toolchain/bin/../lib/gcc/avr/4.4.3/avr5\libgcc.a(_addsub_sf.o)
 .data          0x00800196        0x0 c:/program files/atmel/avr tools/avr toolchain/bin/../lib/gcc/avr/4.4.3/avr5\libgcc.a(_mul_sf.o)
 .data          0x00800196        0x0 c:/program files/atmel/avr tools/avr toolchain/bin/../lib/gcc/avr/4.4.3/avr5\libgcc.a(_div_sf.o)
 .data          0x00800196        0x0 c:/program files/atmel/avr tools/avr toolchain/bin/../lib/gcc/avr/4.4.3/avr5\libgcc.a(_gt_sf.o)
 .data          0x00800196        0x0 c:/program files/atmel/avr tools/avr toolchain/bin/../lib/gcc/avr/4.4.3/avr5\libgcc.a(_ge_sf.o)
 .data          0x00800196        0x0 c:/program files/atmel/avr tools/avr toolchain/bin/../lib/gcc/avr/4.4.3/avr5\libgcc.a(_lt_sf.o)
 .data          0x00800196        0x0 c:/program files/atmel/avr tools/avr toolchain/bin/../lib/gcc/avr/4.4.3/avr5\libgcc.a(_si_to_sf.o)
 .data          0x00800196        0x0 c:/program files/atmel/avr tools/avr toolchain/bin/../lib/gcc/avr/4.4.3/avr5\libgcc.a(_sf_to_si.o)
 .data          0x00800196        0x8 c:/program files/atmel/avr tools/avr toolchain/bin/../lib/gcc/avr/4.4.3/avr5\libgcc.a(_thenan_sf.o)
                0x00800196                __thenan_sf
 .data          0x0080019e        0x0 c:/program files/atmel/avr tools/avr toolchain/bin/../lib/gcc/avr/4.4.3/avr5\libgcc.a(_usi_to_sf.o)
 .data          0x0080019e        0x0 c:/program files/atmel/avr tools/avr toolchain/bin/../lib/gcc/avr/4.4.3/avr5\libgcc.a(_prologue.o)
 .data          0x0080019e        0x0 c:/program files/atmel/avr tools/avr toolchain/bin/../lib/gcc/avr/4.4.3/avr5\libgcc.a(_epilogue.o)
 .data          0x0080019e        0x0 c:/program files/atmel/avr tools/avr toolchain/bin/../lib/gcc/avr/4.4.3/avr5\libgcc.a(_tablejump.o)
 .data          0x0080019e        0x0 c:/program files/atmel/avr tools/avr toolchain/bin/../lib/gcc/avr/4.4.3/avr5\libgcc.a(_clzsi2.o)
 .data          0x0080019e        0x0 c:/program files/atmel/avr tools/avr toolchain/bin/../lib/gcc/avr/4.4.3/avr5\libgcc.a(_pack_sf.o)
 .data          0x0080019e        0x0 c:/program files/atmel/avr tools/avr toolchain/bin/../lib/gcc/avr/4.4.3/avr5\libgcc.a(_unpack_sf.o)
 .data          0x0080019e        0x0 c:/program files/atmel/avr tools/avr toolchain/bin/../lib/gcc/avr/4.4.3/avr5\libgcc.a(_fpcmp_parts_sf.o)
 .data          0x0080019e      0x100 c:/program files/atmel/avr tools/avr toolchain/bin/../lib/gcc/avr/4.4.3/avr5\libgcc.a(_clz.o)
                0x0080019e                __clz_tab
 .data          0x0080029e        0x0 c:/program files/atmel/avr tools/avr toolchain/bin/../lib/gcc/avr/4.4.3/../../../../avr/lib/avr5\libm.a(acos.o)
 .data          0x0080029e        0x0 c:/program files/atmel/avr tools/avr toolchain/bin/../lib/gcc/avr/4.4.3/../../../../avr/lib/avr5\libm.a(addsf3x.o)
 .data          0x0080029e        0x0 c:/program files/atmel/avr tools/avr toolchain/bin/../lib/gcc/avr/4.4.3/../../../../avr/lib/avr5\libm.a(cos.o)
 .data          0x0080029e        0x0 c:/program files/atmel/avr tools/avr toolchain/bin/../lib/gcc/avr/4.4.3/../../../../avr/lib/avr5\libm.a(fp_arccos.o)
 .data          0x0080029e        0x0 c:/program files/atmel/avr tools/avr toolchain/bin/../lib/gcc/avr/4.4.3/../../../../avr/lib/avr5\libm.a(fp_inf.o)
 .data          0x0080029e        0x0 c:/program files/atmel/avr tools/avr toolchain/bin/../lib/gcc/avr/4.4.3/../../../../avr/lib/avr5\libm.a(fp_nan.o)
 .data          0x0080029e        0x0 c:/program files/atmel/avr tools/avr toolchain/bin/../lib/gcc/avr/4.4.3/../../../../avr/lib/avr5\libm.a(fp_powser.o)
 .data          0x0080029e        0x0 c:/program files/atmel/avr tools/avr toolchain/bin/../lib/gcc/avr/4.4.3/../../../../avr/lib/avr5\libm.a(fp_pscA.o)
 .data          0x0080029e        0x0 c:/program files/atmel/avr tools/avr toolchain/bin/../lib/gcc/avr/4.4.3/../../../../avr/lib/avr5\libm.a(fp_pscB.o)
 .data          0x0080029e        0x0 c:/program files/atmel/avr tools/avr toolchain/bin/../lib/gcc/avr/4.4.3/../../../../avr/lib/avr5\libm.a(fp_rempio2.o)
 .data          0x0080029e        0x0 c:/program files/atmel/avr tools/avr toolchain/bin/../lib/gcc/avr/4.4.3/../../../../avr/lib/avr5\libm.a(fp_round.o)
 .data          0x0080029e        0x0 c:/program files/atmel/avr tools/avr toolchain/bin/../lib/gcc/avr/4.4.3/../../../../avr/lib/avr5\libm.a(fp_sinus.o)
 .data          0x0080029e        0x0 c:/program files/atmel/avr tools/avr toolchain/bin/../lib/gcc/avr/4.4.3/../../../../avr/lib/avr5\libm.a(fp_split3.o)
 .data          0x0080029e        0x0 c:/program files/atmel/avr tools/avr toolchain/bin/../lib/gcc/avr/4.4.3/../../../../avr/lib/avr5\libm.a(fp_zero.o)
 .data          0x0080029e        0x0 c:/program files/atmel/avr tools/avr toolchain/bin/../lib/gcc/avr/4.4.3/../../../../avr/lib/avr5\libm.a(mulsf3x.o)
 .data          0x0080029e        0x0 c:/program files/atmel/avr tools/avr toolchain/bin/../lib/gcc/avr/4.4.3/../../../../avr/lib/avr5\libm.a(sqrt.o)
 .data          0x0080029e        0x0 c:/program files/atmel/avr tools/avr toolchain/bin/../lib/gcc/avr/4.4.3/../../../../avr/lib/avr5\libm.a(fp_mpack.o)
 .data          0x0080029e        0x0 c:/program files/atmel/avr tools/avr toolchain/bin/../lib/gcc/avr/4.4.3/../../../../avr/lib/avr5\libm.a(fp_norm2.o)
 .data          0x0080029e        0x0 c:/program files/atmel/avr tools/avr toolchain/bin/../lib/gcc/avr/4.4.3/../../../../avr/lib/avr5\libm.a(fp_powsodd.o)
 .data          0x0080029e        0x0 c:/program files/atmel/avr tools/avr toolchain/bin/../lib/gcc/avr/4.4.3/../../../../avr/lib/avr5\libc.a(calloc.o)
 .data          0x0080029e        0x6 c:/program files/atmel/avr tools/avr toolchain/bin/../lib/gcc/avr/4.4.3/../../../../avr/lib/avr5\libc.a(malloc.o)
                0x0080029e                __malloc_margin
                0x008002a0                __malloc_heap_start
                0x008002a2                __malloc_heap_end
 .data          0x008002a4        0x0 c:/program files/atmel/avr tools/avr toolchain/bin/../lib/gcc/avr/4.4.3/../../../../avr/lib/avr5\libc.a(realloc.o)
 .data          0x008002a4        0x0 c:/program files/atmel/avr tools/avr toolchain/bin/../lib/gcc/avr/4.4.3/../../../../avr/lib/avr5\libc.a(atol.o)
 .data          0x008002a4        0x0 c:/program files/atmel/avr tools/avr toolchain/bin/../lib/gcc/avr/4.4.3/../../../../avr/lib/avr5\libc.a(isspace.o)
 .data          0x008002a4        0x0 c:/program files/atmel/avr tools/avr toolchain/bin/../lib/gcc/avr/4.4.3/../../../../avr/lib/avr5\libc.a(tolower.o)
 .data          0x008002a4        0x0 c:/program files/atmel/avr tools/avr toolchain/bin/../lib/gcc/avr/4.4.3/../../../../avr/lib/avr5\libc.a(toupper.o)
 .data          0x008002a4        0x0 c:/program files/atmel/avr tools/avr toolchain/bin/../lib/gcc/avr/4.4.3/../../../../avr/lib/avr5\libc.a(memcpy.o)
 .data          0x008002a4        0x0 c:/program files/atmel/avr tools/avr toolchain/bin/../lib/gcc/avr/4.4.3/../../../../avr/lib/avr5\libc.a(memset.o)
 .data          0x008002a4        0x0 c:/program files/atmel/avr tools/avr toolchain/bin/../lib/gcc/avr/4.4.3/../../../../avr/lib/avr5\libc.a(strcat.o)
 .data          0x008002a4        0x0 c:/program files/atmel/avr tools/avr toolchain/bin/../lib/gcc/avr/4.4.3/../../../../avr/lib/avr5\libc.a(strchr.o)
 .data          0x008002a4        0x0 c:/program files/atmel/avr tools/avr toolchain/bin/../lib/gcc/avr/4.4.3/../../../../avr/lib/avr5\libc.a(strcmp.o)
 .data          0x008002a4        0x0 c:/program files/atmel/avr tools/avr toolchain/bin/../lib/gcc/avr/4.4.3/../../../../avr/lib/avr5\libc.a(strcpy.o)
 .data          0x008002a4        0x0 c:/program files/atmel/avr tools/avr toolchain/bin/../lib/gcc/avr/4.4.3/../../../../avr/lib/avr5\libc.a(strncmp.o)
 .data          0x008002a4        0x0 c:/program files/atmel/avr tools/avr toolchain/bin/../lib/gcc/avr/4.4.3/../../../../avr/lib/avr5\libc.a(strncpy.o)
 .data          0x008002a4        0x0 c:/program files/atmel/avr tools/avr toolchain/bin/../lib/gcc/avr/4.4.3/../../../../avr/lib/avr5\libc.a(strrchr.o)
 .data          0x008002a4        0x0 c:/program files/atmel/avr tools/avr toolchain/bin/../lib/gcc/avr/4.4.3/../../../../avr/lib/avr5\libc.a(strstr.o)
 .data          0x008002a4        0x0 c:/program files/atmel/avr tools/avr toolchain/bin/../lib/gcc/avr/4.4.3/../../../../avr/lib/avr5\libc.a(itoa.o)
 .data          0x008002a4        0x0 c:/program files/atmel/avr tools/avr toolchain/bin/../lib/gcc/avr/4.4.3/../../../../avr/lib/avr5\libc.a(ltoa.o)
 .data          0x008002a4        0x0 c:/program files/atmel/avr tools/avr toolchain/bin/../lib/gcc/avr/4.4.3/../../../../avr/lib/avr5\libc.a(mulsi10.o)
 .data          0x008002a4        0x0 c:/program files/atmel/avr tools/avr toolchain/bin/../lib/gcc/avr/4.4.3/../../../../avr/lib/avr5\libc.a(ultoa.o)
 .data          0x008002a4        0x0 c:/program files/atmel/avr tools/avr toolchain/bin/../lib/gcc/avr/4.4.3/../../../../avr/lib/avr5\libc.a(sprintf.o)
 .data          0x008002a4        0x0 c:/program files/atmel/avr tools/avr toolchain/bin/../lib/gcc/avr/4.4.3/../../../../avr/lib/avr5\libc.a(vfprintf_std.o)
 .data          0x008002a4        0x0 c:/program files/atmel/avr tools/avr toolchain/bin/../lib/gcc/avr/4.4.3/../../../../avr/lib/avr5\libc.a(cty_isfalse.o)
 .data          0x008002a4        0x0 c:/program files/atmel/avr tools/avr toolchain/bin/../lib/gcc/avr/4.4.3/../../../../avr/lib/avr5\libc.a(strnlen_P.o)
 .data          0x008002a4        0x0 c:/program files/atmel/avr tools/avr toolchain/bin/../lib/gcc/avr/4.4.3/../../../../avr/lib/avr5\libc.a(strnlen.o)
 .data          0x008002a4        0x0 c:/program files/atmel/avr tools/avr toolchain/bin/../lib/gcc/avr/4.4.3/../../../../avr/lib/avr5\libc.a(strrev.o)
 .data          0x008002a4        0x0 c:/program files/atmel/avr tools/avr toolchain/bin/../lib/gcc/avr/4.4.3/../../../../avr/lib/avr5\libc.a(fputc.o)
 .data          0x008002a4        0x0 c:/program files/atmel/avr tools/avr toolchain/bin/../lib/gcc/avr/4.4.3/../../../../avr/lib/avr5\libc.a(ultoa_invert.o)
 *(.data*)
 *(.rodata)
 *(.rodata*)
 *(.gnu.linkonce.d*)
                0x008002a4                . = ALIGN (0x2)
                0x008002a4                _edata = .
                0x008002a4                PROVIDE (__data_end, .)

.bss            0x008002a4      0x4ac
                0x008002a4                PROVIDE (__bss_start, .)
 *(.bss)
 .bss           0x008002a4        0x0 c:/program files/atmel/avr tools/avr toolchain/bin/../lib/gcc/avr/4.4.3/../../../../avr/lib/avr5/crtm328p.o
 .bss           0x008002a4      0x34f main.o
                0x008002a4                compass
                0x008002a8                mission
                0x008002aa                motor_l
                0x008002ac                motor_r
                0x008002ae                motor_s
                0x008002ba                room_map1
                0x0080044a                room_map2
                0x008005da                dist_map
                0x008005e4                angle_map
                0x008005ee                debug
                0x008005ef                lr_dist
                0x008005f1                mr_dist
 .bss           0x008005f3        0x0 compass.o
 .bss           0x008005f3        0x0 missiontasks.o
 .bss           0x008005f3        0x0 pid.o
 .bss           0x008005f3        0x0 MissionConsole.o
 .bss           0x008005f3        0x2 B:\atmel_projects\RoverMission\library\libroverarduino.a(AFMotor.o)
 .bss           0x008005f5       0x97 B:\atmel_projects\RoverMission\library\libroverarduino.a(HardwareSerial.o)
                0x008005f5                rx_buffer
                0x00800679                Serial
 .bss           0x0080068c        0x0 B:\atmel_projects\RoverMission\library\libroverarduino.a(Print.o)
 .bss           0x0080068c       0x4a B:\atmel_projects\RoverMission\library\libroverarduino.a(Wire.o)
                0x0080068c                TwoWire::rxBuffer
                0x008006ac                TwoWire::rxBufferIndex
                0x008006ad                TwoWire::rxBufferLength
                0x008006ae                TwoWire::txAddress
                0x008006af                TwoWire::txBuffer
                0x008006cf                TwoWire::txBufferIndex
                0x008006d0                TwoWire::txBufferLength
                0x008006d1                TwoWire::transmitting
                0x008006d2                TwoWire::user_onRequest
                0x008006d4                TwoWire::user_onReceive
 .bss           0x008006d6        0x9 B:\atmel_projects\RoverMission\library\libroverarduino.a(wiring.o)
                0x008006d6                timer0_overflow_count
                0x008006da                timer0_millis
 .bss           0x008006df        0x0 B:\atmel_projects\RoverMission\library\libroverarduino.a(wiring_analog.o)
 .bss           0x008006df        0x0 B:\atmel_projects\RoverMission\library\libroverarduino.a(wiring_digital.o)
 .bss           0x008006df        0x1 B:\atmel_projects\RoverMission\library\libroverarduino.a(WString.o)
 .bss           0x008006e0        0x0 B:\atmel_projects\RoverMission\library\libroverarduino.a(cplusplushelper.o)
 .bss           0x008006e0        0x0 B:\atmel_projects\RoverMission\library\libroverarduino.a(pins_arduino.o)
 .bss           0x008006e0       0x6c B:\atmel_projects\RoverMission\library\libroverarduino.a(twi.o)
 .bss           0x0080074c        0x0 c:/program files/atmel/avr tools/avr toolchain/bin/../lib/gcc/avr/4.4.3/avr5\libgcc.a(_udivmodhi4.o)
 .bss           0x0080074c        0x0 c:/program files/atmel/avr tools/avr toolchain/bin/../lib/gcc/avr/4.4.3/avr5\libgcc.a(_divmodhi4.o)
 .bss           0x0080074c        0x0 c:/program files/atmel/avr tools/avr toolchain/bin/../lib/gcc/avr/4.4.3/avr5\libgcc.a(_udivmodsi4.o)
 .bss           0x0080074c        0x0 c:/program files/atmel/avr tools/avr toolchain/bin/../lib/gcc/avr/4.4.3/avr5\libgcc.a(_exit.o)
 .bss           0x0080074c        0x0 c:/program files/atmel/avr tools/avr toolchain/bin/../lib/gcc/avr/4.4.3/avr5\libgcc.a(_copy_data.o)
 .bss           0x0080074c        0x0 c:/program files/atmel/avr tools/avr toolchain/bin/../lib/gcc/avr/4.4.3/avr5\libgcc.a(_clear_bss.o)
 .bss           0x0080074c        0x0 c:/program files/atmel/avr tools/avr toolchain/bin/../lib/gcc/avr/4.4.3/avr5\libgcc.a(_ctors.o)
 .bss           0x0080074c        0x0 c:/program files/atmel/avr tools/avr toolchain/bin/../lib/gcc/avr/4.4.3/avr5\libgcc.a(_dtors.o)
 .bss           0x0080074c        0x0 c:/program files/atmel/avr tools/avr toolchain/bin/../lib/gcc/avr/4.4.3/avr5\libgcc.a(_fixunssfsi.o)
 .bss           0x0080074c        0x0 c:/program files/atmel/avr tools/avr toolchain/bin/../lib/gcc/avr/4.4.3/avr5\libgcc.a(_addsub_sf.o)
 .bss           0x0080074c        0x0 c:/program files/atmel/avr tools/avr toolchain/bin/../lib/gcc/avr/4.4.3/avr5\libgcc.a(_mul_sf.o)
 .bss           0x0080074c        0x0 c:/program files/atmel/avr tools/avr toolchain/bin/../lib/gcc/avr/4.4.3/avr5\libgcc.a(_div_sf.o)
 .bss           0x0080074c        0x0 c:/program files/atmel/avr tools/avr toolchain/bin/../lib/gcc/avr/4.4.3/avr5\libgcc.a(_gt_sf.o)
 .bss           0x0080074c        0x0 c:/program files/atmel/avr tools/avr toolchain/bin/../lib/gcc/avr/4.4.3/avr5\libgcc.a(_ge_sf.o)
 .bss           0x0080074c        0x0 c:/program files/atmel/avr tools/avr toolchain/bin/../lib/gcc/avr/4.4.3/avr5\libgcc.a(_lt_sf.o)
 .bss           0x0080074c        0x0 c:/program files/atmel/avr tools/avr toolchain/bin/../lib/gcc/avr/4.4.3/avr5\libgcc.a(_si_to_sf.o)
 .bss           0x0080074c        0x0 c:/program files/atmel/avr tools/avr toolchain/bin/../lib/gcc/avr/4.4.3/avr5\libgcc.a(_sf_to_si.o)
 .bss           0x0080074c        0x0 c:/program files/atmel/avr tools/avr toolchain/bin/../lib/gcc/avr/4.4.3/avr5\libgcc.a(_thenan_sf.o)
 .bss           0x0080074c        0x0 c:/program files/atmel/avr tools/avr toolchain/bin/../lib/gcc/avr/4.4.3/avr5\libgcc.a(_usi_to_sf.o)
 .bss           0x0080074c        0x0 c:/program files/atmel/avr tools/avr toolchain/bin/../lib/gcc/avr/4.4.3/avr5\libgcc.a(_prologue.o)
 .bss           0x0080074c        0x0 c:/program files/atmel/avr tools/avr toolchain/bin/../lib/gcc/avr/4.4.3/avr5\libgcc.a(_epilogue.o)
 .bss           0x0080074c        0x0 c:/program files/atmel/avr tools/avr toolchain/bin/../lib/gcc/avr/4.4.3/avr5\libgcc.a(_tablejump.o)
 .bss           0x0080074c        0x0 c:/program files/atmel/avr tools/avr toolchain/bin/../lib/gcc/avr/4.4.3/avr5\libgcc.a(_clzsi2.o)
 .bss           0x0080074c        0x0 c:/program files/atmel/avr tools/avr toolchain/bin/../lib/gcc/avr/4.4.3/avr5\libgcc.a(_pack_sf.o)
 .bss           0x0080074c        0x0 c:/program files/atmel/avr tools/avr toolchain/bin/../lib/gcc/avr/4.4.3/avr5\libgcc.a(_unpack_sf.o)
 .bss           0x0080074c        0x0 c:/program files/atmel/avr tools/avr toolchain/bin/../lib/gcc/avr/4.4.3/avr5\libgcc.a(_fpcmp_parts_sf.o)
 .bss           0x0080074c        0x0 c:/program files/atmel/avr tools/avr toolchain/bin/../lib/gcc/avr/4.4.3/avr5\libgcc.a(_clz.o)
 .bss           0x0080074c        0x0 c:/program files/atmel/avr tools/avr toolchain/bin/../lib/gcc/avr/4.4.3/../../../../avr/lib/avr5\libm.a(acos.o)
 .bss           0x0080074c        0x0 c:/program files/atmel/avr tools/avr toolchain/bin/../lib/gcc/avr/4.4.3/../../../../avr/lib/avr5\libm.a(addsf3x.o)
 .bss           0x0080074c        0x0 c:/program files/atmel/avr tools/avr toolchain/bin/../lib/gcc/avr/4.4.3/../../../../avr/lib/avr5\libm.a(cos.o)
 .bss           0x0080074c        0x0 c:/program files/atmel/avr tools/avr toolchain/bin/../lib/gcc/avr/4.4.3/../../../../avr/lib/avr5\libm.a(fp_arccos.o)
 .bss           0x0080074c        0x0 c:/program files/atmel/avr tools/avr toolchain/bin/../lib/gcc/avr/4.4.3/../../../../avr/lib/avr5\libm.a(fp_inf.o)
 .bss           0x0080074c        0x0 c:/program files/atmel/avr tools/avr toolchain/bin/../lib/gcc/avr/4.4.3/../../../../avr/lib/avr5\libm.a(fp_nan.o)
 .bss           0x0080074c        0x0 c:/program files/atmel/avr tools/avr toolchain/bin/../lib/gcc/avr/4.4.3/../../../../avr/lib/avr5\libm.a(fp_powser.o)
 .bss           0x0080074c        0x0 c:/program files/atmel/avr tools/avr toolchain/bin/../lib/gcc/avr/4.4.3/../../../../avr/lib/avr5\libm.a(fp_pscA.o)
 .bss           0x0080074c        0x0 c:/program files/atmel/avr tools/avr toolchain/bin/../lib/gcc/avr/4.4.3/../../../../avr/lib/avr5\libm.a(fp_pscB.o)
 .bss           0x0080074c        0x0 c:/program files/atmel/avr tools/avr toolchain/bin/../lib/gcc/avr/4.4.3/../../../../avr/lib/avr5\libm.a(fp_rempio2.o)
 .bss           0x0080074c        0x0 c:/program files/atmel/avr tools/avr toolchain/bin/../lib/gcc/avr/4.4.3/../../../../avr/lib/avr5\libm.a(fp_round.o)
 .bss           0x0080074c        0x0 c:/program files/atmel/avr tools/avr toolchain/bin/../lib/gcc/avr/4.4.3/../../../../avr/lib/avr5\libm.a(fp_sinus.o)
 .bss           0x0080074c        0x0 c:/program files/atmel/avr tools/avr toolchain/bin/../lib/gcc/avr/4.4.3/../../../../avr/lib/avr5\libm.a(fp_split3.o)
 .bss           0x0080074c        0x0 c:/program files/atmel/avr tools/avr toolchain/bin/../lib/gcc/avr/4.4.3/../../../../avr/lib/avr5\libm.a(fp_zero.o)
 .bss           0x0080074c        0x0 c:/program files/atmel/avr tools/avr toolchain/bin/../lib/gcc/avr/4.4.3/../../../../avr/lib/avr5\libm.a(mulsf3x.o)
 .bss           0x0080074c        0x0 c:/program files/atmel/avr tools/avr toolchain/bin/../lib/gcc/avr/4.4.3/../../../../avr/lib/avr5\libm.a(sqrt.o)
 .bss           0x0080074c        0x0 c:/program files/atmel/avr tools/avr toolchain/bin/../lib/gcc/avr/4.4.3/../../../../avr/lib/avr5\libm.a(fp_mpack.o)
 .bss           0x0080074c        0x0 c:/program files/atmel/avr tools/avr toolchain/bin/../lib/gcc/avr/4.4.3/../../../../avr/lib/avr5\libm.a(fp_norm2.o)
 .bss           0x0080074c        0x0 c:/program files/atmel/avr tools/avr toolchain/bin/../lib/gcc/avr/4.4.3/../../../../avr/lib/avr5\libm.a(fp_powsodd.o)
 .bss           0x0080074c        0x0 c:/program files/atmel/avr tools/avr toolchain/bin/../lib/gcc/avr/4.4.3/../../../../avr/lib/avr5\libc.a(calloc.o)
 .bss           0x0080074c        0x0 c:/program files/atmel/avr tools/avr toolchain/bin/../lib/gcc/avr/4.4.3/../../../../avr/lib/avr5\libc.a(malloc.o)
 .bss           0x0080074c        0x0 c:/program files/atmel/avr tools/avr toolchain/bin/../lib/gcc/avr/4.4.3/../../../../avr/lib/avr5\libc.a(realloc.o)
 .bss           0x0080074c        0x0 c:/program files/atmel/avr tools/avr toolchain/bin/../lib/gcc/avr/4.4.3/../../../../avr/lib/avr5\libc.a(atol.o)
 .bss           0x0080074c        0x0 c:/program files/atmel/avr tools/avr toolchain/bin/../lib/gcc/avr/4.4.3/../../../../avr/lib/avr5\libc.a(isspace.o)
 .bss           0x0080074c        0x0 c:/program files/atmel/avr tools/avr toolchain/bin/../lib/gcc/avr/4.4.3/../../../../avr/lib/avr5\libc.a(tolower.o)
 .bss           0x0080074c        0x0 c:/program files/atmel/avr tools/avr toolchain/bin/../lib/gcc/avr/4.4.3/../../../../avr/lib/avr5\libc.a(toupper.o)
 .bss           0x0080074c        0x0 c:/program files/atmel/avr tools/avr toolchain/bin/../lib/gcc/avr/4.4.3/../../../../avr/lib/avr5\libc.a(memcpy.o)
 .bss           0x0080074c        0x0 c:/program files/atmel/avr tools/avr toolchain/bin/../lib/gcc/avr/4.4.3/../../../../avr/lib/avr5\libc.a(memset.o)
 .bss           0x0080074c        0x0 c:/program files/atmel/avr tools/avr toolchain/bin/../lib/gcc/avr/4.4.3/../../../../avr/lib/avr5\libc.a(strcat.o)
 .bss           0x0080074c        0x0 c:/program files/atmel/avr tools/avr toolchain/bin/../lib/gcc/avr/4.4.3/../../../../avr/lib/avr5\libc.a(strchr.o)
 .bss           0x0080074c        0x0 c:/program files/atmel/avr tools/avr toolchain/bin/../lib/gcc/avr/4.4.3/../../../../avr/lib/avr5\libc.a(strcmp.o)
 .bss           0x0080074c        0x0 c:/program files/atmel/avr tools/avr toolchain/bin/../lib/gcc/avr/4.4.3/../../../../avr/lib/avr5\libc.a(strcpy.o)
 .bss           0x0080074c        0x0 c:/program files/atmel/avr tools/avr toolchain/bin/../lib/gcc/avr/4.4.3/../../../../avr/lib/avr5\libc.a(strncmp.o)
 .bss           0x0080074c        0x0 c:/program files/atmel/avr tools/avr toolchain/bin/../lib/gcc/avr/4.4.3/../../../../avr/lib/avr5\libc.a(strncpy.o)
 .bss           0x0080074c        0x0 c:/program files/atmel/avr tools/avr toolchain/bin/../lib/gcc/avr/4.4.3/../../../../avr/lib/avr5\libc.a(strrchr.o)
 .bss           0x0080074c        0x0 c:/program files/atmel/avr tools/avr toolchain/bin/../lib/gcc/avr/4.4.3/../../../../avr/lib/avr5\libc.a(strstr.o)
 .bss           0x0080074c        0x0 c:/program files/atmel/avr tools/avr toolchain/bin/../lib/gcc/avr/4.4.3/../../../../avr/lib/avr5\libc.a(itoa.o)
 .bss           0x0080074c        0x0 c:/program files/atmel/avr tools/avr toolchain/bin/../lib/gcc/avr/4.4.3/../../../../avr/lib/avr5\libc.a(ltoa.o)
 .bss           0x0080074c        0x0 c:/program files/atmel/avr tools/avr toolchain/bin/../lib/gcc/avr/4.4.3/../../../../avr/lib/avr5\libc.a(mulsi10.o)
 .bss           0x0080074c        0x0 c:/program files/atmel/avr tools/avr toolchain/bin/../lib/gcc/avr/4.4.3/../../../../avr/lib/avr5\libc.a(ultoa.o)
 .bss           0x0080074c        0x0 c:/program files/atmel/avr tools/avr toolchain/bin/../lib/gcc/avr/4.4.3/../../../../avr/lib/avr5\libc.a(sprintf.o)
 .bss           0x0080074c        0x0 c:/program files/atmel/avr tools/avr toolchain/bin/../lib/gcc/avr/4.4.3/../../../../avr/lib/avr5\libc.a(vfprintf_std.o)
 .bss           0x0080074c        0x0 c:/program files/atmel/avr tools/avr toolchain/bin/../lib/gcc/avr/4.4.3/../../../../avr/lib/avr5\libc.a(cty_isfalse.o)
 .bss           0x0080074c        0x0 c:/program files/atmel/avr tools/avr toolchain/bin/../lib/gcc/avr/4.4.3/../../../../avr/lib/avr5\libc.a(strnlen_P.o)
 .bss           0x0080074c        0x0 c:/program files/atmel/avr tools/avr toolchain/bin/../lib/gcc/avr/4.4.3/../../../../avr/lib/avr5\libc.a(strnlen.o)
 .bss           0x0080074c        0x0 c:/program files/atmel/avr tools/avr toolchain/bin/../lib/gcc/avr/4.4.3/../../../../avr/lib/avr5\libc.a(strrev.o)
 .bss           0x0080074c        0x0 c:/program files/atmel/avr tools/avr toolchain/bin/../lib/gcc/avr/4.4.3/../../../../avr/lib/avr5\libc.a(fputc.o)
 .bss           0x0080074c        0x0 c:/program files/atmel/avr tools/avr toolchain/bin/../lib/gcc/avr/4.4.3/../../../../avr/lib/avr5\libc.a(ultoa_invert.o)
 *(.bss*)
 *(COMMON)
 COMMON         0x0080074c        0x4 c:/program files/atmel/avr tools/avr toolchain/bin/../lib/gcc/avr/4.4.3/../../../../avr/lib/avr5\libc.a(malloc.o)
                0x0080074c                __brkval
                0x0080074e                __flp
                0x00800750                PROVIDE (__bss_end, .)
                0x00006302                __data_load_start = LOADADDR (.data)
                0x000064a6                __data_load_end = (__data_load_start + SIZEOF (.data))

.noinit         0x00800750        0x0
                0x00800750                PROVIDE (__noinit_start, .)
 *(.noinit*)
                0x00800750                PROVIDE (__noinit_end, .)
                0x00800750                _end = .
                0x00800750                PROVIDE (__heap_start, .)

.eeprom         0x00810000        0x0
 *(.eeprom*)
                0x00810000                __eeprom_end = .

.fuse
 *(.fuse)
 *(.lfuse)
 *(.hfuse)
 *(.efuse)

.lock
 *(.lock*)

.signature
 *(.signature*)

.stab           0x00000000     0x3b58
 *(.stab)
 .stab          0x00000000      0x6cc c:/program files/atmel/avr tools/avr toolchain/bin/../lib/gcc/avr/4.4.3/../../../../avr/lib/avr5/crtm328p.o
 .stab          0x000006cc       0xd8 c:/program files/atmel/avr tools/avr toolchain/bin/../lib/gcc/avr/4.4.3/../../../../avr/lib/avr5\libm.a(acos.o)
                                 0xe4 (size before relaxing)
 .stab          0x000007a4      0x4bc c:/program files/atmel/avr tools/avr toolchain/bin/../lib/gcc/avr/4.4.3/../../../../avr/lib/avr5\libm.a(addsf3x.o)
                                0x4c8 (size before relaxing)
 .stab          0x00000c60       0x54 c:/program files/atmel/avr tools/avr toolchain/bin/../lib/gcc/avr/4.4.3/../../../../avr/lib/avr5\libm.a(cos.o)
                                 0x60 (size before relaxing)
 .stab          0x00000cb4      0x174 c:/program files/atmel/avr tools/avr toolchain/bin/../lib/gcc/avr/4.4.3/../../../../avr/lib/avr5\libm.a(fp_arccos.o)
                                0x180 (size before relaxing)
 .stab          0x00000e28       0x78 c:/program files/atmel/avr tools/avr toolchain/bin/../lib/gcc/avr/4.4.3/../../../../avr/lib/avr5\libm.a(fp_inf.o)
                                 0x84 (size before relaxing)
 .stab          0x00000ea0       0x54 c:/program files/atmel/avr tools/avr toolchain/bin/../lib/gcc/avr/4.4.3/../../../../avr/lib/avr5\libm.a(fp_nan.o)
                                 0x60 (size before relaxing)
 .stab          0x00000ef4      0x1ec c:/program files/atmel/avr tools/avr toolchain/bin/../lib/gcc/avr/4.4.3/../../../../avr/lib/avr5\libm.a(fp_powser.o)
                                0x1f8 (size before relaxing)
 .stab          0x000010e0       0x84 c:/program files/atmel/avr tools/avr toolchain/bin/../lib/gcc/avr/4.4.3/../../../../avr/lib/avr5\libm.a(fp_pscA.o)
                                 0x90 (size before relaxing)
 .stab          0x00001164       0x84 c:/program files/atmel/avr tools/avr toolchain/bin/../lib/gcc/avr/4.4.3/../../../../avr/lib/avr5\libm.a(fp_pscB.o)
                                 0x90 (size before relaxing)
 .stab          0x000011e8      0x21c c:/program files/atmel/avr tools/avr toolchain/bin/../lib/gcc/avr/4.4.3/../../../../avr/lib/avr5\libm.a(fp_rempio2.o)
                                0x228 (size before relaxing)
 .stab          0x00001404       0xfc c:/program files/atmel/avr tools/avr toolchain/bin/../lib/gcc/avr/4.4.3/../../../../avr/lib/avr5\libm.a(fp_round.o)
                                0x108 (size before relaxing)
 .stab          0x00001500       0xfc c:/program files/atmel/avr tools/avr toolchain/bin/../lib/gcc/avr/4.4.3/../../../../avr/lib/avr5\libm.a(fp_sinus.o)
                                0x108 (size before relaxing)
 .stab          0x000015fc      0x1d4 c:/program files/atmel/avr tools/avr toolchain/bin/../lib/gcc/avr/4.4.3/../../../../avr/lib/avr5\libm.a(fp_split3.o)
                                0x1e0 (size before relaxing)
 .stab          0x000017d0       0x90 c:/program files/atmel/avr tools/avr toolchain/bin/../lib/gcc/avr/4.4.3/../../../../avr/lib/avr5\libm.a(fp_zero.o)
                                 0x9c (size before relaxing)
 .stab          0x00001860      0x4d4 c:/program files/atmel/avr tools/avr toolchain/bin/../lib/gcc/avr/4.4.3/../../../../avr/lib/avr5\libm.a(mulsf3x.o)
                                0x4e0 (size before relaxing)
 .stab          0x00001d34      0x354 c:/program files/atmel/avr tools/avr toolchain/bin/../lib/gcc/avr/4.4.3/../../../../avr/lib/avr5\libm.a(sqrt.o)
                                0x360 (size before relaxing)
 .stab          0x00002088       0xe4 c:/program files/atmel/avr tools/avr toolchain/bin/../lib/gcc/avr/4.4.3/../../../../avr/lib/avr5\libm.a(fp_mpack.o)
                                 0xf0 (size before relaxing)
 .stab          0x0000216c       0x84 c:/program files/atmel/avr tools/avr toolchain/bin/../lib/gcc/avr/4.4.3/../../../../avr/lib/avr5\libm.a(fp_norm2.o)
                                 0x90 (size before relaxing)
 .stab          0x000021f0       0xfc c:/program files/atmel/avr tools/avr toolchain/bin/../lib/gcc/avr/4.4.3/../../../../avr/lib/avr5\libm.a(fp_powsodd.o)
                                0x108 (size before relaxing)
 .stab          0x000022ec      0x1e0 c:/program files/atmel/avr tools/avr toolchain/bin/../lib/gcc/avr/4.4.3/../../../../avr/lib/avr5\libc.a(atol.o)
                                0x1ec (size before relaxing)
 .stab          0x000024cc       0x9c c:/program files/atmel/avr tools/avr toolchain/bin/../lib/gcc/avr/4.4.3/../../../../avr/lib/avr5\libc.a(isspace.o)
                                 0xa8 (size before relaxing)
 .stab          0x00002568       0x9c c:/program files/atmel/avr tools/avr toolchain/bin/../lib/gcc/avr/4.4.3/../../../../avr/lib/avr5\libc.a(tolower.o)
                                 0xa8 (size before relaxing)
 .stab          0x00002604       0x9c c:/program files/atmel/avr tools/avr toolchain/bin/../lib/gcc/avr/4.4.3/../../../../avr/lib/avr5\libc.a(toupper.o)
                                 0xa8 (size before relaxing)
 .stab          0x000026a0       0x84 c:/program files/atmel/avr tools/avr toolchain/bin/../lib/gcc/avr/4.4.3/../../../../avr/lib/avr5\libc.a(memcpy.o)
                                 0x90 (size before relaxing)
 .stab          0x00002724       0x6c c:/program files/atmel/avr tools/avr toolchain/bin/../lib/gcc/avr/4.4.3/../../../../avr/lib/avr5\libc.a(memset.o)
                                 0x78 (size before relaxing)
 .stab          0x00002790       0x9c c:/program files/atmel/avr tools/avr toolchain/bin/../lib/gcc/avr/4.4.3/../../../../avr/lib/avr5\libc.a(strcat.o)
                                 0xa8 (size before relaxing)
 .stab          0x0000282c       0x9c c:/program files/atmel/avr tools/avr toolchain/bin/../lib/gcc/avr/4.4.3/../../../../avr/lib/avr5\libc.a(strchr.o)
                                 0xa8 (size before relaxing)
 .stab          0x000028c8       0x84 c:/program files/atmel/avr tools/avr toolchain/bin/../lib/gcc/avr/4.4.3/../../../../avr/lib/avr5\libc.a(strcmp.o)
                                 0x90 (size before relaxing)
 .stab          0x0000294c       0x6c c:/program files/atmel/avr tools/avr toolchain/bin/../lib/gcc/avr/4.4.3/../../../../avr/lib/avr5\libc.a(strcpy.o)
                                 0x78 (size before relaxing)
 .stab          0x000029b8       0xc0 c:/program files/atmel/avr tools/avr toolchain/bin/../lib/gcc/avr/4.4.3/../../../../avr/lib/avr5\libc.a(strncmp.o)
                                 0xcc (size before relaxing)
 .stab          0x00002a78       0xcc c:/program files/atmel/avr tools/avr toolchain/bin/../lib/gcc/avr/4.4.3/../../../../avr/lib/avr5\libc.a(strncpy.o)
                                 0xd8 (size before relaxing)
 .stab          0x00002b44       0x9c c:/program files/atmel/avr tools/avr toolchain/bin/../lib/gcc/avr/4.4.3/../../../../avr/lib/avr5\libc.a(strrchr.o)
                                 0xa8 (size before relaxing)
 .stab          0x00002be0      0x150 c:/program files/atmel/avr tools/avr toolchain/bin/../lib/gcc/avr/4.4.3/../../../../avr/lib/avr5\libc.a(strstr.o)
                                0x15c (size before relaxing)
 .stab          0x00002d30      0x1b0 c:/program files/atmel/avr tools/avr toolchain/bin/../lib/gcc/avr/4.4.3/../../../../avr/lib/avr5\libc.a(itoa.o)
                                0x1bc (size before relaxing)
 .stab          0x00002ee0      0x294 c:/program files/atmel/avr tools/avr toolchain/bin/../lib/gcc/avr/4.4.3/../../../../avr/lib/avr5\libc.a(ltoa.o)
                                0x2a0 (size before relaxing)
 .stab          0x00003174      0x114 c:/program files/atmel/avr tools/avr toolchain/bin/../lib/gcc/avr/4.4.3/../../../../avr/lib/avr5\libc.a(mulsi10.o)
                                0x120 (size before relaxing)
 .stab          0x00003288      0x1e0 c:/program files/atmel/avr tools/avr toolchain/bin/../lib/gcc/avr/4.4.3/../../../../avr/lib/avr5\libc.a(ultoa.o)
                                0x1ec (size before relaxing)
 .stab          0x00003468       0x60 c:/program files/atmel/avr tools/avr toolchain/bin/../lib/gcc/avr/4.4.3/../../../../avr/lib/avr5\libc.a(cty_isfalse.o)
                                 0x6c (size before relaxing)
 .stab          0x000034c8       0x9c c:/program files/atmel/avr tools/avr toolchain/bin/../lib/gcc/avr/4.4.3/../../../../avr/lib/avr5\libc.a(strnlen_P.o)
                                 0xa8 (size before relaxing)
 .stab          0x00003564       0x9c c:/program files/atmel/avr tools/avr toolchain/bin/../lib/gcc/avr/4.4.3/../../../../avr/lib/avr5\libc.a(strnlen.o)
                                 0xa8 (size before relaxing)
 .stab          0x00003600       0xd8 c:/program files/atmel/avr tools/avr toolchain/bin/../lib/gcc/avr/4.4.3/../../../../avr/lib/avr5\libc.a(strrev.o)
                                 0xe4 (size before relaxing)
 .stab          0x000036d8      0x480 c:/program files/atmel/avr tools/avr toolchain/bin/../lib/gcc/avr/4.4.3/../../../../avr/lib/avr5\libc.a(ultoa_invert.o)
                                0x48c (size before relaxing)

.stabstr        0x00000000      0xff3
 *(.stabstr)
 .stabstr       0x00000000      0xff3 c:/program files/atmel/avr tools/avr toolchain/bin/../lib/gcc/avr/4.4.3/../../../../avr/lib/avr5/crtm328p.o

.stab.excl
 *(.stab.excl)

.stab.exclstr
 *(.stab.exclstr)

.stab.index
 *(.stab.index)

.stab.indexstr
 *(.stab.indexstr)

.comment
 *(.comment)

.debug
 *(.debug)

.line
 *(.line)

.debug_srcinfo
 *(.debug_srcinfo)

.debug_sfnames
 *(.debug_sfnames)

.debug_aranges  0x00000000      0x3c8
 *(.debug_aranges)
 .debug_aranges
                0x00000000       0x20 B:\atmel_projects\RoverMission\library\libroverarduino.a(AFMotor.o)
 .debug_aranges
                0x00000020       0x20 B:\atmel_projects\RoverMission\library\libroverarduino.a(HardwareSerial.o)
 .debug_aranges
                0x00000040       0x20 B:\atmel_projects\RoverMission\library\libroverarduino.a(Print.o)
 .debug_aranges
                0x00000060       0x20 B:\atmel_projects\RoverMission\library\libroverarduino.a(Wire.o)
 .debug_aranges
                0x00000080       0x20 B:\atmel_projects\RoverMission\library\libroverarduino.a(wiring.o)
 .debug_aranges
                0x000000a0       0x20 B:\atmel_projects\RoverMission\library\libroverarduino.a(wiring_analog.o)
 .debug_aranges
                0x000000c0       0x20 B:\atmel_projects\RoverMission\library\libroverarduino.a(wiring_digital.o)
 .debug_aranges
                0x000000e0       0x20 B:\atmel_projects\RoverMission\library\libroverarduino.a(WString.o)
 .debug_aranges
                0x00000100       0x20 B:\atmel_projects\RoverMission\library\libroverarduino.a(cplusplushelper.o)
 .debug_aranges
                0x00000120       0x20 B:\atmel_projects\RoverMission\library\libroverarduino.a(twi.o)
 .debug_aranges
                0x00000140       0x20 c:/program files/atmel/avr tools/avr toolchain/bin/../lib/gcc/avr/4.4.3/avr5\libgcc.a(_fixunssfsi.o)
 .debug_aranges
                0x00000160       0x20 c:/program files/atmel/avr tools/avr toolchain/bin/../lib/gcc/avr/4.4.3/avr5\libgcc.a(_addsub_sf.o)
 .debug_aranges
                0x00000180       0x20 c:/program files/atmel/avr tools/avr toolchain/bin/../lib/gcc/avr/4.4.3/avr5\libgcc.a(_mul_sf.o)
 .debug_aranges
                0x000001a0       0x20 c:/program files/atmel/avr tools/avr toolchain/bin/../lib/gcc/avr/4.4.3/avr5\libgcc.a(_div_sf.o)
 .debug_aranges
                0x000001c0       0x20 c:/program files/atmel/avr tools/avr toolchain/bin/../lib/gcc/avr/4.4.3/avr5\libgcc.a(_gt_sf.o)
 .debug_aranges
                0x000001e0       0x20 c:/program files/atmel/avr tools/avr toolchain/bin/../lib/gcc/avr/4.4.3/avr5\libgcc.a(_ge_sf.o)
 .debug_aranges
                0x00000200       0x20 c:/program files/atmel/avr tools/avr toolchain/bin/../lib/gcc/avr/4.4.3/avr5\libgcc.a(_lt_sf.o)
 .debug_aranges
                0x00000220       0x20 c:/program files/atmel/avr tools/avr toolchain/bin/../lib/gcc/avr/4.4.3/avr5\libgcc.a(_si_to_sf.o)
 .debug_aranges
                0x00000240       0x20 c:/program files/atmel/avr tools/avr toolchain/bin/../lib/gcc/avr/4.4.3/avr5\libgcc.a(_sf_to_si.o)
 .debug_aranges
                0x00000260       0x20 c:/program files/atmel/avr tools/avr toolchain/bin/../lib/gcc/avr/4.4.3/avr5\libgcc.a(_usi_to_sf.o)
 .debug_aranges
                0x00000280       0x20 c:/program files/atmel/avr tools/avr toolchain/bin/../lib/gcc/avr/4.4.3/avr5\libgcc.a(_clzsi2.o)
 .debug_aranges
                0x000002a0       0x20 c:/program files/atmel/avr tools/avr toolchain/bin/../lib/gcc/avr/4.4.3/avr5\libgcc.a(_pack_sf.o)
 .debug_aranges
                0x000002c0       0x20 c:/program files/atmel/avr tools/avr toolchain/bin/../lib/gcc/avr/4.4.3/avr5\libgcc.a(_unpack_sf.o)
 .debug_aranges
                0x000002e0       0x20 c:/program files/atmel/avr tools/avr toolchain/bin/../lib/gcc/avr/4.4.3/avr5\libgcc.a(_fpcmp_parts_sf.o)
 .debug_aranges
                0x00000300       0x20 c:/program files/atmel/avr tools/avr toolchain/bin/../lib/gcc/avr/4.4.3/../../../../avr/lib/avr5\libc.a(calloc.o)
 .debug_aranges
                0x00000320       0x28 c:/program files/atmel/avr tools/avr toolchain/bin/../lib/gcc/avr/4.4.3/../../../../avr/lib/avr5\libc.a(malloc.o)
 .debug_aranges
                0x00000348       0x20 c:/program files/atmel/avr tools/avr toolchain/bin/../lib/gcc/avr/4.4.3/../../../../avr/lib/avr5\libc.a(realloc.o)
 .debug_aranges
                0x00000368       0x20 c:/program files/atmel/avr tools/avr toolchain/bin/../lib/gcc/avr/4.4.3/../../../../avr/lib/avr5\libc.a(sprintf.o)
 .debug_aranges
                0x00000388       0x20 c:/program files/atmel/avr tools/avr toolchain/bin/../lib/gcc/avr/4.4.3/../../../../avr/lib/avr5\libc.a(vfprintf_std.o)
 .debug_aranges
                0x000003a8       0x20 c:/program files/atmel/avr tools/avr toolchain/bin/../lib/gcc/avr/4.4.3/../../../../avr/lib/avr5\libc.a(fputc.o)

.debug_pubnames
                0x00000000     0x122d
 *(.debug_pubnames)
 .debug_pubnames
                0x00000000      0x1ac B:\atmel_projects\RoverMission\library\libroverarduino.a(AFMotor.o)
 .debug_pubnames
                0x000001ac      0x137 B:\atmel_projects\RoverMission\library\libroverarduino.a(HardwareSerial.o)
 .debug_pubnames
                0x000002e3      0x1b8 B:\atmel_projects\RoverMission\library\libroverarduino.a(Print.o)
 .debug_pubnames
                0x0000049b      0x2e3 B:\atmel_projects\RoverMission\library\libroverarduino.a(Wire.o)
 .debug_pubnames
                0x0000077e       0x8d B:\atmel_projects\RoverMission\library\libroverarduino.a(wiring.o)
 .debug_pubnames
                0x0000080b       0x5a B:\atmel_projects\RoverMission\library\libroverarduino.a(wiring_analog.o)
 .debug_pubnames
                0x00000865       0x3f B:\atmel_projects\RoverMission\library\libroverarduino.a(wiring_digital.o)
 .debug_pubnames
                0x000008a4      0x46e B:\atmel_projects\RoverMission\library\libroverarduino.a(WString.o)
 .debug_pubnames
                0x00000d12       0x6f B:\atmel_projects\RoverMission\library\libroverarduino.a(cplusplushelper.o)
 .debug_pubnames
                0x00000d81       0xad B:\atmel_projects\RoverMission\library\libroverarduino.a(pins_arduino.o)
 .debug_pubnames
                0x00000e2e       0xd8 B:\atmel_projects\RoverMission\library\libroverarduino.a(twi.o)
 .debug_pubnames
                0x00000f06       0x23 c:/program files/atmel/avr tools/avr toolchain/bin/../lib/gcc/avr/4.4.3/avr5\libgcc.a(_fixunssfsi.o)
 .debug_pubnames
                0x00000f29       0x2c c:/program files/atmel/avr tools/avr toolchain/bin/../lib/gcc/avr/4.4.3/avr5\libgcc.a(_addsub_sf.o)
 .debug_pubnames
                0x00000f55       0x1f c:/program files/atmel/avr tools/avr toolchain/bin/../lib/gcc/avr/4.4.3/avr5\libgcc.a(_mul_sf.o)
 .debug_pubnames
                0x00000f74       0x1f c:/program files/atmel/avr tools/avr toolchain/bin/../lib/gcc/avr/4.4.3/avr5\libgcc.a(_div_sf.o)
 .debug_pubnames
                0x00000f93       0x1e c:/program files/atmel/avr tools/avr toolchain/bin/../lib/gcc/avr/4.4.3/avr5\libgcc.a(_gt_sf.o)
 .debug_pubnames
                0x00000fb1       0x1e c:/program files/atmel/avr tools/avr toolchain/bin/../lib/gcc/avr/4.4.3/avr5\libgcc.a(_ge_sf.o)
 .debug_pubnames
                0x00000fcf       0x1e c:/program files/atmel/avr tools/avr toolchain/bin/../lib/gcc/avr/4.4.3/avr5\libgcc.a(_lt_sf.o)
 .debug_pubnames
                0x00000fed       0x22 c:/program files/atmel/avr tools/avr toolchain/bin/../lib/gcc/avr/4.4.3/avr5\libgcc.a(_si_to_sf.o)
 .debug_pubnames
                0x0000100f       0x20 c:/program files/atmel/avr tools/avr toolchain/bin/../lib/gcc/avr/4.4.3/avr5\libgcc.a(_sf_to_si.o)
 .debug_pubnames
                0x0000102f       0x22 c:/program files/atmel/avr tools/avr toolchain/bin/../lib/gcc/avr/4.4.3/avr5\libgcc.a(_thenan_sf.o)
 .debug_pubnames
                0x00001051       0x24 c:/program files/atmel/avr tools/avr toolchain/bin/../lib/gcc/avr/4.4.3/avr5\libgcc.a(_usi_to_sf.o)
 .debug_pubnames
                0x00001075       0x1f c:/program files/atmel/avr tools/avr toolchain/bin/../lib/gcc/avr/4.4.3/avr5\libgcc.a(_clzsi2.o)
 .debug_pubnames